===== 새 비용 기준으로 사이트 문구 갱신 =====
조정매집          검증2023~26         24  +6.89%  +7.44%   83%   5.13  -25.3%   +2.4%   10
조정매집          기준2016~           97 +10.18%  +7.76%   72%   5.55  -25.3%   +4.9%   37

폭락반등          스트레스2005~15       46  +0.63%  -4.81%   43%   1.07  -35.8%   -4.6%    7
폭락반등          학습2016~22        178 +26.22% +20.59%   93%  31.11  -53.5%   +6.2%   17
폭락반등          검증2023~26         25 +21.93% +19.75%   80%  12.31  -23.5%  +12.6%    4
폭락반등          기준2016~          203 +25.70% +20.45%   92%  26.63  -53.5%  +11.0%   21

업종붕괴 이탈       스트레스2005~15      579  +1.93%  +0.38%   52%   1.31  -25.2%   -0.8%   21
업종붕괴 이탈       학습2016~22        545  +6.02%  +7.50%   62%   2.16  -31.5%   +5.6%    8
업종붕괴 이탈       검증2023~26        209  +5.19%  +2.29%   58%   2.39  -19.1%   +4.9%    2
업종붕괴 이탈       기준2016~          754  +5.79%  +6.47%   61%   2.21  -31.5%   +5.3%   10

깊은 이격         스트레스2005~15      545  +2.75% -10.25%   41%   1.46  -20.1%   +0.8%   16
깊은 이격         학습2016~22        537  +5.51%  +2.25%   51%   2.08  -26.4%   +4.3%   17
깊은 이격         검증2023~26         81  +6.75%  +1.70%   53%   2.47  -21.6%   +6.5%    2
깊은 이격         기준2016~          618  +5.67%  +1.72%   51%   2.13  -26.4%   +4.5%   19

자사주 낙폭        스트레스2005~15      185  +4.66%  +4.03%   62%   2.25  -51.0%   +1.9%   49
자사주 낙폭        학습2016~22        172 +10.92%  +5.80%   74%   8.01  -28.8%   +1.6%   36
자사주 낙폭        검증2023~26         30  +6.66%  +4.94%   67%   5.10   -9.6%   +3.6%   11
자사주 낙폭        기준2016~          202 +10.29%  +5.46%   73%   7.56  -28.8%   +2.6%   47

낙폭과대          스트레스2005~15       10 +16.95% +14.21%   60%   3.86  -18.7%   +2.6%    5
낙폭과대          학습2016~22        135 +36.81% +32.21%   96% 110.91  -21.1%  +19.1%    7
낙폭과대          검증2023~26         23 +37.09% +34.08%   96%  38.09  -23.0%   +8.3%    2
낙폭과대          기준2016~          158 +36.85% +32.28%   96%  86.36  -23.0%  +21.2%    9

저PBR 낙폭       스트레스2005~15        8 +27.79% +33.78%   62%   9.29  -14.2%   +2.6%    6
저PBR 낙폭       학습2016~22         58 +60.86% +54.28%   88%  24.46  -97.0%   -0.7%   11
저PBR 낙폭       검증2023~26         19 +16.53% +14.81%   74%  11.40   -9.5%   +4.3%    6
저PBR 낙폭       기준2016~           77 +49.92% +33.42%   84%  22.28  -97.0%   +7.6%   17

→ data/stats_2016.json 저장

연도별 (2016~) 건수·평균·승률
  외인 매집         2016:7건 -2.5%(43%) · 2017:5건 -2.7%(20%) · 2018:7건 +1.2%(43%) · 2019:3건 +11.1%(33%) · 2020:28건 +18.9%(79%) · 2021:38건 +10.1%(55%) · 2022:2건 +2.2%(50%) · 2023:12건 +17.7%(58%) · 2024:11건 +15.9%(64%) · 2025:31건 +14.7%(71%) · 2026:28건 +26.0%(71%)
  조용한 신고가       2020:11건 +18.5%(82%) · 2021:17건 +5.2%(65%) · 2023:8건 +10.4%(75%) · 2024:22건 +2.1%(55%) · 2025:2건 +1.0%(50%)
  조정매집          2016:9건 -0.4%(56%) · 2017:1건 -6.2%(0%) · 2018:9건 +8.2%(78%) · 2019:9건 +14.6%(89%) · 2020:15건 +29.7%(87%) · 2021:8건 +5.3%(62%) · 2022:22건 +6.3%(55%) · 2023:2건 +7.1%(100%) · 2024:20건 +7.7%(85%) · 2025:1건 +6.8%(100%) · 2026:1건 -9.6%(0%)
  폭락반등          2016:4건 +4.6%(50%) · 2017:1건 +0.7%(100%) · 2018:40건 +14.0%(92%) · 2019:11건 +15.8%(100%) · 2020:112건 +34.3%(96%) · 2021:2건 +1.4%(50%) · 2022:8건 +8.4%(75%) · 2023:2건 +9.5%(50%) · 2024:3건 +19.9%(100%) · 2026:20건 +23.5%(80%)
  업종붕괴 이탈       2016:2건 -1.3%(50%) · 2018:10건 +21.2%(100%) · 2020:495건 +5.7%(60%) · 2021:1건 +10.6%(100%) · 2022:37건 +5.8%(81%) · 2026:209건 +5.2%(58%)
  깊은 이격         2016:1건 +6.6%(100%) · 2018:39건 +15.1%(79%) · 2019:6건 +4.3%(83%) · 2020:457건 +4.5%(46%) · 2021:6건 +6.9%(50%) · 2022:28건 +7.9%(93%) · 2026:81건 +6.7%(53%)
  자사주 낙폭        2016:15건 +5.7%(67%) · 2017:2건 +0.8%(50%) · 2018:23건 +3.0%(57%) · 2019:12건 -0.1%(50%) · 2020:77건 +21.2%(88%) · 2021:17건 +1.1%(65%) · 2022:26건 +2.6%(73%) · 2023:4건 +2.9%(50%) · 2024:19건 +7.4%(74%) · 2026:7건 +6.9%(57%)
  낙폭과대          2016:2건 +4.3%(50%) · 2018:29건 +24.6%(97%) · 2019:8건 +26.7%(88%) · 2020:92건 +43.3%(99%) · 2022:4건 +11.8%(75%) · 2024:7건 +8.3%(86%) · 2026:16건 +49.7%(100%)
  저PBR 낙폭       2016:1건 -97.0%(0%) · 2017:1건 -6.6%(0%) · 2018:7건 +18.3%(86%) · 2019:1건 -7.5%(0%) · 2020:42건 +83.2%(98%) · 2022:6건 +3.1%(67%) · 2023:2건 +10.1%(100%) · 2024:5건 +8.0%(60%) · 2026:12건 +21.2%(75%)
stats 블록 9개 · desc 머리말 0개 갱신
## 6) 화면
    ✅ JS 문법 정상
    ✅ 휴장일 목록에 앞으로의 날짜 8건 — 매도일 추정에 쓴다

============================================================
✅ 전체 통과
