===== 업종 유효율 (보강 후) =====
Traceback (most recent call last):
  File "<stdin>", line 5, in <module>
  File "C:\Users\bamhobak\AppData\Local\Python\pythoncore-3.14-64\Lib\site-packages\pandas\core\groupby\groupby.py", line 1365, in __getattr__
    raise AttributeError(
        f"'{type(self).__name__}' object has no attribute '{attr}'"
    )
AttributeError: 'DataFrameGroupBy' object has no attribute 'sr60'. Did you mean: 'sr20'?

===== 9규칙 21년 재측정 (업종 보강 후) =====
  패널: panel_kp.pkl / panel_kq.pkl

     규칙                               2005~07                   2008~09                   2010~12                   2013~17                   2018~22                   2023~26
  ---------------------------------------------------------------------------------------------
  P1 외인 매집              32건   +2.43% 승 47%     27건   +4.22% 승 48%     26건   -0.30% 승 50%     45건   +6.74% 승 56%     77건  +11.92% 승 61%     82건  +19.08% 승 68%
  P2 조용한 신고가            13건   +1.65% 승 46%     13건   -3.41% 승 38%     18건   -4.35% 승 22%      6건   -2.86% 승 33%     28건  +10.28% 승 71%     32건   +3.98% 승 59%
  P3 업종붕괴 이탈             3건   +4.32% 승 67%    504건   +1.13% 승 49%     61건   +5.35% 승 69%      4건   +6.02% 승 75%    512건   +5.45% 승 62%    209건   +4.99% 승 57%
  P4 깊은 이격              10건   +4.94% 승 70%    455건   +2.38% 승 37%     58건   +4.63% 승 64%      4건   +5.45% 승 75%    510건   +4.94% 승 51%     81건   +6.58% 승 53%
  P5 폭락반등                             신호 없음     30건   -1.37% 승 37%      7건   +1.89% 승 57%     11건  +12.04% 승 73%    159건  +26.86% 승 92%     26건  +19.95% 승 77%
  P6 조정매집                2건  +14.35% 승100%      2건  +14.45% 승 50%      2건   +6.96% 승100%     13건   -1.73% 승 46%     62건  +12.61% 승 71%     24건   +6.40% 승 83%
  D1 낙폭과대                             신호 없음      5건  +18.50% 승 60%      2건   +0.83% 승 50%      4건  +22.97% 승 75%    131건  +37.09% 승 97%     23건  +36.67% 승 96%
  D2 저PBR 낙폭                          신호 없음                   신호 없음      2건   -6.76% 승  0%      7건   +8.96% 승 57%     56건  +65.46% 승 93%     19건  +16.08% 승 74%
  A1 자사주 낙폭             46건   +1.89% 승 52%     73건   +5.70% 승 55%     43건   +3.61% 승 67%     42건   +5.24% 승 71%    159건  +10.85% 승 72%     30건   +6.28% 승 67%

  연도별 (건수 · 평균 · 승률)
  P1 외인 매집          2006:10건 -7.5%(30%) · 2007:22건 +7.0%(55%) · 2009:27건 +4.2%(48%) · 2010:14건 +2.0%(64%) · 2011:11건 -6.2%(27%) · 2012:1건 +32.1%(100%) · 2013:10건 -2.5%(40%) · 2014:10건 +5.9%(70%) · 2015:13건 +24.3%(77%) · 2016:7건 -4.6%(43%) · 2017:5건 -2.8%(20%) · 2018:6건 -4.2%(33%) · 2019:3건 +11.0%(33%) · 2020:28건 +18.8%(79%) · 2021:38건 +10.0%(55%) · 2022:2건 +2.1%(50%) · 2023:12건 +17.9%(58%) · 2024:11건 +15.8%(64%) · 2025:31건 +14.6%(71%) · 2026:28건 +25.9%(71%)
  P2 조용한 신고가        2006:8건 +3.0%(50%) · 2007:5건 -0.5%(40%) · 2008:2건 +0.3%(50%) · 2009:11건 -4.1%(36%) · 2010:7건 -4.8%(14%) · 2011:7건 -4.9%(14%) · 2012:4건 -2.5%(50%) · 2013:6건 -2.9%(33%) · 2020:11건 +18.4%(82%) · 2021:17건 +5.0%(65%) · 2023:8건 +10.3%(75%) · 2024:22건 +2.0%(55%) · 2025:2건 +0.9%(50%)
  P3 업종붕괴 이탈        2006:2건 +7.1%(100%) · 2007:1건 -1.3%(0%) · 2008:504건 +1.1%(49%) · 2010:4건 +9.2%(25%) · 2011:55건 +5.2%(71%) · 2012:2건 +2.6%(100%) · 2015:2건 +13.6%(100%) · 2016:2건 -1.5%(50%) · 2018:9건 +21.7%(100%) · 2020:467건 +5.1%(59%) · 2021:1건 +10.5%(100%) · 2022:35건 +6.2%(83%) · 2026:209건 +5.0%(57%)
  P4 깊은 이격          2006:9건 +6.7%(78%) · 2007:1건 -10.9%(0%) · 2008:455건 +2.4%(37%) · 2010:2건 -10.7%(0%) · 2011:56건 +5.2%(66%) · 2015:3건 +5.2%(67%) · 2016:1건 +6.3%(100%) · 2018:39건 +14.9%(79%) · 2019:6건 +4.0%(67%) · 2020:432건 +3.9%(45%) · 2021:6건 +6.6%(50%) · 2022:27건 +7.5%(93%) · 2026:81건 +6.6%(53%)
  P5 폭락반등           2008:30건 -1.4%(37%) · 2011:4건 -3.5%(25%) · 2012:3건 +9.1%(100%) · 2015:6건 +19.2%(83%) · 2016:4건 +4.3%(50%) · 2017:1건 +0.2%(100%) · 2018:36건 +15.4%(92%) · 2019:9건 +17.4%(100%) · 2020:105건 +33.4%(94%) · 2021:2건 +1.0%(50%) · 2022:7건 +7.0%(71%) · 2023:2건 +9.3%(50%) · 2024:4건 +8.7%(75%) · 2026:20건 +23.3%(80%)
  P6 조정매집           2006:2건 +14.3%(100%) · 2008:2건 +14.4%(50%) · 2010:1건 +1.4%(100%) · 2011:1건 +12.5%(100%) · 2014:2건 -4.1%(0%) · 2015:2건 -1.3%(50%) · 2016:8건 -0.6%(62%) · 2017:1건 -6.5%(0%) · 2018:10건 +6.7%(80%) · 2019:9건 +14.1%(89%) · 2020:15건 +29.3%(87%) · 2021:8건 +4.9%(62%) · 2022:20건 +5.5%(50%) · 2023:2건 +6.7%(100%) · 2024:20건 +7.2%(85%) · 2025:1건 +6.3%(100%) · 2026:1건 -10.2%(0%)
  D1 낙폭과대           2008:5건 +18.5%(60%) · 2012:2건 +0.8%(50%) · 2015:2건 +42.0%(100%) · 2016:2건 +3.9%(50%) · 2018:28건 +24.5%(96%) · 2019:8건 +26.3%(88%) · 2020:91건 +43.1%(99%) · 2022:4건 +11.4%(75%) · 2024:7건 +8.0%(86%) · 2026:16건 +49.2%(100%)
  D2 저PBR 낙폭        2011:1건 -9.1%(0%) · 2012:1건 -4.4%(0%) · 2013:1건 +40.6%(100%) · 2014:1건 -14.6%(0%) · 2015:3건 +47.0%(100%) · 2016:1건 -97.4%(0%) · 2017:1건 -7.0%(0%) · 2018:7건 +17.8%(86%) · 2019:1건 -8.0%(0%) · 2020:43건 +82.1%(98%) · 2022:5건 +3.6%(80%) · 2023:2건 +9.7%(100%) · 2024:5건 +7.6%(60%) · 2026:12건 +20.7%(75%)
  A1 자사주 낙폭         2005:4건 +0.0%(50%) · 2006:30건 +0.4%(47%) · 2007:12건 +6.3%(67%) · 2008:70건 +5.7%(53%) · 2009:3건 +5.2%(100%) · 2010:4건 +0.6%(75%) · 2011:26건 +4.9%(69%) · 2012:13건 +2.0%(62%) · 2013:8건 +2.7%(75%) · 2014:7건 +7.5%(86%) · 2015:10건 +6.5%(80%) · 2016:15건 +5.4%(60%) · 2017:2건 +0.3%(50%) · 2018:27건 +1.9%(56%) · 2019:12건 -0.4%(50%) · 2020:77건 +20.9%(86%) · 2021:17건 +0.7%(53%) · 2022:26건 +2.2%(73%) · 2023:4건 +2.4%(50%) · 2024:19건 +7.0%(74%) · 2026:7건 +6.5%(57%)

===== 계좌 21년 (업종 보강 후) =====
  규칙별 신호: 업종붕괴 이탈 4568 깊은 이격 3618 외인 매집 2857 조용한 신고가 553 폭락반등 488 자사주 낙폭 403 낙폭과대 311 조정매집 182 저PBR 낙폭 107

구간                 연수       자산      연복리      최대낙폭     거래  규칙별 기여(상위 3)
--------------------------------------------------------------------------------------------------------
2005~2007         3.0    1.32배     9.6%     -3.3%    445  외인 매집 +13 · 자사주 낙폭 +10 · 조정매집 +5
2008~2009 위기      2.0    1.16배     7.3%    -11.3%   4031  조정매집 +4 · 자사주 낙폭 +4 · 폭락반등 +3
2010~2012         3.0    0.99배    -0.3%     -8.6%    578  자사주 낙폭 +4 · 조정매집 +2 · 깊은 이격 +2
2013~2017         5.0    1.31배     5.6%     -4.7%    612  외인 매집 +14 · 저PBR 낙폭 +9 · 자사주 낙폭 +7
2018~2022         5.0    3.05배    24.9%     -8.0%   5701  조정매집 +68 · 조용한 신고가 +42 · 외인 매집 +34
2023~2026         3.6    2.09배    22.5%     -4.6%   1720  외인 매집 +44 · 조용한 신고가 +30 · 낙폭과대 +14
전체 2005~         21.7   11.69배    12.0%    -13.6%  13087  외인 매집 +326 · 조용한 신고가 +222 · 조정매집 +153

연도별 계좌 수익률(중앙값)
  2005:-0.1% · 2006:+11.9% · 2007:+17.5% · 2008:+4.7% · 2009:+3.1% · 2010:-6.4% · 2011:+0.6% · 2012:+2.7% · 2013:-0.3% · 2014:+5.4% · 2015:+27.9% · 2016:-0.9% · 2017:-1.1% · 2018:+11.6% · 2019:+14.9% · 2020:+31.9% · 2021:+44.2% · 2022:+23.2% · 2023:+11.7% · 2024:+45.0% · 2025:+5.0% · 2026:+24.6%
