2026-09-05 17:14:22 === 보조자료 과거 백필 시작 (잠금 .backfill_lock) ===
2026-09-05 17:14:22 [1] 신용잔고 2008~ 코스피 시작
2026-09-05 17:26:50 === 보조자료 과거 백필 시작 (잠금 .backfill_lock) ===
2026-09-05 17:26:50 [2] 밸류에이션 2005~ 시작
2026-09-05 17:49:16 [1] 신용잔고 2008~ 코스피 완료 (0.6시간) 2026-09-05 17:48:39,364 INFO [credit] 400/408 (389,378행, 33.6분, 남은 1분)
[credit] 3,347,228행 · 2914종목 · 20080102~20260902
2026-09-05 17:49:16 [1] 신용잔고 2008~ 코스닥 시작
2026-09-05 19:03:08 === 보조자료 과거 백필 시작 (잠금 .backfill_lock) ===
2026-09-05 19:03:08 [1] 신용잔고 2008~ 코스피 시작
2026-09-05 19:03:14 === 보조자료 과거 백필 시작 (잠금 .backfill_lock) ===
2026-09-05 19:03:14 [2] 밸류에이션 2005~ 시작
2026-09-05 21:15:42 === 보조자료 과거 백필 시작 (잠금 .backfill_lock) ===
2026-09-05 21:15:42 [1] 신용잔고 2008~ 코스피 시작
2026-09-05 21:16:08 === 보조자료 과거 백필 시작 (잠금 .backfill_lock) ===
2026-09-05 21:16:08 [2] 밸류에이션 2005~ 시작
2026-09-05 21:57:03 [1] 신용잔고 2008~ 코스피 실패 rc=1
    con.executemany(f"INSERT OR {verb} INTO {S['table']} (date,ticker,{','.join(CN)}) VALUES ({ph})", rows)
    ~~~~~~~~~~~~~~~^^^^^^^^^^^^^^^^^^^^^^^^^^^^^^^^^^^^^^^^^^^^^^^^^^^^^^^^^^^^^^^^^^^^^^^^^^^^^^^^^^^^^^^^
sqlite3.DatabaseError: database disk image is malformed
2026-09-05 21:57:03 [1] 신용잔고 2008~ 코스닥 시작
2026-09-05 21:57:17 [1] 신용잔고 2008~ 코스닥 실패 rc=1
        f"SELECT ticker FROM {S['table']} WHERE date < ? GROUP BY ticker", (FILL,))}
        ^^^^^^^^^^^^^^^^^^^^^^^^^^^^^^^^^^^^^^^^^^^^^^^^^^^^^^^^^^^^^^^^^^^^^^^^^^^
sqlite3.DatabaseError: database disk image is malformed
2026-09-05 21:57:17 === 끝 (0.7시간) · 실패 2건 신용잔고 2008~ 코스피, 신용잔고 2008~ 코스닥 ===
2026-09-05 21:57:17   credit: database disk image is malformed
2026-09-05 21:58:14   fundamental     11,139,362행  20050103~20260904
2026-09-05 21:58:14   short_volume: no such table: short_volume
2026-09-05 21:58:14   short_balance    5,299,975행  20180102~20260831
2026-09-05 21:58:14   data/index_members.db (없음)
2026-09-05 22:04:43 === 보조자료 과거 백필 시작 (잠금 .backfill_lock) ===
2026-09-05 22:04:43 [1] 신용잔고 2008~ 코스피 시작
2026-09-05 22:29:01 [2] 밸류에이션 2005~ 완료 (1.2시간) 2026-09-05 22:25:42,915 INFO   [fund] 1,800/1,882 (1,780,662행, 70분, 남은 3분)
2026-09-05 22:29:00,847 INFO [fund] 완료 11,946,174행 · 3771종목 · 20050103~20260904
2026-09-05 22:29:01 [3] 공매도 거래량 2005~ 시작
2026-09-05 22:55:47 === 보조자료 과거 백필 시작 (잠금 .backfill_lock) ===
2026-09-05 22:55:47 [1] 신용잔고 2008~ 코스피 시작
2026-09-05 23:26:05 [1] 신용잔고 2008~ 코스피 완료 (0.5시간) 2026-09-05 23:25:41,978 INFO [credit] 475/499 (334,122행, 29.2분, 남은 1분)
[credit] 5,652,226행 · 2916종목 · 20080102~20260902
2026-09-05 23:26:05 [1] 신용잔고 2008~ 코스닥 시작
2026-09-06 01:38:32 [1] 신용잔고 2008~ 코스닥 완료 (2.2시간) 2026-09-06 01:38:17,925 INFO [credit] 1650/1660 (1,532,344행, 132.2분, 남은 1분)
[credit] 7,186,157행 · 2916종목 · 20080102~20260902
2026-09-06 01:38:32 === 끝 (2.7시간) · 실패 0건 없음 ===
2026-09-06 01:38:33   credit           7,186,157행  20080102~20260902
2026-09-06 01:38:34   fundamental     11,946,174행  20050103~20260904
2026-09-06 01:38:35   short_volume     5,560,586행  20050103~20160212
2026-09-06 01:39:58   short_balance: database is locked
2026-09-06 01:39:58   data/index_members.db (없음)
2026-09-06 04:32:39 [3] 공매도 거래량 2005~ 완료 (6.1시간) 2026-09-06 04:32:15,359 INFO   [shortvol] 11,300/11,310 (12,223,559행, 363분, 남은 0분)
2026-09-06 04:32:38,944 INFO [shortvol] 완료 12,237,384행 · 3926종목 · 20050103~20260904
2026-09-06 04:32:39 [4] 공매도 잔고 2016~ 시작
2026-09-06 04:57:30 [4] 공매도 잔고 2016~ 완료 (0.4시간) 2026-09-06 04:57:27,768 INFO "None of [Index(['ISU_CD', 'BAL_QTY', 'LIST_SHRS', 'BAL_AMT', 'MKTCAP', 'BAL_RTO'], dtype='object')] are in the [columns]"
2026-09-06 04:57:30,235 INFO [shortbal] 완료 6,077
2026-09-06 04:57:30 [5] 지수 편입 2014~ 시작
2026-09-06 06:42:05 [5] 지수 편입 2014~ 완료 (1.7시간) 6   코스피소형  77  38833
7   코스피중형  77  15365
2026-09-06 06:42:05 === 끝 (9.4시간) · 실패 0건 없음 ===
2026-09-06 06:42:06   credit           7,186,157행  20080102~20260902
2026-09-06 06:42:07   fundamental     11,946,174행  20050103~20260904
2026-09-06 06:42:08   short_volume    12,237,384행  20050103~20260904
2026-09-06 06:42:09   short_balance    6,077,421행  20160630~20260831
2026-09-06 06:42:09   members            183,448행  20180201~20260901
