볼린저 평균회귀 신호 3,113건 (코스피 2016~)

① 같은 종목·같은 날 다른 규칙도 신호를 냈나
  조용한 신고가      겹침     0건 (  0.0%)
  조정매집         겹침    26건 (  0.8%)
  폭락반등         겹침    91건 (  2.9%)
  업종붕괴 이탈      겹침   138건 (  4.4%)
  깊은 이격        겹침   110건 (  3.5%)
  외인 매집        겹침     0건 (  0.0%)
  ── 하나라도 겹치는 것 216건 (6.9%) · 어디에도 안 겹치는 것 2,897건

② 겹침 여부별 성적 (20일 보유)
  전체                                 2874건  +4.17%(초과+1.24)  +1.0 학  +4.0 검  +4.7/ +2.2
  다른 규칙과 겹치는 것                        205건 +40.41%(초과+12.13) +36.6 학 +43.0 검 +22.6/ -1.2
  어디에도 안 겹치는 것                       2698건  +1.96%(초과+0.61)  +0.4 학  +1.4 검  +3.9/ +2.1

③ 조이기 후보 (겹치지 않는 영역으로 밀기)
  + 20일 낙폭 -15% 이상(얕은 하락)        신호  2047 · 겹침    0%                                     1940건  -0.19%(초과-0.07)  -0.6 학  -1.3 검  +3.2/ +1.3
  + 20일 낙폭 -10% 이상               신호  1466 · 겹침    0%                                     1411건  -0.48%(초과-0.22)  -0.9 학  -1.5 검  +2.6/ +0.5
  + 25일선 이격 -15% 이상(얕음)          신호  2400 · 겹침    0%                                     2266건  +0.21%(초과+0.07)  -0.3 학  -0.9 검  +3.9/ +2.0
  + 업종 60일 -10% 이상(업종 멀쩡)        신호  1665 · 겹침    0%                                     1581건  -0.92%(초과-0.64)  -1.1 학  -2.2 검  +2.9/ +0.6
  + 시총 1조 이상                     신호   849 · 겹침    6%                                      782건  +3.11%(초과+0.87)  +1.4 학  +1.3 검  +7.8/ +4.2
  + 거래대금 100억 이상                 신호   617 · 겹침    8%                                      570건  +4.18%(초과+1.15)  +1.6 학  +3.0 검  +8.0/ +3.4
  + 외국인 60일 ≥1                   신호   959 · 겹침   11%                                      902건  +3.89%(초과+0.99)  +1.0 학  +3.2 검  +6.5/ +2.6
