================================================================================================================================================================
[코스피] 숫자 = 전체평균(유니버스대비초과)중앙 · 학습평균 · 검증평균/CI하한
================================================================================================================================================================
  전략                                 신호                              n5                             n10                             n20
  ── ① 평균 회귀(밴드 밖 → 안으로 복귀) ──
  하단 이탈 후 복귀                      38999 -0.01%(+0.36)  -0.5 학 -0.1 검 +0.3/ -0.4  +0.17%(+0.34)  -0.7 학 -0.0 검 +0.6/ -0.6  +0.07%(+0.11)  -1.1 학 -0.3 검 +0.8/ -0.7 
    + 거래량 1.5배↑                    5072 +0.68%(+0.54)  -0.3 학 +0.6 검 +0.9/ -0.1  +1.42%(+0.72)  -0.2 학 +1.3 검 +1.7/ +0.0  +2.06%(+0.37)  -0.3 학 +2.3 검 +1.4/ -0.7 
    + 하락장                         22630 +0.42%(+0.70)  -0.1 학 +0.1 검 +1.4/ +0.6  +0.86%(+0.74)  -0.2 학 +0.3 검 +2.7/ +1.4  +0.79%(+0.48)  -0.7 학 -0.2 검 +3.6/ +1.6 
  상단 이탈 후 복귀(역)                   46381 -0.78%(-0.04)  -1.4 학 -0.8 검 -0.8/ -1.1  -0.18%(+0.26)  -1.7 학 -0.7 검 +0.8/ -1.0  -0.44%(-0.40)  -2.4 학 -0.4 검 -0.5/ -1.5 
  ── ② 스퀴즈 → 확장 ──
  밴드폭 하위10% → 상단돌파                13467 -0.95%(-0.13)  -1.6 학 -1.0 검 -0.9/ -1.2  -1.01%(-0.39)  -1.9 학 -1.1 검 -0.8/ -1.4  -0.99%(-0.68)  -2.6 학 -1.1 검 -0.7/ -1.7 
  밴드폭 하위20% → 상단돌파                23110 -0.91%(-0.10)  -1.6 학 -0.9 검 -0.9/ -1.2  -0.92%(-0.33)  -1.9 학 -1.0 검 -0.8/ -1.4  -0.82%(-0.62)  -2.5 학 -0.9 검 -0.6/ -1.5 
  밴드폭 하위10% → 중앙선상향               17702 -0.70%(+0.06)  -1.1 학 -0.6 검 -0.9/ -1.2  -0.63%(-0.04)  -1.3 학 -0.6 검 -0.7/ -1.3  -0.74%(-0.47)  -1.9 학 -0.8 검 -0.6/ -1.6 
    + 거래량 2배↑                      7174 -1.13%(-0.28)  -1.9 학 -1.1 검 -1.1/ -1.6  -1.22%(-0.57)  -2.2 학 -1.3 검 -1.1/ -1.8  -1.16%(-0.79)  -3.2 학 -1.2 검 -1.0/ -2.1 
  ── ③ W 패턴(쌍바닥 + 중앙선 돌파) ──
  하단이탈 2회+ · 저점상승 · 중앙선↑           6833 -0.50%(+0.07)  -1.0 학 -0.4 검 -0.8/ -1.3  -0.09%(-0.03)  -0.8 학 +0.1 검 -0.6/ -1.4  +0.37%(-0.32)  -0.7 학 +0.5 검 +0.1/ -1.2 
    + 거래량 1.5배↑                    1301 -0.34%(+0.20)  -1.4 학 -0.1 검 -1.0/ -1.9  -0.27%(+0.02)  -1.6 학 -0.0 검 -0.8/ -2.2  -0.02%(-0.28)  -1.4 학 +0.1 검 -0.3/ -2.0 
  ── ④ 밴드 워킹(상단 타기) ──
  %b>0.8 이 3일 연속                 163045 -0.81%(-0.12)  -1.4 학 -0.9 검 -0.7/ -1.0  -0.69%(-0.25)  -1.7 학 -0.7 검 -0.6/ -1.2  -0.29%(-0.38)  -2.3 학 -0.3 검 -0.3/ -1.3 
  상단 이탈(%b>1)                     91890 -1.02%(-0.33)  -1.7 학 -1.0 검 -1.0/ -1.3  -0.97%(-0.51)  -2.0 학 -1.0 검 -1.0/ -1.6  -0.70%(-0.71)  -2.7 학 -0.7 검 -0.6/ -1.7 
  ── ⑤ 조합: 평균회귀 + 우리 재료 ──
  복귀 + 외국인60일≥1                   12165 +0.34%(+0.67)  -0.5 학 +0.3 검 +0.5/ -0.4  +0.52%(+0.70)  -0.8 학 +0.3 검 +1.0/ -0.3  +0.65%(+0.61)  -1.1 학 +0.3 검 +1.5/ -0.3 
  복귀 + 공매도감소                      19398 +0.48%(+0.62)  -0.3 학 +0.6 검 +0.3/ -0.3  +0.92%(+0.70)  -0.4 학 +1.1 검 +0.5/ -0.7  +1.20%(+0.60)  -0.7 학 +1.4 검 +0.7/ -0.8 
  복귀 + 하락장 + 거래량1.5배               3113 +1.46%(+0.82)  +0.4 학 +1.2 검 +2.6/ +1.4  +2.70%(+1.15)  +0.7 학 +2.3 검 +4.3/ +2.1  +4.17%(+1.24)  +1.0 학 +4.0 검 +4.7/ +2.2 
  스퀴즈돌파 + 상승장                     10320 -0.90%(-0.10)  -1.6 학 -0.9 검 -0.9/ -1.2  -0.87%(-0.27)  -2.0 학 -0.9 검 -0.7/ -1.3  -0.73%(-0.53)  -2.6 학 -0.8 검 -0.6/ -1.7 

================================================================================================================================================================
[코스닥] 숫자 = 전체평균(유니버스대비초과)중앙 · 학습평균 · 검증평균/CI하한
================================================================================================================================================================
  전략                                 신호                              n5                             n10                             n20
  ── ① 평균 회귀(밴드 밖 → 안으로 복귀) ──
  하단 이탈 후 복귀                      60206 -0.05%(+0.03)  -0.7 학 -0.2 검 +0.2/ -0.7  +0.81%(+0.61)  -1.0 학 +1.1 검 +0.3/ -1.5  +0.96%(+0.15)  -1.5 학 +1.5 검 +0.1/ -2.2 
    + 거래량 1.5배↑                    7517 +0.59%(+0.27)  -0.6 학 +0.6 검 +0.7/ -0.5  +1.59%(+0.42)  -0.7 학 +1.8 검 +1.0/ -0.9  +2.47%(+0.01)  -0.8 학 +3.6 검 +0.1/ -2.3 
    + 하락장                         33401 +0.52%(+0.29)  -0.1 학 +0.1 검 +1.8/ +0.3  +1.41%(+0.54)  -0.1 학 +0.7 검 +3.5/ +1.2  +1.72%(+0.25)  -0.6 학 +1.1 검 +3.6/ +0.6 
  상단 이탈 후 복귀(역)                   73099 -0.85%(-0.06)  -1.9 학 -0.8 검 -0.9/ -1.3  -0.22%(+0.18)  -2.2 학 -0.4 검 +0.1/ -1.2  -0.39%(-0.39)  -3.5 학 -0.1 검 -1.0/ -2.2 
  ── ② 스퀴즈 → 확장 ──
  밴드폭 하위10% → 상단돌파                19863 -1.42%(-0.61)  -2.2 학 -1.4 검 -1.4/ -1.9  -1.20%(-0.76)  -2.6 학 -1.1 검 -1.4/ -2.1  -1.14%(-1.15)  -3.9 학 -1.2 검 -1.1/ -2.3 
  밴드폭 하위20% → 상단돌파                33835 -1.36%(-0.55)  -2.2 학 -1.3 검 -1.4/ -1.8  -1.06%(-0.59)  -2.5 학 -0.9 검 -1.3/ -1.9  -1.05%(-1.04)  -3.9 학 -1.0 검 -1.2/ -2.3 
  밴드폭 하위10% → 중앙선상향               25733 -0.88%(-0.18)  -1.6 학 -0.7 검 -1.2/ -1.6  -0.93%(-0.49)  -2.1 학 -0.7 검 -1.3/ -2.1  -0.69%(-0.80)  -3.1 학 -0.5 검 -1.1/ -2.3 
    + 거래량 2배↑                     12754 -1.45%(-0.63)  -2.4 학 -1.4 검 -1.5/ -2.0  -1.24%(-0.82)  -2.8 학 -1.1 검 -1.5/ -2.2  -1.17%(-1.19)  -4.2 학 -1.1 검 -1.3/ -2.6 
  ── ③ W 패턴(쌍바닥 + 중앙선 돌파) ──
  하단이탈 2회+ · 저점상승 · 중앙선↑          10422 -0.58%(-0.14)  -1.4 학 -0.3 검 -1.1/ -1.8  -0.11%(-0.19)  -1.0 학 +0.3 검 -1.0/ -2.0  +0.98%(+0.04)  -0.8 학 +1.4 검 +0.0/ -1.7 
    + 거래량 1.5배↑                    2597 -0.74%(-0.21)  -1.8 학 -0.6 검 -1.1/ -2.1  -0.94%(-0.76)  -1.8 학 -0.7 검 -1.3/ -2.8  -0.45%(-0.91)  -2.1 학 -0.5 검 -0.4/ -2.9 
  ── ④ 밴드 워킹(상단 타기) ──
  %b>0.8 이 3일 연속                 242957 -1.10%(-0.35)  -2.0 학 -1.1 검 -1.1/ -1.5  -0.76%(-0.40)  -2.3 학 -0.6 검 -1.0/ -1.7  -0.51%(-0.63)  -3.5 학 -0.2 검 -1.1/ -2.2 
  상단 이탈(%b>1)                    144073 -1.35%(-0.62)  -2.5 학 -1.3 검 -1.4/ -1.9  -1.06%(-0.67)  -2.8 학 -0.9 검 -1.3/ -2.1  -0.86%(-0.99)  -4.1 학 -0.6 검 -1.4/ -2.6 
  ── ⑤ 조합: 평균회귀 + 우리 재료 ──
  복귀 + 외국인60일≥1                   15108 -0.01%(-0.07)  -0.8 학 -0.3 검 +0.6/ -0.6  +0.12%(-0.08)  -1.1 학 -0.3 검 +0.8/ -1.5  +0.44%(-0.46)  -1.5 학 +0.3 검 +0.6/ -2.2 
  복귀 + 공매도감소                      22583 +0.34%(+0.11)  -0.7 학 +0.4 검 +0.2/ -0.9  +2.31%(+1.55)  -0.8 학 +3.5 검 +0.1/ -2.0  +2.80%(+1.06)  -1.1 학 +4.3 검 -0.1/ -2.9 
  복귀 + 하락장 + 거래량1.5배               4448 +1.56%(+0.64)  +0.3 학 +1.3 검 +2.6/ +0.6  +3.38%(+1.02)  +0.8 학 +3.1 검 +4.4/ +1.4  +5.15%(+1.08)  +1.0 학 +5.6 검 +3.6/ +0.9 
  스퀴즈돌파 + 상승장                     15576 -1.30%(-0.53)  -2.2 학 -1.3 검 -1.4/ -1.8  -1.11%(-0.76)  -2.6 학 -1.0 검 -1.4/ -2.0  -0.81%(-1.07)  -3.7 학 -0.8 검 -0.8/ -2.0 

