상승장 종목-일 477,251 (전체 790,644 중 60%)

  재료                      구간            Q1        Q2        Q3        Q4        Q5    Q5-Q1  판정
  --------------------------------------------------------------------------------------------------------------
  외국인 60일 순매수비율           학습        +0.01%    -0.09%    -0.63%    +0.26%    +0.38%   +0.37  방향 불일치
                          검증        -0.42%    -0.71%    +0.66%    +0.10%    +0.43%   +0.86
  외국인 20일                 학습        +0.12%    -0.31%    -0.36%    +0.46%    +0.19%   +0.07  방향 불일치
                          검증        -0.43%    -0.73%    +0.28%    +0.46%    +0.40%   +0.83
  외국인 5일                  학습        +0.22%    -0.17%    -0.30%    +0.39%    -0.09%   -0.31  차이 없음
                          검증        -0.34%    +0.56%    -0.20%    -0.10%    +0.12%   +0.46
  외국인 지분율(수준)             학습        -0.40%    +0.66%    +0.31%    -0.20%    +0.69%   +1.09  ★ 두 구간 같은 방향
                          검증        -2.95%    -0.85%    +0.09%    +0.24%    +1.36%   +4.31
  외국인 지분율 20일 변화          학습        -0.01%    -0.05%    +0.14%    +0.22%    +0.68%   +0.69  ★ 두 구간 같은 방향
                          검증        -0.94%    -0.56%    -0.43%    +0.10%    +0.26%   +1.20
  지분율 60일 변화              학습        -0.18%    +0.02%    +0.20%    +0.09%    +0.81%   +0.99  ★ 두 구간 같은 방향
                          검증        -0.93%    -0.59%    -0.61%    -0.13%    +0.56%   +1.49
  당일 거래량 배수               학습        +0.18%    +0.10%    +0.25%    +0.03%    -0.56%   -0.74  방향 불일치
                          검증        -0.25%    -0.19%    +0.32%    +0.55%    -0.48%   -0.23
  2개월/1년 거래량비             학습        -0.22%    +0.16%    -0.16%    -0.16%    +0.29%   +0.51  방향 불일치
                          검증        +0.43%    +0.40%    +0.46%    -0.36%    -0.77%   -1.21
  3일/2개월 거래량비             학습        -0.18%    +0.28%    +0.28%    +0.14%    -0.61%   -0.43  방향 불일치
                          검증        -0.17%    -0.16%    +0.35%    +0.70%    -0.73%   -0.56
  공매도 잔고비율                학습        +0.15%    +0.08%    +0.21%    -0.10%    -0.30%   -0.46  방향 불일치
                          검증        +1.02%    +0.27%    -0.18%    -0.70%    -0.94%   -1.96
  공매도 잔고 20일 변화           학습        -0.05%    +0.30%    -0.11%    +0.15%    -0.32%   -0.27  방향 불일치
                          검증        -0.32%    +0.47%    +0.74%    +0.06%    -0.98%   -0.65
  프로그램 차익 20일              분위 부족
  프로그램 비차익 20일            학습        +0.19%    +0.51%    -0.11%    +0.57%    +0.81%   +0.62  방향 불일치
                          검증        -0.14%    -0.30%    -1.79%    +0.07%    +0.18%   +0.32
  대차잔고 20일 변화             학습        +0.18%    +0.36%    -0.05%    +0.20%    +0.04%   -0.14  차이 없음
                          검증        -0.32%    -0.08%    -0.49%    -0.05%    -0.61%   -0.29
  연기금 20일                 학습        +0.73%    +0.34%    -1.28%    +0.12%    +0.27%   -0.46  방향 불일치
                          검증        +0.54%    -0.08%    -0.89%    -0.03%    -0.13%   -0.67
  사모펀드 20일                학습        +0.43%    +0.23%    -1.05%    -0.20%    +0.68%   +0.25  차이 없음
                          검증        +0.48%    +0.11%    -0.66%    -0.94%    +0.39%   -0.10
  은행 20일                   분위 부족
  투신 20일                  학습        +0.64%    -0.05%    -1.03%    -0.02%    +0.51%   -0.13  차이 없음
                          검증        +0.50%    +0.16%    -1.13%    -0.32%    +0.20%   -0.29
  시장 공포탐욕                 학습        -0.00%    +0.00%    -0.00%    -0.00%    -0.00%   +0.00  차이 없음
                          검증        +0.00%    -0.00%    -0.00%    +0.00%    +0.00%   -0.00
  PER                      분위 부족
  시초가 갭                   학습        -0.05%    +0.20%    +0.48%    -0.02%    -0.48%   -0.43  차이 없음
                          검증        +0.01%    +0.10%    -0.29%    +0.47%    -0.39%   -0.40
  기관 20일                  학습        +0.44%    +0.34%    -1.04%    +0.42%    -0.05%   -0.49  차이 없음
                          검증        +0.12%    +0.13%    -0.82%    +0.33%    +0.06%   -0.05
  시가총액(조)                 학습        -0.13%    -0.08%    +0.45%    +0.11%    +0.41%   +0.53  ★ 두 구간 같은 방향
                          검증        -2.63%    -1.26%    +0.07%    +0.45%    +1.05%   +3.68
