상승장 476,919건

① 축 사이 상관 (스피어만)
              fr    fr_chg20    fr_chg60        cap조        fw20        fw60         su1
  fr                1.00        0.10        0.11        0.69        0.08        0.08        0.24
  fr_chg20          0.10        1.00        0.61        0.07        0.84        0.54        0.04
  fr_chg60          0.11        0.61        1.00        0.07        0.56        0.86        0.03
  cap조              0.69        0.07        0.07        1.00        0.07        0.06        0.26
  fw20              0.08        0.84        0.56        0.07        1.00        0.63        0.05
  fw60              0.08        0.54        0.86        0.06        0.63        1.00        0.03
  su1               0.24        0.04        0.03        0.26        0.05        0.03        1.00

② 연도별 — Q5(높음) 초과 − Q1(낮음) 초과. 특정 해만 갈리면 쏠림이다
  재료                  2016    2017    2018    2019    2020    2021    2022    2023    2024    2025    2026
  외국인 지분율            +0.4%   +1.0%   +0.1%   +2.5%   +1.8%   +0.7%   +3.5%   +0.7%   +3.4%   +3.7%   +8.5%
  지분율 60일변화          +0.2%   +3.0%   -0.0%   +0.7%   +1.4%   +0.7%   +1.1%   +1.8%   +1.6%   +2.2%   -0.2%
  시가총액               +0.6%   -0.7%   -0.5%   +2.5%   +0.5%   -1.3%   +1.9%   +1.2%   +2.6%   +3.2%   +7.3%

③ 시가총액을 고정하고도 지분율이 갈리는가 (시총 5분위 안에서 지분율 5분위)
  시총구간              지분율Q1      지분율Q2      지분율Q3      지분율Q4      지분율Q5    Q5-Q1
  시총Q1             -1.25%     -1.79%     -0.84%     -0.89%     -0.03%   +1.23
  시총Q2             -2.46%     +0.74%     -0.20%     +0.14%     -0.20%   +2.27
  시총Q3             -0.07%     +0.41%     +0.53%     -0.11%     +0.63%   +0.71
  시총Q4             +0.31%     +0.24%     +0.05%     +0.35%     +0.52%   +0.22
  시총Q5             -0.13%     +0.02%     +0.93%     +0.84%     +1.93%   +2.06

④ 기존 [외인 매집]과 겹치나 — 지분율 상위 20% & 지분율 60일 증가 신호 기준
  후보 신호 47,968건 · 연도별 2016:4306 2017:6660 2018:1940 2019:3506 2020:4015 2021:4555 2022:1825 2023:5293 2024:4358 2025:6644 2026:4866
