상승장 477,251건 · 지분율 유효 93%

① 지분율 문턱 조이기 (숫자: 건수·평균(초과)·중앙 · 검증평균/CI)
  조건                                                                   n20                               n40                               n60
  지분율 상위 40% (fr_pct≥60)                11023건  +0.0%(+0.57) -1.1 검 +1.0/ -0.6  6304건  +0.7%(+0.39) -1.5 검 +2.8/ +0.0  4782건  +0.9%(+1.14) -1.8 검 +3.3/ -0.8 
  지분율 상위 30% (fr_pct≥70)                 8246건  +0.1%(+0.63) -1.0 검 +1.1/ -0.5  4717건  +0.9%(+0.70) -1.3 검 +3.0/ +0.3  3581건  +1.2%(+1.49) -1.3 검 +3.5/ -0.7 
  지분율 상위 20% (fr_pct≥80)                 5532건  +0.2%(+0.82) -0.8 검 +1.3/ -0.3  3166건  +0.9%(+0.74) -1.0 검 +3.1/ +0.5  2406건  +1.5%(+1.72) -0.8 검 +3.9/ +0.2 
  지분율 상위 10% (fr_pct≥90)                 2794건  +0.3%(+0.96) -0.5 검 +1.4/ +0.0  1599건  +1.2%(+1.08) -0.5 검 +3.1/ +0.8  1212건  +1.5%(+1.99) -0.2 검 +3.9/ +0.1 
  지분율 상위 5% (fr_pct≥95)                  1447건  +0.5%(+1.09) -0.4 검 +2.1/ +0.4   841건  +1.1%(+1.06) -0.5 검 +3.9/ +1.4   646건  +1.7%(+1.95) -0.0 검 +5.1/ +0.6 

② + 거래량 축 (지분율 상위 20% 기준)
  지분율≥80 + 당일 거래량 1.5배↑                  3581건  +0.0%(+0.34) -0.9 검 +1.1/ -0.6  2454건  +1.0%(+1.28) -1.2 검 +3.2/ +0.9  1941건  +2.0%(+1.66) -0.2 검 +4.6/ +1.6 
  지분율≥80 + 당일 거래량 2배↑                    2544건  -0.3%(-0.01) -1.3 검 +0.2/ -1.2  1925건  +1.1%(+1.22) -1.2 검 +2.9/ +0.7  1575건  +2.2%(+1.78) -0.2 검 +3.5/ +0.1 
  지분율≥80 + 2M/1Y 거래량 100~150%            2325건  +0.6%(+0.69) -0.5 검 +1.1/ -0.4  1564건  +1.8%(+0.90) +0.0 검 +3.6/ +1.4  1250건  +2.3%(+1.52) -0.3 검 +3.6/ +0.9 
  지분율≥80 + 2M/1Y 거래량 ≥150%               1046건  +0.3%(-0.04) -1.2 검 -1.2/ -3.8   698건  +2.6%(+0.21) -0.8 검 +1.7/ -3.5   581건  +4.9%(+1.48) -0.1 검 +4.1/ -0.9 
  지분율≥80 + 3일/2개월 ≥150%                  2482건  -0.3%(+0.21) -1.6 검 +0.2/ -1.2  1895건  +0.9%(+1.06) -1.1 검 +1.9/ -0.3  1597건  +1.9%(+1.34) -0.1 검 +2.6/ -0.8 

③ + 외인 순매수 축
  지분율≥80 + 외국인 20일 ≥1%                   3343건  +0.5%(+0.86) -0.7 검 +1.5/ +0.1  2190건  +1.7%(+1.74) -0.5 검 +4.6/ +2.2  1749건  +2.1%(+1.98) -0.3 검 +5.8/ +2.7 
  지분율≥80 + 외국인 60일 ≥1%                   2793건  +0.3%(+0.59) -0.9 검 +1.5/ -0.2  1745건  +0.7%(+0.79) -1.0 검 +3.2/ +1.4  1382건  +2.1%(+2.27) -0.6 검 +6.3/ +3.2 
  지분율≥80 + 외국인 20일 ≥2%                   3048건  +0.6%(+0.88) -0.6 검 +1.8/ +0.2  2014건  +1.6%(+1.64) -0.2 검 +4.6/ +2.2  1625건  +2.1%(+2.00) -0.0 검 +5.8/ +2.4 
  지분율≥80 + 지분율 60일 증가                    3404건  +0.5%(+0.83) -0.7 검 +1.6/ -0.1  2099건  +1.0%(+1.05) -0.8 검 +3.3/ +1.4  1651건  +2.0%(+1.94) -0.7 검 +4.9/ +2.0 

④ 유망 조합에 다른 재료 얹기 (지분율≥80 + 외국인 20일≥1)
  기준(얹기 전)                               3343건  +0.5%(+0.86) -0.7 검 +1.5/ +0.1  2190건  +1.7%(+1.74) -0.5 검 +4.6/ +2.2  1749건  +2.1%(+1.98) -0.3 검 +5.8/ +2.7 
  + 기관 60일 <0.4%(기관 안 삼)                 2341건  +0.3%(+0.71) -0.8 검 +1.1/ -0.3  1597건  +1.0%(+1.34) -0.9 검 +3.5/ +1.6  1315건  +2.0%(+1.89) +0.0 검 +4.9/ +2.1 
  + 공매도 잔고 하위(≤1%)                       2902건  +0.7%(+1.05) -0.5 검 +1.7/ +0.1  1908건  +2.1%(+1.98) -0.3 검 +4.7/ +2.2  1533건  +2.7%(+2.42) +0.0 검 +6.0/ +2.8 
  + 공매도 잔고 감소                            2170건  +0.9%(+1.25) -0.7 검 +2.0/ +0.4  1590건  +1.9%(+1.72) -0.5 검 +4.8/ +2.4  1311건  +2.9%(+2.41) +0.3 검 +6.6/ +3.4 
  + 프로그램 비차익 순매수>0                       1968건  +1.0%(+1.11) -0.7 검 +1.6/ +0.0  1346건  +2.8%(+2.19) -0.3 검 +4.1/ +1.6  1107건  +3.5%(+2.65) +0.2 검 +5.6/ +2.3 
  + 대차잔고 감소                              1255건  +0.9%(+1.45) -0.9 검 +1.8/ +0.1   913건  +2.5%(+2.60) -0.8 검 +4.8/ +2.0   747건  +2.4%(+2.62) +0.0 검 +5.3/ +2.0 
  + 연기금 순매수>0                            1241건  +0.6%(+0.91) -0.6 검 +1.5/ +0.0   950건  +1.5%(+1.60) -1.0 검 +3.9/ +1.3   817건  +2.3%(+1.91) -0.3 검 +5.3/ +2.0 
  + 시장 공포탐욕 ≤50                          1300건  +0.8%(+1.47) -0.2 검 +2.3/ +0.1  1101건  +1.3%(+2.30) -0.9 검 +5.1/ +1.5   946건  +4.1%(+2.42) -0.1 검 +8.7/ +4.5 
  + 내부자 보고 1건+                           2525건  +0.9%(+1.23) -0.4 검 +2.2/ +0.5  1681건  +2.1%(+2.03) -0.2 검 +5.3/ +2.4  1335건  +2.5%(+2.36) +0.1 검 +6.9/ +3.5 
  + 52주 고점 -15% 이내                       2309건  +1.0%(+1.10) -0.5 검 +2.2/ +0.3  1538건  +2.9%(+2.65) +0.3 검 +6.2/ +3.4  1212건  +3.5%(+2.96) +0.3 검 +8.2/ +4.3 
  + 저점대비 +70%↑                            955건  +2.0%(+1.20) -0.5 검 +2.3/ -0.8   667건  +5.2%(+2.87) +0.9 검 +7.2/ +2.9   532건  +6.8%(+3.26) +2.2 검 +8.9/ +3.5 
  + 시총 1~10조                             1856건  +0.4%(+0.85) -0.8 검 +1.5/ +0.2  1206건  +1.1%(+1.34) -0.2 검 +3.8/ +1.7   972건  +1.5%(+1.54) -0.6 검 +5.7/ +3.0 
  + 20일 등락 ≤5%(안 달린 것)                   2581건  +0.3%(+0.80) -0.6 검 +1.2/ -0.1  1822건  +1.5%(+1.75) -0.3 검 +4.6/ +2.1  1495건  +2.2%(+1.86) +0.1 검 +5.6/ +3.2 
  + 변동성 ≤2%                              2011건  +0.4%(+0.95) -0.7 검 +2.2/ +1.0  1438건  +0.9%(+1.42) -0.3 검 +4.3/ +2.3  1205건  +0.9%(+1.62) -0.3 검 +5.0/ +2.6 
  + 시초가 갭 ≤1%                            3295건  +0.6%(+0.87) -0.7 검 +1.6/ +0.0  2166건  +1.7%(+1.72) -0.2 검 +4.6/ +2.3  1735건  +2.1%(+1.89) -0.1 검 +5.9/ +2.8 
