================================================================================================================================
[KOSPI] 채널이 보태는 게 있나 — 같은 재료에서 채널만 빼 본다
================================================================================================================================
    조건                                  보유     건수      초과      중앙      절삭    승률      학습      검증     월CI    양수해
    재료만 (업종+이격)                          5  8,724   +0.95   +0.53   -0.25   61%   +1.03   +0.73   +0.14   9/11
    재료만 (업종+이격)                         20  5,275   +1.25   +0.02   -0.96   56%   +1.49   +0.61   -2.45   7/11
    재료 + 하락채널(위치무관)                      5  6,702   +1.04   +0.60   -0.17   62%   +1.00   +1.16   +0.50  10/11
    재료 + 하락채널(위치무관)                     20  4,159   +1.80   +0.53   -0.22   62%   +1.91   +1.48   -1.41   8/11
    재료 + 하락채널 하단이탈                       5  4,913   +1.22   +0.78   +0.07   63%   +1.12   +1.59   +0.85  11/11
    재료 + 하락채널 하단이탈                      20  3,511   +1.54   +0.44   -0.38   62%   +1.50   +1.67   -1.13   9/11
    재료 + 채널 하단이탈(방향무관)                   5  6,796   +1.04   +0.62   -0.10   62%   +1.11   +0.81   -0.28  11/11
    재료 + 채널 하단이탈(방향무관)                  20  4,565   +0.99   -0.18   -1.17   55%   +1.21   +0.39   -2.05   8/11
    채널 하단이탈만 (재료 없음)                     5 17,868   +0.14   -0.13   -0.82   49%   +0.19   +0.02   -0.91   6/11
    채널 하단이탈만 (재료 없음)                    20 11,453   +0.06   -0.89   -1.76   50%   +0.27   -0.47   -1.29   8/11

================================================================================================================================
[KOSDAQ] 채널이 보태는 게 있나 — 같은 재료에서 채널만 빼 본다
================================================================================================================================
    조건                                  보유     건수      초과      중앙      절삭    승률      학습      검증     월CI    양수해
    재료만 (업종+이격)                          5 24,132   +0.48   -0.22   -0.86   55%   +0.78   +0.08   -0.53  10/11
    재료만 (업종+이격)                         20 13,686   +1.42   -1.08   -1.80   55%   +2.31   +0.14   -1.28  10/11
    재료 + 하락채널(위치무관)                      5 18,296   +0.67   -0.09   -0.67   56%   +0.96   +0.25   -0.30  10/11
    재료 + 하락채널(위치무관)                     20 10,589   +2.24   -0.43   -1.11   58%   +3.36   +0.56   -1.38  10/11
    재료 + 하락채널 하단이탈                       5 12,007   +0.94   +0.27   -0.36   60%   +0.99   +0.85   +0.28  11/11
    재료 + 하락채널 하단이탈                      20  8,493   +1.48   -0.24   -0.97   60%   +1.75   +1.03   -1.68  10/11
    재료 + 채널 하단이탈(방향무관)                   5 17,120   +0.62   -0.01   -0.70   58%   +0.76   +0.40   +0.04  11/11
    재료 + 채널 하단이탈(방향무관)                  20 11,409   +0.58   -1.02   -1.88   56%   +0.83   +0.18   -2.01   9/11
    채널 하단이탈만 (재료 없음)                     5 29,160   +1.34   -0.23   -0.97   50%   +1.96   +0.20   -0.20  11/11
    채널 하단이탈만 (재료 없음)                    20 18,894   +1.85   -1.31   -2.29   50%   +2.72   +0.28   -0.43   9/11

시험 20개 기록 · 누적 13,964개
