========================================================================================================
A부. 월봉 12평 시스템 — 돌파하면 매수, 깨지면 매도 (월말 종가 판정 · 다음날 시가 체결)
========================================================================================================

[코스피] 월 248개 · 보유비율 평균 46% · 종목당 연 매매 1.9회
  학습 2016~22       12평    1.07배(연   1.0%) 낙폭   -49%  |  항상보유    1.84배(연   9.1%) 낙폭   -39%  |  월평균 초과 -0.66%p
  검증 2023~26       12평    1.15배(연   3.8%) 낙폭   -34%  |  항상보유    2.50배(연  28.4%) 낙폭   -25%  |  월평균 초과 -2.06%p
  스트레스 2005~15     12평    0.98배(연  -0.2%) 낙폭   -76%  |  항상보유    5.28배(연  18.1%) 낙폭   -54%  |  월평균 초과 -1.42%p
  전구간 2005~26      12평    1.20배(연   0.9%) 낙폭   -76%  |  항상보유   24.29배(연  16.7%) 낙폭   -54%  |  월평균 초과 -1.28%p
  연도별 (12평 / 항상보유, %)
   2006:-9/+5  2007:+44/+46  2008:-67/-43  2009:+4/+70  2010:+19/+35  2011:-2/-0  2012:+3/+18  2013:+14/+23  2014:+19/+31  2015:+33/+39  2016:-0/+11  2017:+29/+24  2018:-12/+10  2019:-13/-1  2020:+19/+23  2021:+20/+24  2022:-24/-20  2023:+1/+10  2024:-5/-6  2025:+32/+140  2026:-10/+1

[코스닥] 월 248개 · 보유비율 평균 41% · 종목당 연 매매 2.0회
  학습 2016~22       12평    0.95배(연  -0.7%) 낙폭   -48%  |  항상보유    3.92배(연  21.6%) 낙폭   -33%  |  월평균 초과 -1.81%p
  검증 2023~26       12평    0.67배(연 -10.4%) 낙폭   -48%  |  항상보유    1.71배(연  15.8%) 낙폭   -36%  |  월평균 초과 -2.13%p
  스트레스 2005~15     12평    0.59배(연  -5.1%) 낙폭   -83%  |  항상보유    9.79배(연  25.6%) 낙폭   -51%  |  월평균 초과 -2.33%p
  전구간 2005~26      12평    0.38배(연  -4.6%) 낙폭   -83%  |  항상보유   65.82배(연  22.5%) 낙폭   -51%  |  월평균 초과 -2.12%p
  연도별 (12평 / 항상보유, %)
   2006:-13/-4  2007:+25/+65  2008:-77/-38  2009:+21/+92  2010:+6/+48  2011:+7/+12  2012:-1/+27  2013:-1/+17  2014:+16/+22  2015:+49/+72  2016:+7/+26  2017:+17/+99  2018:-13/+2  2019:-2/+15  2020:+31/+48  2021:+22/+28  2022:-44/-29  2023:-0/+20  2024:-27/-18  2025:+20/+90  2026:-23/-8

========================================================================================================
B부. 진입신호 환산 — 유니버스 대비 초과(2016~) · 학습/검증 · 월블록 CI 하한
========================================================================================================

[코스피] 보유 5일
  M2 240일선 상향돌파                    20002건 초과 -0.47%p 중앙 -0.94 승률 37% | 학-0.50 검-0.44 CI-0.57 | 26년-0.89(1481건)
  M2 240일선 돌파+거래량1.5                9356건 초과 -0.87%p 중앙 -1.43 승률 35% | 학-0.92 검-0.78 CI-1.06 | 26년-1.80(561건)
  M2 240일선 지지(언저리)                 41531건 초과 -0.17%p 중앙 -0.59 승률 38% | 학-0.17 검-0.17 CI-0.26 | 26년-0.36(2856건)
  M3 저점권 240 지지(쌍바닥)               17417건 초과 -0.09%p 중앙 -0.42 승률 36% | 학-0.09 검-0.10 CI-0.15 | 26년-0.45(1317건)
  M4 240돌파+장대양봉+거래량                 7647건 초과 -0.94%p 중앙 -1.54 승률 35% | 학-0.95 검-0.93 CI-1.17 | 26년-1.68(463건)
  M5 박스(60일) 상단 돌파                 19727건 초과 -0.29%p 중앙 -1.03 승률 38% | 학-0.47 검+0.01 CI-0.60 | 26년+0.47(1312건)
  M5 박스돌파 + 240 위                  17143건 초과 -0.27%p 중앙 -1.01 승률 39% | 학-0.46 검+0.03 CI-0.62 | 26년+0.66(1261건)
  M5 박스돌파+240위+거래량                 13989건 초과 -0.43%p 중앙 -1.26 승률 38% | 학-0.54 검-0.24 CI-0.82 | 26년-0.32(997건)
  M6 몸통 전고점 재돌파+240위               21624건 초과 -0.18%p 중앙 -1.03 승률 39% | 학-0.34 검+0.07 CI-0.50 | 26년+0.59(1665건)
  M6 전고점재돌파+거래량1.5                 15556건 초과 -0.37%p 중앙 -1.35 승률 39% | 학-0.51 검-0.16 CI-0.81 | 26년-0.14(1200건)
  참고 240 아래(반대편)                  142235건 초과 +0.02%p 중앙 -0.40 승률 40% | 학+0.02 검+0.01 CI-0.10 | 26년+0.12(7767건)

[코스피] 보유 20일
  M2 240일선 상향돌파                    13733건 초과 -1.24%p 중앙 -2.68 승률 39% | 학-1.35 검-1.05 CI-1.52 | 26년-0.86(1019건)
  M2 240일선 돌파+거래량1.5                8212건 초과 -1.66%p 중앙 -3.40 승률 36% | 학-1.65 검-1.68 CI-1.97 | 26년-1.85(506건)
  M2 240일선 지지(언저리)                 20500건 초과 -0.65%p 중앙 -2.12 승률 40% | 학-0.66 검-0.62 CI-0.83 | 26년-0.45(1478건)
  M3 저점권 240 지지(쌍바닥)                8579건 초과 -0.55%p 중앙 -1.60 승률 39% | 학-0.71 검-0.34 CI-0.87 | 26년-0.88(695건)
  M4 240돌파+장대양봉+거래량                 6850건 초과 -1.81%p 중앙 -3.63 승률 36% | 학-1.69 검-2.02 CI-2.15 | 26년-1.85(426건)
  M5 박스(60일) 상단 돌파                 13917건 초과 -0.78%p 중앙 -2.93 승률 39% | 학-1.14 검-0.14 CI-1.32 | 26년+1.21(893건)
  M5 박스돌파 + 240 위                  12054건 초과 -0.72%p 중앙 -2.93 승률 39% | 학-1.05 검-0.16 CI-1.31 | 26년+1.41(856건)
  M5 박스돌파+240위+거래량                 10817건 초과 -0.83%p 중앙 -3.24 승률 39% | 학-1.11 검-0.36 CI-1.56 | 26년+1.02(754건)
  M6 몸통 전고점 재돌파+240위               12799건 초과 -0.57%p 중앙 -2.92 승률 40% | 학-0.93 검+0.02 CI-1.22 | 26년+1.96(947건)
  M6 전고점재돌파+거래량1.5                 11017건 초과 -0.69%p 중앙 -3.33 승률 40% | 학-1.01 검-0.17 CI-1.38 | 26년+1.64(817건)
  참고 240 아래(반대편)                   46205건 초과 -0.34%p 중앙 -1.50 승률 43% | 학-0.31 검-0.41 CI-0.65 | 26년-0.10(2667건)

[코스피] 보유 60일
  M2 240일선 상향돌파                     9387건 초과 -1.63%p 중앙 -5.59 승률 38% | 학-1.37 검-2.08 CI-2.51 | 26년-1.67(675건)
  M2 240일선 돌파+거래량1.5                6613건 초과 -2.14%p 중앙 -6.67 승률 36% | 학-1.45 검-3.37 CI-3.24 | 26년-2.66(405건)
  M2 240일선 지지(언저리)                 11888건 초과 -0.99%p 중앙 -4.74 승률 40% | 학-0.94 검-1.08 CI-1.81 | 26년-1.08(852건)
  M3 저점권 240 지지(쌍바닥)                5163건 초과 -0.48%p 중앙 -3.56 승률 38% | 학-0.53 검-0.41 CI-1.90 | 26년-0.83(414건)
  M4 240돌파+장대양봉+거래량                 5694건 초과 -1.99%p 중앙 -7.14 승률 36% | 학-1.10 검-3.57 CI-3.25 | 26년-2.48(352건)
  M5 박스(60일) 상단 돌파                 10256건 초과 -1.69%p 중앙 -6.17 승률 40% | 학-2.37 검-0.44 CI-2.74 | 26년+0.83(617건)
  M5 박스돌파 + 240 위                   8867건 초과 -1.29%p 중앙 -6.16 승률 40% | 학-1.91 검-0.20 CI-2.64 | 26년+1.70(587건)
  M5 박스돌파+240위+거래량                  8307건 초과 -1.36%p 중앙 -6.47 승률 40% | 학-1.96 검-0.32 CI-2.85 | 26년+1.56(545건)
  M6 몸통 전고점 재돌파+240위                8578건 초과 -1.12%p 중앙 -6.08 승률 40% | 학-1.47 검-0.54 CI-2.57 | 26년+0.76(629건)
  M6 전고점재돌파+거래량1.5                  7877건 초과 -1.21%p 중앙 -6.63 승률 40% | 학-1.57 검-0.60 CI-2.81 | 26년+0.27(580건)
  참고 240 아래(반대편)                   19445건 초과 -0.69%p 중앙 -3.66 승률 42% | 학-0.52 검-1.03 CI-1.42 | 26년-0.85(1163건)

[코스닥] 보유 5일
  M2 240일선 상향돌파                    32202건 초과 -0.69%p 중앙 -1.48 승률 36% | 학-0.68 검-0.70 CI-0.86 | 26년-0.37(2050건)
  M2 240일선 돌파+거래량1.5               16352건 초과 -1.20%p 중앙 -2.14 승률 34% | 학-1.12 검-1.32 CI-1.38 | 26년-1.50(925건)
  M2 240일선 지지(언저리)                 62742건 초과 -0.31%p 중앙 -0.98 승률 38% | 학-0.40 검-0.15 CI-0.45 | 26년+0.93(3896건)
  M3 저점권 240 지지(쌍바닥)               14770건 초과 -0.08%p 중앙 -0.69 승률 36% | 학-0.20 검+0.10 CI-0.26 | 26년+0.94(1078건)
  M4 240돌파+장대양봉+거래량                14068건 초과 -1.24%p 중앙 -2.25 승률 34% | 학-1.16 검-1.37 CI-1.41 | 26년-1.50(789건)
  M5 박스(60일) 상단 돌파                 27434건 초과 -0.45%p 중앙 -1.85 승률 37% | 학-0.78 검+0.10 CI-0.76 | 26년+2.49(1997건)
  M5 박스돌파 + 240 위                  23774건 초과 -0.42%p 중앙 -1.86 승률 37% | 학-0.73 검+0.10 CI-0.74 | 26년+2.69(1882건)
  M5 박스돌파+240위+거래량                 20984건 초과 -0.61%p 중앙 -2.00 승률 37% | 학-0.75 검-0.36 CI-0.94 | 26년+1.07(1616건)
  M6 몸통 전고점 재돌파+240위               31924건 초과 -0.42%p 중앙 -1.79 승률 37% | 학-0.63 검-0.08 CI-0.77 | 26년+0.99(2577건)
  M6 전고점재돌파+거래량1.5                 24524건 초과 -0.53%p 중앙 -2.00 승률 37% | 학-0.64 검-0.35 CI-0.95 | 26년+0.40(1963건)
  참고 240 아래(반대편)                  220695건 초과 +0.11%p 중앙 -0.72 승률 40% | 학+0.17 검+0.01 CI-0.03 | 26년+0.11(13684건)

[코스닥] 보유 20일
  M2 240일선 상향돌파                    22489건 초과 -1.47%p 중앙 -3.95 승률 37% | 학-1.40 검-1.59 CI-1.90 | 26년-1.38(1511건)
  M2 240일선 돌파+거래량1.5               14299건 초과 -2.03%p 중앙 -4.85 승률 35% | 학-1.91 검-2.22 CI-2.45 | 26년-2.20(813건)
  M2 240일선 지지(언저리)                 32235건 초과 -0.99%p 중앙 -3.24 승률 39% | 학-1.09 검-0.81 CI-1.47 | 26년-0.17(2169건)
  M3 저점권 240 지지(쌍바닥)                7827건 초과 -0.69%p 중앙 -2.27 승률 37% | 학-1.33 검+0.23 CI-1.27 | 26년+2.23(616건)
  M4 240돌파+장대양봉+거래량                12596건 초과 -2.07%p 중앙 -5.06 승률 35% | 학-1.94 검-2.27 CI-2.50 | 26년-2.10(707건)
  M5 박스(60일) 상단 돌파                 20078건 초과 -0.68%p 중앙 -4.62 승률 37% | 학-1.15 검+0.13 CI-1.42 | 26년+3.40(1393건)
  M5 박스돌파 + 240 위                  17329건 초과 -0.55%p 중앙 -4.60 승률 37% | 학-0.95 검+0.12 CI-1.30 | 26년+3.81(1307건)
  M5 박스돌파+240위+거래량                 16306건 초과 -0.56%p 중앙 -4.73 승률 37% | 학-0.84 검-0.11 CI-1.48 | 26년+3.08(1227건)
  M6 몸통 전고점 재돌파+240위               19298건 초과 -0.63%p 중앙 -4.46 승률 38% | 학-1.11 검+0.18 CI-1.72 | 26년+2.78(1487건)
  M6 전고점재돌파+거래량1.5                 17207건 초과 -0.58%p 중앙 -4.61 승률 37% | 학-0.98 검+0.09 CI-1.79 | 26년+2.30(1332건)
  참고 240 아래(반대편)                   73342건 초과 -0.10%p 중앙 -2.32 승률 42% | 학+0.09 검-0.43 CI-0.47 | 26년-0.64(4718건)

[코스닥] 보유 60일
  M2 240일선 상향돌파                    15514건 초과 -2.96%p 중앙 -8.29 승률 36% | 학-2.90 검-3.07 CI-4.10 | 26년-2.06(1060건)
  M2 240일선 돌파+거래량1.5               11470건 초과 -3.97%p 중앙 -9.50 승률 34% | 학-4.13 검-3.72 CI-5.29 | 26년-3.99(666건)
  M2 240일선 지지(언저리)                 19206건 초과 -2.31%p 중앙 -7.23 승률 38% | 학-2.30 검-2.33 CI-3.48 | 26년-1.97(1338건)
  M3 저점권 240 지지(쌍바닥)                5009건 초과 -2.52%p 중앙 -5.12 승률 35% | 학-4.14 검-0.26 CI-3.91 | 26년+3.51(404건)
  M4 240돌파+장대양봉+거래량                10385건 초과 -3.89%p 중앙 -9.73 승률 34% | 학-3.81 검-4.02 CI-5.20 | 26년-3.87(603건)
  M5 박스(60일) 상단 돌파                 15366건 초과 -2.84%p 중앙 -9.70 승률 36% | 학-3.79 검-1.22 CI-4.89 | 26년-0.19(1012건)
  M5 박스돌파 + 240 위                  13234건 초과 -2.33%p 중앙 -9.54 승률 37% | 학-3.04 검-1.13 CI-4.60 | 26년+0.85(950건)
  M5 박스돌파+240위+거래량                 12753건 초과 -2.40%p 중앙 -9.69 승률 37% | 학-3.10 검-1.22 CI-4.59 | 26년+0.59(913건)
  M6 몸통 전고점 재돌파+240위               13306건 초과 -2.41%p 중앙 -9.32 승률 37% | 학-3.20 검-1.09 CI-4.91 | 26년+0.31(994건)
  M6 전고점재돌파+거래량1.5                 12444건 초과 -2.21%p 중앙 -9.42 승률 37% | 학-2.87 검-1.12 CI-4.84 | 26년+0.54(941건)
  참고 240 아래(반대편)                   31954건 초과 +0.41%p 중앙 -5.49 승률 41% | 학+1.22 검-0.94 CI-0.90 | 26년-0.53(2184건)

========================================================================================================
C부. M7 지수 게이트 — 지수 240일선 위/아래에서 유니버스가 어떻게 다른가 (2016~)
========================================================================================================
  코스피  5일  지수240위  -0.70%(중앙 -1.25, 1,531,675) | 240아래  -0.77%(중앙 -1.15, 1,142,704) | 차 +0.07%p
  코스피 20일  지수240위  +0.20%(중앙 -1.69, 1,530,154) | 240아래  -0.33%(중앙 -1.31, 1,141,122) | 차 +0.53%p
  코스피 60일  지수240위  +2.14%(중앙 -2.48, 1,526,027) | 240아래  +0.88%(중앙 -2.38, 1,137,346) | 차 +1.25%p
  코스닥  5일  지수240위  -0.83%(중앙 -1.50, 2,019,051) | 240아래  -0.62%(중앙 -1.15, 1,942,664) | 차 -0.21%p
  코스닥 20일  지수240위  -0.11%(중앙 -2.55, 2,017,495) | 240아래  +0.57%(중앙 -1.36, 1,940,833) | 차 -0.68%p
  코스닥 60일  지수240위  +2.49%(중앙 -4.29, 2,013,420) | 240아래  +2.57%(중앙 -2.62, 1,936,030) | 차 -0.09%p

시험 조합 66개 기록 · 누적 12,780개
