======================================================================================================================
[코스피]
======================================================================================================================
  ① 월봉 10이평(200일선) — 종가 기준 위/아래 · 유니버스 대비 초과
  200일선 위          n5  +0.22%(692,013) n20  +0.22%(691,740) n60  +0.17%(691,125)
  200일선 아래         n5  +0.04%(831,459) n20  -0.26%(830,534) n60  -0.82%(827,816)
  ② 꼬리 — 아래꼬리 긴 캔들 / 윗꼬리 긴 캔들 (거래량 급증 여부로 나눔)
  아래꼬리≥50%                   n5  -0.01%(280,026) n20  -0.22%(279,871) n60  -0.37%(279,391)
  아래꼬리≥50% + 거래량 2배↑         n5  -0.45%(  9,050) n20  -0.87%(  9,027) n60  -0.41%(  9,012)
  윗꼬리≥50%                    n5  +0.10%(302,732) n20  -0.15%(302,438) n60  -0.38%(301,669)
  윗꼬리≥50% + 거래량 2배↑          n5  -0.34%( 32,599) n20  -0.73%( 32,547) n60  -0.94%( 32,411)
  ③ 강의 핵심 — 바닥권/고점권 × 거래량 급증
  바닥권(저점 20% 이내) + 거래량 2배↑           n5  +0.33%(    386) n20  +2.76%(    386) n60 +28.88%(    386)
  고점권(고점 20% 이내) + 거래량 2배↑           n5  -0.47%( 14,915) n20  -0.65%( 14,909) n60  +0.49%( 14,892)
  바닥권 + 거래량 3배↑                      n5  +0.35%(    206) n20  +2.42%(    206) n60 +51.55%(    206)
  고점권 + 거래량 3배↑                      n5  -0.88%(  9,434) n20  -0.96%(  9,431) n60  -0.60%(  9,419)

[코스피] 위치 × 당일거래량 격자 — 20일 보유 유니버스 대비 초과 (학습 / 검증)
                          거래량 최저                  적음                  보통                  많음                  급증
  바닥권           +0.11/   +1.51    +0.41/   +1.44    +0.99/   +0.73    -0.03/   +2.04    -0.16/   +3.27
  하단            +0.08/   +1.79    -0.16/   +2.32    -0.30/   +2.61    -0.32/   +2.05    -0.82/   -0.56
  중간             +nan/    +nan     +nan/    +nan     +nan/    +nan     +nan/    +nan     +nan/    +nan
  상단             +nan/    +nan     +nan/    +nan     +nan/    +nan     +nan/    +nan     +nan/    +nan
  고점권            +nan/    +nan     +nan/    +nan     +nan/    +nan     +nan/    +nan     +nan/    +nan

======================================================================================================================
[코스닥]
======================================================================================================================
  ① 월봉 10이평(200일선) — 종가 기준 위/아래 · 유니버스 대비 초과
  200일선 위          n5  +0.07%(1,046,619) n20  -0.21%(1,046,310) n60  -1.00%(1,045,411)
  200일선 아래         n5  +0.04%(1,335,302) n20  -0.06%(1,334,275) n60  -0.13%(1,331,162)
  ② 꼬리 — 아래꼬리 긴 캔들 / 윗꼬리 긴 캔들 (거래량 급증 여부로 나눔)
  아래꼬리≥50%                   n5  -0.11%(403,599) n20  -0.24%(403,436) n60  -0.45%(402,869)
  아래꼬리≥50% + 거래량 2배↑         n5  -0.77%( 12,866) n20  -1.02%( 12,849) n60  -1.77%( 12,822)
  윗꼬리≥50%                    n5  +0.07%(499,016) n20  -0.18%(498,687) n60  -0.43%(497,743)
  윗꼬리≥50% + 거래량 2배↑          n5  -0.36%( 71,510) n20  -0.61%( 71,446) n60  -0.66%( 71,292)
  ③ 강의 핵심 — 바닥권/고점권 × 거래량 급증
  바닥권(저점 20% 이내) + 거래량 2배↑           n5  -0.03%(    552) n20  -0.19%(    552) n60  -1.94%(    552)
  고점권(고점 20% 이내) + 거래량 2배↑           n5  -0.19%( 24,808) n20  -0.07%( 24,801) n60  -1.76%( 24,787)
  바닥권 + 거래량 3배↑                      n5  -1.16%(    287) n20  -2.08%(    287) n60  -4.58%(    287)
  고점권 + 거래량 3배↑                      n5  -0.48%( 17,095) n20  -0.28%( 17,091) n60  -2.28%( 17,083)

[코스닥] 위치 × 당일거래량 격자 — 20일 보유 유니버스 대비 초과 (학습 / 검증)
                          거래량 최저                  적음                  보통                  많음                  급증
  바닥권           -0.08/   +1.57    -1.06/   +2.81    -0.58/   +2.79    -0.53/   +4.32    -0.44/   -0.76
  하단            -0.69/   +2.89    -1.05/   +2.72    -1.22/   +2.55    -0.77/   +2.43    -0.69/   +0.35
  중간             +nan/    +nan     +nan/    +nan     +nan/    +nan     +nan/    +nan     +nan/    +nan
  상단             +nan/    +nan     +nan/    +nan     +nan/    +nan     +nan/    +nan     +nan/    +nan
  고점권            +nan/    +nan     +nan/    +nan     +nan/    +nan     +nan/    +nan     +nan/    +nan

