========================================================================================================
ⓐ 대형 우량주 한정 — 강사가 든 예(삼성전자급)로 좁히면 달라지나
========================================================================================================

[코스피 시총상위 100] 월 248개 · 보유 종목수 중앙 54/100 · 보유비율 54%
  학습 2016~22       12평    0.66배(연  -5.8%) 낙폭  -51%  |  항상보유    0.93배(연  -1.0%) 낙폭  -42%  |  초과 -0.42%p/월
  검증 2023~26       12평    2.69배(연  31.0%) 낙폭  -27%  |  항상보유    2.68배(연  30.9%) 낙폭  -20%  |  초과 +0.09%p/월
  스트레스 2005~15     12평    1.39배(연   3.4%) 낙폭  -57%  |  항상보유    1.86배(연   6.4%) 낙폭  -51%  |  초과 -0.28%p/월
  전구간 2005~26      12평    2.45배(연   4.4%) 낙폭  -64%  |  항상보유    4.67배(연   7.7%) 낙폭  -51%  |  초과 -0.26%p/월

[코스피 시총상위 300] 월 248개 · 보유 종목수 중앙 154/300 · 보유비율 50%
  학습 2016~22       12평    0.85배(연  -2.2%) 낙폭  -51%  |  항상보유    1.09배(연   1.2%) 낙폭  -44%  |  초과 -0.29%p/월
  검증 2023~26       12평    1.70배(연  15.5%) 낙폭  -31%  |  항상보유    1.79배(연  17.2%) 낙폭  -23%  |  초과 -0.05%p/월
  스트레스 2005~15     12평    0.85배(연  -1.6%) 낙폭  -73%  |  항상보유    2.18배(연   8.1%) 낙폭  -54%  |  초과 -0.81%p/월
  전구간 2005~26      12평    1.23배(연   1.0%) 낙폭  -73%  |  항상보유    4.24배(연   7.2%) 낙폭  -54%  |  초과 -0.50%p/월

[코스피 시총상위 전체] 월 248개 · 보유 종목수 중앙 226/517 · 보유비율 46%
  학습 2016~22       12평    1.07배(연   1.0%) 낙폭  -49%  |  항상보유    1.84배(연   9.1%) 낙폭  -39%  |  초과 -0.66%p/월
  검증 2023~26       12평    1.15배(연   3.8%) 낙폭  -34%  |  항상보유    2.50배(연  28.4%) 낙폭  -25%  |  초과 -2.06%p/월
  스트레스 2005~15     12평    0.98배(연  -0.2%) 낙폭  -76%  |  항상보유    5.28배(연  18.1%) 낙폭  -54%  |  초과 -1.42%p/월
  전구간 2005~26      12평    1.20배(연   0.9%) 낙폭  -76%  |  항상보유   24.29배(연  16.7%) 낙폭  -54%  |  초과 -1.28%p/월

[코스닥 시총상위 100] 월 248개 · 보유 종목수 중앙 56/100 · 보유비율 56%
  학습 2016~22       12평    0.49배(연  -9.7%) 낙폭  -54%  |  항상보유    0.85배(연  -2.3%) 낙폭  -43%  |  초과 -0.62%p/월
  검증 2023~26       12평    0.94배(연  -1.6%) 낙폭  -44%  |  항상보유    0.88배(연  -3.5%) 낙폭  -38%  |  초과 +0.34%p/월
  스트레스 2005~15     12평    0.50배(연  -6.7%) 낙폭  -72%  |  항상보유    0.74배(연  -3.0%) 낙폭  -66%  |  초과 -0.29%p/월
  전구간 2005~26      12평    0.23배(연  -6.8%) 낙폭  -83%  |  항상보유    0.55배(연  -2.9%) 낙폭  -66%  |  초과 -0.29%p/월

[코스닥 시총상위 300] 월 248개 · 보유 종목수 중앙 150/300 · 보유비율 50%
  학습 2016~22       12평    0.50배(연  -9.5%) 낙폭  -49%  |  항상보유    0.92배(연  -1.2%) 낙폭  -39%  |  초과 -0.72%p/월
  검증 2023~26       12평    0.87배(연  -3.8%) 낙폭  -50%  |  항상보유    0.96배(연  -1.2%) 낙폭  -40%  |  초과 -0.09%p/월
  스트레스 2005~15     12평    0.31배(연 -11.1%) 낙폭  -85%  |  항상보유    0.90배(연  -1.0%) 낙폭  -70%  |  초과 -0.85%p/월
  전구간 2005~26      12평    0.13배(연  -9.3%) 낙폭  -91%  |  항상보유    0.80배(연  -1.1%) 낙폭  -70%  |  초과 -0.67%p/월

[코스닥 시총상위 전체] 월 248개 · 보유 종목수 중앙 287/758 · 보유비율 41%
  학습 2016~22       12평    0.95배(연  -0.7%) 낙폭  -48%  |  항상보유    3.92배(연  21.6%) 낙폭  -33%  |  초과 -1.81%p/월
  검증 2023~26       12평    0.67배(연 -10.4%) 낙폭  -48%  |  항상보유    1.71배(연  15.8%) 낙폭  -36%  |  초과 -2.13%p/월
  스트레스 2005~15     12평    0.59배(연  -5.1%) 낙폭  -83%  |  항상보유    9.79배(연  25.6%) 낙폭  -51%  |  초과 -2.33%p/월
  전구간 2005~26      12평    0.38배(연  -4.6%) 낙폭  -83%  |  항상보유   65.82배(연  22.5%) 낙폭  -51%  |  초과 -2.12%p/월

========================================================================================================
ⓑ 지수 자체에 월봉 12평 — 코스피·코스닥·나스닥·비트코인 (현금 0%)
========================================================================================================
  코스피      199604~202608  365개월 · 보유  58% · 매매 55회
           12평     9.82배(연   7.8%) 낙폭  -39%  |  항상보유     7.13배(연   6.7%) 낙폭  -67%
           학습 2016~22     12평   1.44배(연   5.3%) 낙폭  -15%  |  항상보유   1.27배(연   3.5%) 낙폭  -35%
           검증 2023~26     12평   2.44배(연  27.6%) 낙폭  -22%  |  항상보유   2.88배(연  33.5%) 낙폭  -22%
           스트레스 2005~15   12평   1.44배(연   3.4%) 낙폭  -37%  |  항상보유   2.05배(연   6.7%) 낙폭  -49%
           전구간 2005~26    12평   5.05배(연   7.8%) 낙폭  -39%  |  항상보유   7.50배(연   9.7%) 낙폭  -49%
  코스닥      199712~202608  345개월 · 보유  49% · 매매 55회
           12평     2.31배(연   3.0%) 낙폭  -55%  |  항상보유     0.85배(연  -0.6%) 낙폭  -88%
           학습 2016~22     12평   1.32배(연   4.0%) 낙폭  -22%  |  항상보유   1.08배(연   1.2%) 낙폭  -38%
           검증 2023~26     12평   1.00배(연  -0.1%) 낙폭  -28%  |  항상보유   1.11배(연   2.9%) 낙폭  -40%
           스트레스 2005~15   12평   1.06배(연   0.5%) 낙폭  -41%  |  항상보유   1.44배(연   3.4%) 낙폭  -62%
           전구간 2005~26    12평   1.39배(연   1.5%) 낙폭  -41%  |  항상보유   1.74배(연   2.6%) 낙폭  -62%
  나스닥      198511~202608  490개월 · 보유  73% · 매매 61회
           12평    36.75배(연   9.2%) 낙폭  -34%  |  항상보유    84.42배(연  11.5%) 낙폭  -75%
           학습 2016~22     12평   2.04배(연  10.7%) 낙폭  -16%  |  항상보유   2.51배(연  14.1%) 낙폭  -33%
           검증 2023~26     12평   1.68배(연  15.2%) 낙폭  -12%  |  항상보유   2.29배(연  25.3%) 낙폭  -12%
           스트레스 2005~15   12평   1.81배(연   5.6%) 낙폭  -20%  |  항상보유   2.24배(연   7.6%) 낙폭  -52%
           전구간 2005~26    12평   6.21배(연   8.8%) 낙폭  -20%  |  항상보유  12.85배(연  12.5%) 낙폭  -52%
  S&P500   198511~202608  490개월 · 보유  78% · 매매 49회
           12평    22.24배(연   7.9%) 낙폭  -28%  |  항상보유    38.18배(연   9.3%) 낙폭  -53%
           학습 2016~22     12평   1.50배(연   6.0%) 낙폭  -18%  |  항상보유   2.10배(연  11.2%) 낙폭  -25%
           검증 2023~26     12평   1.56배(연  12.9%) 낙폭   -9%  |  항상보유   1.89배(연  19.0%) 낙폭   -9%
           스트레스 2005~15   12평   1.89배(연   5.9%) 낙폭  -18%  |  항상보유   1.64배(연   4.6%) 낙폭  -53%
           전구간 2005~26    12평   4.42배(연   7.1%) 낙폭  -20%  |  항상보유   6.53배(연   9.0%) 낙폭  -53%
  비트코인     201508~202608  133개월 · 보유  71% · 매매 13회
           12평   275.91배(연  66.0%) 낙폭  -54%  |  항상보유   387.02배(연  71.2%) 낙폭  -75%
           학습 2016~22     12평  62.97배(연  80.7%) 낙폭  -54%  |  항상보유  64.07배(연  81.2%) 낙폭  -75%
           검증 2023~26     12평   3.54배(연  41.2%) 낙폭  -19%  |  항상보유   3.69배(연  42.8%) 낙폭  -44%
           전구간 2005~26    12평 275.91배(연  66.0%) 낙폭  -54%  |  항상보유 387.02배(연  71.2%) 낙폭  -75%

========================================================================================================
ⓒ 12평이 진 해를 뜯어본다 — 코스피 전체, 2008·2019·2022·2026
========================================================================================================
  2008  01:-15/-12(212종) 02:+4/+5(91종) 03:-2/-1(126종) 04:+0/+6(103종) 05:+0/+2(132종) 06:-3/-6(147종) 07:-8/-7(103종) 08:-11/-10(77종) 09:-8/-3(57종) 10:-28/-31(52종) 11:-20/-1(5종) 12:-9/+10(23종)
  2019  01:+5/+8(110종) 02:-6/-1(191종) 03:-1/-1(184종) 04:+2/+4(186종) 05:-6/-6(272종) 06:+5/+5(184종) 07:-11/-10(235종) 08:-1/-3(140종) 09:+2/+3(134종) 10:-2/-0(160종) 11:-5/-1(144종) 12:+5/+3(146종)
  2022  01:-6/-8(247종) 02:+2/+3(152종) 03:+5/+5(170종) 04:+2/+2(247종) 05:-4/-3(295종) 06:-14/-14(232종) 07:-1/+3(108종) 08:+5/+1(126종) 09:-12/-13(170종) 10:-0/-0(73종) 11:+6/+11(99종) 12:-8/-6(160종)
  2026  01:+9/+7(370종) 02:+12/+10(417종) 03:-6/-4(486종) 04:+19/+15(345종) 05:-11/-11(456종) 06:-10/-9(285종) 07:-16/-7(170종) 08:-2/+4(6종)
