
[폭락반등 (코스피)]  원금 1억 · 9규칙 계좌 안 · 청산 연도 기준 · 시드 12개 중앙값
  해         건수(전)     수익률(전)       수익금(전)    건수(후)     수익률(후)       수익금(후)       수익금 차이
  ------------------------------------------------------------------------------------------------
  2008          7      -1.2%         -47만        4     +11.8%        +321만        +368만
  2011          4      -1.9%         -56만        4      -3.6%        -102만         -47만
  2012          3      +9.0%        +187만        3      +9.0%        +197만         +10만
  2013          1     -16.5%        -111만        0          —          +0만        +111만
  2014          1      +6.0%         +44만        0          —          +0만         -44만
  2015          3     +26.4%        +627만        3     +26.4%        +660만         +33만
  2016          5      -0.5%         -19만        3      +2.7%         +83만        +102만
  2017          2      +4.2%         +76만        1      +0.1%          +1만         -76만
  2018          4      +1.3%         +48만        4      -0.7%         -36만         -84만
  2019          4     +14.1%        +609만        4      +8.8%        +398만        -211만
  2020          4      +2.8%         +91만        4      +7.7%        +347만        +256만
  2021          5      +3.6%        +370만        2      +1.0%         +46만        -324만
  2022          6      -1.0%        -166만        5      +8.5%      +1,206만      +1,373만
  2023          3      +4.9%        +413만        2      +9.3%        +592만        +179만
  2024          4      +0.6%         +64만        2      -2.6%        -285만        -349만
  2025          2     +20.0%      +1,504만        2     +20.0%      +1,837만        +333만
  2026          3      -4.2%        -612만        3     +12.7%      +2,230만      +2,841만
  ------------------------------------------------------------------------------------------------
  합계           61                 +3,023만       46                 +7,492만      +4,469만

[낙폭과대 (코스닥)]  원금 1억 · 9규칙 계좌 안 · 청산 연도 기준 · 시드 12개 중앙값
  해         건수(전)     수익률(전)       수익금(전)    건수(후)     수익률(후)       수익금(후)       수익금 차이
  ------------------------------------------------------------------------------------------------
  2007          1     +36.2%        +232만        0          —          +0만        -232만
  2008          7      +6.1%        +255만        5     +10.7%        +326만         +71만
  2011          3     -10.5%        -203만        0          —          +0만        +203만
  2012          2      +0.7%         +10만        2      +0.7%         +10만          +1만
  2015          3     +21.5%        +507만        2     +41.9%        +698만        +191만
  2016          5      +0.6%         +26만        2      +3.8%         +72만         +46만
  2017          1     +15.8%        +143만        0          —          +0만        -143만
  2018          3     +20.8%        +555만        3     +25.1%        +733만        +178만
  2019          5      +4.5%        +229만        3     +33.5%      +1,153만        +924만
  2020          3     +12.2%        +400만        3     +30.8%      +1,136만        +736만
  2021          1      +1.2%         +26만        0          —          +0만         -26만
  2022          5      -2.4%        -332만        1      -3.8%        -107만        +225만
  2024          3      +5.6%        +549만        3     +14.5%      +1,835만      +1,286만
  2026          3      +7.5%      +1,087만        3     +28.0%      +4,914만      +3,828만
  ------------------------------------------------------------------------------------------------
  합계           45                 +3,482만       27                +10,770만      +7,288만

[계좌 전체 9규칙]  최종 자산 (원금 1억)
  전(현행)        실현 손익 합계 +9.01억
  후(조인 안)      실현 손익 합계 +11.76억
