===== 패널 재생성 (거래세 0.15% 통일 · 슬리피지 절반) =====
01:13:54   폐지 delisted.db: 77종목 83,675행 추가
01:14:01   폐지 delisted_kd.db: 435종목 295,503행 추가
01:14:04   ① 이음새 계수 적용: 654,363행 · 236종목
01:15:27   ② 주식수 기반 분할·무상증자 보정: 사건 259건 · 275,641행 조정
01:19:02   저장 panel_kp.pkl · 5,023,801행 83컬럼
01:21:30   폐지 delisted.db: 77종목 83,675행 추가
01:21:39   폐지 delisted_kd.db: 435종목 295,503행 추가
01:21:47   ① 이음새 계수 적용: 930,392행 · 467종목
01:25:50   ② 주식수 기반 분할·무상증자 보정: 사건 475건 · 405,671행 조정
01:34:14   저장 panel_kq.pkl · 6,679,923행 83컬럼

===== 비용 확인 =====
  코스피 cost: 최소 0.25% · 중앙 0.65% · 최대 0.65%
  코스닥 cost: 최소 0.25% · 중앙 0.65% · 최대 0.65%

===== 새 비용 기준 규칙 통계 =====
규칙            구간                건수      평균      중앙    승률     PF      최악    CI하한   월수
----------------------------------------------------------------------------------------------
외인 매집         스트레스2005~15      115  +5.94%  +1.73%   54%   2.03  -43.4%   +1.9%   55
외인 매집         학습2016~22         90 +10.34%  +7.79%   58%   3.11  -36.7%   +4.4%   35
외인 매집         검증2023~26         82 +19.17% +16.07%   68%   4.54  -34.0%  +12.7%   31
외인 매집         기준2016~          172 +14.55% +10.33%   63%   3.83  -36.7%  +10.1%   66

조용한 신고가       스트레스2005~15       51  -2.38%  -2.12%   33%   0.52  -15.2%   -4.8%   38
조용한 신고가       학습2016~22         28 +10.41%  +5.84%   71%   5.02  -15.2%   +3.4%   10
조용한 신고가       검증2023~26         32  +4.11%  +2.66%   59%   2.41  -15.2%   -0.4%   13
조용한 신고가       기준2016~           60  +7.05%  +3.70%   65%   3.55  -15.2%   +3.0%   23

조정매집          스트레스2005~15       11  +6.89%  +5.77%   73%   4.88  -12.2%   +0.9%   10
조정매집          학습2016~22         73 +11.27%  +8.05%   68%   5.64  -23.5%   +4.5%   27
조정매집          검증2023~26         24  +6.89%  +7.44%   83%   5.13  -25.3%   +2.4%   10
조정매집          기준2016~           97 +10.18%  +7.76%   72%   5.55  -25.3%   +4.9%   37

폭락반등          스트레스2005~15       46  +0.63%  -4.81%   43%   1.07  -35.8%   -4.6%    7
폭락반등          학습2016~22        178 +26.22% +20.59%   93%  31.11  -53.5%   +6.2%   17
폭락반등          검증2023~26         25 +21.93% +19.75%   80%  12.31  -23.5%  +12.6%    4
폭락반등          기준2016~          203 +25.70% +20.45%   92%  26.63  -53.5%  +11.0%   21

업종붕괴 이탈       스트레스2005~15      579  +1.93%  +0.38%   52%   1.31  -25.2%   -0.8%   21
업종붕괴 이탈       학습2016~22        545  +6.02%  +7.50%   62%   2.16  -31.5%   +5.6%    8
업종붕괴 이탈       검증2023~26        209  +5.19%  +2.29%   58%   2.39  -19.1%   +4.9%    2
업종붕괴 이탈       기준2016~          754  +5.79%  +6.47%   61%   2.21  -31.5%   +5.3%   10

깊은 이격         스트레스2005~15      545  +2.75% -10.25%   41%   1.46  -20.1%   +0.8%   16
깊은 이격         학습2016~22        537  +5.51%  +2.25%   51%   2.08  -26.4%   +4.3%   17
깊은 이격         검증2023~26         81  +6.75%  +1.70%   53%   2.47  -21.6%   +6.5%    2
깊은 이격         기준2016~          618  +5.67%  +1.72%   51%   2.13  -26.4%   +4.5%   19

자사주 낙폭        스트레스2005~15      185  +4.66%  +4.03%   62%   2.25  -51.0%   +1.9%   49
자사주 낙폭        학습2016~22        172 +10.92%  +5.80%   74%   8.01  -28.8%   +1.6%   36
자사주 낙폭        검증2023~26         30  +6.66%  +4.94%   67%   5.10   -9.6%   +3.6%   11
자사주 낙폭        기준2016~          202 +10.29%  +5.46%   73%   7.56  -28.8%   +2.6%   47

낙폭과대          스트레스2005~15       10 +16.95% +14.21%   60%   3.86  -18.7%   +2.6%    5
낙폭과대          학습2016~22        135 +36.81% +32.21%   96% 110.91  -21.1%  +19.1%    7
낙폭과대          검증2023~26         23 +37.09% +34.08%   96%  38.09  -23.0%   +8.3%    2
낙폭과대          기준2016~          158 +36.85% +32.28%   96%  86.36  -23.0%  +21.2%    9

저PBR 낙폭       스트레스2005~15        8 +27.79% +33.78%   62%   9.29  -14.2%   +2.6%    6
저PBR 낙폭       학습2016~22         58 +60.86% +54.28%   88%  24.46  -97.0%   -0.7%   11
저PBR 낙폭       검증2023~26         19 +16.53% +14.81%   74%  11.40   -9.5%   +4.3%    6
저PBR 낙폭       기준2016~           77 +49.92% +33.42%   84%  22.28  -97.0%   +7.6%   17

→ data/stats_2016.json 저장

연도별 (2016~) 건수·평균·승률

===== 계좌 =====
--------------------------------------------------------------------------------------------------------
2005~2007         3.0    1.34배    10.2%     -3.2%    424  외인 매집 +14 · 자사주 낙폭 +11 · 조정매집 +5
2008~2009 위기      2.0    1.16배     7.4%    -11.9%   4130  조정매집 +5 · 자사주 낙폭 +4 · 폭락반등 +3
2010~2012         3.0    1.09배     3.0%     -7.3%    587  자사주 낙폭 +5 · 외인 매집 +3 · 저PBR 낙폭 +3
2013~2015         3.0    1.35배    10.5%     -4.3%    359  외인 매집 +14 · 저PBR 낙폭 +9 · 자사주 낙폭 +5
스트레스 2005~15     11.1    2.15배     7.2%    -10.4%   5500  외인 매집 +37 · 자사주 낙폭 +32 · 저PBR 낙폭 +19
학습 2016~2022      7.0    3.25배    18.4%     -7.5%   6207  조정매집 +73 · 조용한 신고가 +38 · 외인 매집 +36
검증 2023~2026      3.6    2.21배    24.4%     -4.1%   1716  외인 매집 +47 · 조용한 신고가 +30 · 낙폭과대 +16
기준 2016~         10.6    7.08배    20.2%     -7.5%   7923  외인 매집 +179 · 조용한 신고가 +136 · 조정매집 +87
전체 2005~         21.7   16.02배    13.6%    -10.4%  13423  외인 매집 +454 · 조용한 신고가 +294 · 조정매집 +222

연도별 계좌 수익률(중앙값)
  2005:-0.1% · 2006:+12.9% · 2007:+18.7% · 2008:+6.7% · 2009:+4.5% · 2010:-2.3% · 2011:+6.2% · 2012:+3.2% · 2013:-0.2% · 2014:+5.8% · 2015:+27.8% · 2016:-0.1% · 2017:-1.0% · 2018:+20.4% · 2019:+13.2% · 2020:+34.9% · 2021:+46.2% · 2022:+28.0% · 2023:+11.9% · 2024:+46.4% · 2025:+4.6% · 2026:+24.3%
