2026-09-04 04:11:54,835 INFO DART 공시 수집: 대상 2597종목 (완료 5687) · 20050101~20151231
2026-09-04 04:12:51,672 INFO 50/2597 (32,273건, 0.9분, 남은 예상 48분)
2026-09-04 04:13:47,607 INFO 100/2597 (61,974건, 1.9분, 남은 예상 47분)
2026-09-04 04:15:01,375 INFO 150/2597 (98,984건, 3.1분, 남은 예상 51분)
2026-09-04 04:16:01,706 INFO 200/2597 (142,107건, 4.1분, 남은 예상 49분)
2026-09-04 04:17:04,028 INFO 250/2597 (173,697건, 5.2분, 남은 예상 48분)
2026-09-04 04:18:09,462 INFO 300/2597 (194,088건, 6.2분, 남은 예상 48분)
2026-09-04 04:19:18,180 INFO 350/2597 (236,217건, 7.4분, 남은 예상 47분)
2026-09-04 04:20:00,694 INFO 400/2597 (275,593건, 8.1분, 남은 예상 44분)
2026-09-04 04:21:01,469 INFO 450/2597 (303,422건, 9.1분, 남은 예상 43분)
2026-09-04 04:22:05,032 INFO 500/2597 (345,608건, 10.2분, 남은 예상 43분)
2026-09-04 04:22:54,553 INFO 550/2597 (375,818건, 11.0분, 남은 예상 41분)
2026-09-04 04:23:38,224 INFO 600/2597 (400,692건, 11.7분, 남은 예상 39분)
2026-09-04 04:24:11,083 INFO 650/2597 (420,594건, 12.3분, 남은 예상 37분)
2026-09-04 04:24:31,439 INFO 700/2597 (431,556건, 12.6분, 남은 예상 34분)
2026-09-04 04:24:39,516 INFO 750/2597 (433,108건, 12.7분, 남은 예상 31분)
2026-09-04 04:24:46,873 INFO 800/2597 (433,419건, 12.9분, 남은 예상 29분)
2026-09-04 04:25:01,034 INFO 850/2597 (438,941건, 13.1분, 남은 예상 27분)
2026-09-04 04:25:31,331 INFO 900/2597 (455,534건, 13.6분, 남은 예상 26분)
2026-09-04 04:26:04,166 INFO 950/2597 (474,579건, 14.2분, 남은 예상 25분)
2026-09-04 04:26:38,787 INFO 1000/2597 (494,718건, 14.7분, 남은 예상 24분)
2026-09-04 04:27:16,921 INFO 1050/2597 (516,955건, 15.4분, 남은 예상 23분)
2026-09-04 04:27:56,341 INFO 1100/2597 (539,841건, 16.0분, 남은 예상 22분)
2026-09-04 04:28:34,252 INFO 1150/2597 (562,251건, 16.7분, 남은 예상 21분)
2026-09-04 04:29:11,185 INFO 1200/2597 (584,080건, 17.3분, 남은 예상 20분)
2026-09-04 04:29:45,573 INFO 1250/2597 (604,790건, 17.8분, 남은 예상 19분)
2026-09-04 04:30:25,036 INFO 1300/2597 (626,493건, 18.5분, 남은 예상 18분)
2026-09-04 04:30:56,663 INFO 1350/2597 (645,857건, 19.0분, 남은 예상 18분)
2026-09-04 04:31:29,284 INFO 1400/2597 (663,850건, 19.6분, 남은 예상 17분)
2026-09-04 04:32:00,028 INFO 1450/2597 (682,243건, 20.1분, 남은 예상 16분)
2026-09-04 04:32:31,345 INFO 1500/2597 (699,779건, 20.6분, 남은 예상 15분)
2026-09-04 04:32:55,735 INFO 1550/2597 (713,280건, 21.0분, 남은 예상 14분)
2026-09-04 04:33:17,960 INFO 1600/2597 (725,579건, 21.4분, 남은 예상 13분)
2026-09-04 04:33:34,579 INFO 1650/2597 (733,512건, 21.7분, 남은 예상 12분)
2026-09-04 04:33:48,816 INFO 1700/2597 (741,374건, 21.9분, 남은 예상 12분)
2026-09-04 04:34:00,409 INFO 1750/2597 (746,529건, 22.1분, 남은 예상 11분)
2026-09-04 04:34:09,153 INFO 1800/2597 (749,543건, 22.2분, 남은 예상 10분)
2026-09-04 04:34:16,720 INFO 1850/2597 (751,905건, 22.4분, 남은 예상 9분)
2026-09-04 04:34:24,010 INFO 1900/2597 (753,700건, 22.5분, 남은 예상 8분)
2026-09-04 04:34:30,850 INFO 1950/2597 (754,638건, 22.6분, 남은 예상 7분)
2026-09-04 04:34:37,422 INFO 2000/2597 (754,861건, 22.7분, 남은 예상 7분)
2026-09-04 04:34:44,226 INFO 2050/2597 (754,941건, 22.8분, 남은 예상 6분)
2026-09-04 04:34:50,827 INFO 2100/2597 (755,018건, 22.9분, 남은 예상 5분)
2026-09-04 04:34:58,052 INFO 2150/2597 (755,060건, 23.1분, 남은 예상 5분)
2026-09-04 04:35:05,073 INFO 2200/2597 (755,117건, 23.2분, 남은 예상 4분)
2026-09-04 04:35:14,151 INFO 2250/2597 (755,155건, 23.3분, 남은 예상 4분)
2026-09-04 04:35:19,187 INFO 2300/2597 (755,203건, 23.4분, 남은 예상 3분)
2026-09-04 04:35:25,838 INFO 2350/2597 (755,245건, 23.5분, 남은 예상 2분)
2026-09-04 04:35:33,271 INFO 2400/2597 (755,307건, 23.6분, 남은 예상 2분)
2026-09-04 04:35:40,328 INFO 2450/2597 (755,357건, 23.8분, 남은 예상 1분)
2026-09-04 04:35:47,261 INFO 2500/2597 (755,453건, 23.9분, 남은 예상 1분)
2026-09-04 04:35:55,112 INFO 2550/2597 (755,478건, 24.0분, 남은 예상 0분)
공시 1,898,895건 · 2897종목 · 20050103~20260828
상위 공시 유형:
   231,848  임원ㆍ주요주주특정증권등소유상황보고서
    94,036  주식등의대량보유상황보고서(일반)
    63,488  증권발행실적보고서
    60,126  주식등의대량보유상황보고서(약식)
    58,154  투자설명서(일괄신고)
    51,001  최대주주등소유주식변동신고서
    45,704  주주총회소집공고
    33,716  주주총회소집결의
    31,736  일괄신고추가서류(파생결합증권-주가연계증권)
    30,359  감사보고서제출
    30,011  정기주주총회결과
    24,040  독립이사의선임ㆍ해임또는중도퇴임에관한신고
