(a) 점수≤20 이 걸러낸 신호들 — 기준선 실거래 중 점수>20 인 것 (2016~)
  [업종붕괴 이탈] 전체 754건 → 남김 619건(평균 +6.2%) · 걸러냄 116건(평균 +1.1% · 중앙 +0.9% · 승률 52% · 최악 -31.0%)
      2020-03 비중: 기준선 65% → 문턱 후 69%
  [저PBR 낙폭] 전체 77건 → 남김 51건(평균 +69.9%) · 걸러냄 25건(평균 +10.6% · 중앙 +6.1% · 승률 72% · 최악 -97.4%)
      2020-03 비중: 기준선 49% → 문턱 후 67%

(b) 계좌 — 같은 시드 12개 짝 비교 (자산 배수 중앙값 / 최대낙폭 / 현행보다 나은 시드 수)
  안                             학습 2016~22                검증 2023~26                  기준 2016~
  현행                  3.08배     -8%      기준      2.17배     -4%      기준      6.58배     -8%      기준
  업종붕괴 ≤20            3.14배     -7%    6/12      2.17배     -4%    9/12      6.42배     -7%    5/12
  저PBR ≤20            3.07배     -9%    4/12      2.08배     -5%    6/12      6.33배     -9%    5/12
  둘 다                 3.14배     -7%    6/12      2.09배     -5%    5/12      6.58배     -7%    5/12

  연도별 계좌 수익률(중앙값) — 기준 2016~
  해                 현행      업종붕괴 ≤20      저PBR ≤20           둘 다
  2016           -2.6%         -2.5%         -2.6%         -2.5%
  2017           -1.1%         -1.1%         -1.1%         -1.1%
  2018          +18.3%        +18.2%        +17.6%        +17.6%
  2019          +12.8%        +12.1%        +13.3%        +13.1%
  2020          +33.2%        +32.7%        +33.8%        +33.3%
  2021          +42.5%        +43.8%        +42.4%        +43.9%
  2022          +25.5%        +28.4%        +26.1%        +27.5%
  2023          +11.5%        +11.5%        +10.5%        +10.5%
  2024          +44.0%        +44.8%        +42.5%        +43.2%
  2025           +5.0%         +4.3%         +5.5%         +5.5%
  2026          +26.0%        +22.1%        +23.1%        +22.2%

(c) 비중 배율을 바꿔도 순서가 유지되나 (기준 2016~ · 둘 다 적용안)
  x0.5: 현행 3.02배 → 둘 다 2.95배 · 나은 시드 4/12
  x1.5: 현행 8.78배 → 둘 다 8.67배 · 나은 시드 4/12
