================================================================================================================================
[코스피]  매수=공탐 L 하향돌파 다음날 시가 · 매도=공탐 H 이상 첫날 종가(최대 120일)
================================================================================================================================
  L→H           전체    보유   미도달           학습2016~22 (평균·중앙·승률·CI)                         검증2023~26     초과(검증)
  ----------------------------------------------------------------------------------------------------------------------------
   10→30      3008   28일    5%    1078건  +14.8% +14.5  75%  -1.0     660건   +2.8%  +2.7  57%  -6.7     -1.43%
   10→40      3008   42일   14%    1078건  +18.1% +17.3  76%  -0.2     660건   +2.0%  +2.8  57%  -9.3     -3.98%
   10→50      3008   61일   28%    1078건  +19.9% +20.0  75%  -3.2     660건   +0.3%  +2.9  56% -12.5     -6.82%
   10→60      3008   79일   48%    1078건  +24.6% +21.7  73%  -1.5     660건   -0.6%  +2.4  54% -15.0     -7.98%
   10→70      3008   95일   75%    1078건  +32.1% +22.3  72%  -1.7     660건   -1.2%  +2.2  54% -16.5     -9.10%
   10→80      3008  103일   95%    1078건  +36.4% +21.4  70%  -2.4     660건   -1.6%  +1.9  53% -17.6     -9.62%
   15→30      8897   23일    3%    2970건   +5.5%  +4.4  65%  +0.1    2064건   +1.7%  +2.3  58%  -2.0     -1.71%
   15→40      8897   38일   10%    2970건   +7.0%  +6.0  66%  -0.1    2064건   +2.1%  +2.8  59%  -2.2     -3.10%
   15→50      8897   58일   23%    2970건   +7.8%  +6.9  66%  -1.4    2064건   +1.2%  +2.5  57%  -4.5     -5.94%
   15→60      8897   80일   47%    2970건  +10.3%  +7.2  63%  -0.5    2064건   +0.2%  +1.9  54%  -6.7     -7.75%
   15→70      8897   97일   76%    2970건  +11.4%  +6.8  60%  -2.6    2064건   +0.3%  +1.0  53%  -7.5     -8.52%
   15→80      8897  105일   95%    2970건  +13.5%  +5.0  57%  -3.0    2064건   +0.7%  +0.9  52%  -7.0     -8.16%
   20→30     17316   19일    2%    6081건   +2.1%  +2.0  60%  +0.1    3830건   +1.0%  +1.8  59%  -1.0     -1.22%
   20→40     17316   33일    6%    6081건   +3.8%  +3.5  63%  +1.0    3830건   +1.5%  +2.1  58%  -1.2     -2.24%
   20→50     17316   53일   17%    6081건   +4.6%  +4.9  64%  +0.8    3830건   +1.5%  +2.1  56%  -1.7     -3.98%
   20→60     17316   77일   40%    6081건   +5.8%  +4.6  60%  +0.9    3830건   +0.5%  +1.1  53%  -3.4     -6.60%
   20→70     17316   98일   71%    6081건   +5.6%  +2.5  54%  -0.9    3830건   +0.4%  -0.1  50%  -4.4     -8.06%
   20→80     17316  108일   93%    6081건   +6.7%  +0.5  51%  -1.0    3830건   +0.8%  -0.7  49%  -4.2     -7.96%
   25→30     27806   14일    1%   10380건   +0.7%  +1.1  58%  -0.2    5774건   +0.5%  +1.5  59%  -0.8     -1.17%
   25→40     27806   28일    4%   10380건   +1.7%  +2.0  59%  +0.4    5774건   +1.0%  +1.7  57%  -0.7     -2.18%
   25→50     27806   47일   13%   10380건   +2.4%  +3.0  61%  +0.7    5774건   +1.5%  +1.9  56%  -0.5     -3.57%
   25→60     27806   73일   34%   10380건   +3.1%  +3.2  58%  +0.6    5774건   +0.9%  +1.0  53%  -1.5     -5.83%
   25→70     27806   97일   67%   10380건   +2.7%  +1.2  52%  -0.8    5774건   +0.5%  -0.7  48%  -2.8     -7.92%
   25→80     27806  111일   93%   10380건   +4.2%  -1.6  47%  -0.5    5774건   +1.0%  -1.8  46%  -2.5     -7.86%
   30→40     40105   23일    3%   15509건   +0.8%  +1.2  56%  -0.1    8123건   +0.3%  +1.3  57%  -1.3     -2.28%
   30→50     40105   42일    9%   15509건   +1.6%  +2.0  58%  +0.5    8123건   +0.9%  +1.7  57%  -1.0     -3.55%
   30→60     40105   68일   28%   15509건   +1.8%  +2.1  56%  +0.2    8123건   +0.5%  +0.9  53%  -1.6     -6.06%
   30→70     40105   96일   63%   15509건   +1.7%  +0.1  50%  -0.9    8123건   +0.1%  -0.9  48%  -2.8     -8.46%
   30→80     40105  112일   92%   15509건   +2.7%  -3.2  45%  -0.8    8123건   +0.9%  -2.3  45%  -2.6     -8.52%
   40→50     71143   30일    5%   28137건   +0.4%  +0.6  53%  -0.5   14739건   +0.4%  +1.0  56%  -1.0     -2.62%
   40→60     71143   57일   20%   28137건   +0.6%  +0.6  52%  -0.7   14739건   +0.2%  +0.8  53%  -1.5     -5.31%
   40→70     71143   91일   56%   28137건   +0.8%  -1.1  47%  -1.4   14739건   +0.3%  -1.1  48%  -2.1     -7.85%
   40→80     71143  112일   89%   28137건   +2.4%  -4.8  41%  -0.9   14739건   +7.2%  -3.7  44%  +0.8     -2.39%
   50→60    100437   43일   13%   40300건   -0.1%  +0.4  52%  -1.2   20465건   +0.2%  +0.8  54%  -1.1     -3.91%
   50→70    100437   83일   48%   40300건   -0.0%  -1.1  47%  -1.9   20465건   +0.7%  -0.3  49%  -1.4     -6.56%
   50→80    100437  111일   86%   40300건   +0.8%  -5.6  41%  -1.8   20465건   +2.8%  -3.3  45%  -0.1     -6.65%

  ★ 통과(검증 중앙>0 & CI>0 & 초과>0): 0개

================================================================================================================================
[코스닥]  매수=공탐 L 하향돌파 다음날 시가 · 매도=공탐 H 이상 첫날 종가(최대 120일)
================================================================================================================================
  L→H           전체    보유   미도달           학습2016~22 (평균·중앙·승률·CI)                         검증2023~26     초과(검증)
  ----------------------------------------------------------------------------------------------------------------------------
   10→30      3799   26일   10%    1510건  +25.4%  +9.2  66%  -0.2    1310건   +3.0%  +1.6  54%  -4.8     -0.59%
   10→40      3799   39일   22%    1510건  +30.2% +11.1  68%  +3.3    1310건   +2.3%  +1.7  53%  -7.3     -2.15%
   10→50      3799   55일   35%    1510건  +33.7% +13.7  66%  +1.2    1310건   +1.5%  +0.9  52%  -8.2     -3.26%
   10→60      3799   72일   55%    1510건  +67.1% +13.8  63% +18.7    1310건   +0.6%  -0.7  49% -10.8     -4.11%
   10→70      3799   87일   79%    1510건  +77.6% +14.3  61% +25.5    1310건   -0.3%  -1.4  48% -12.3     -4.99%
   10→80      3799   95일   96%    1510건  +77.9% +14.5  60% +19.2    1310건   -0.4%  -1.5  48% -12.5     -5.14%
   15→30     11432   22일    6%    4177건  +12.2%  +4.7  64%  +3.5    3768건   +0.9%  +0.5  51%  -4.0     -1.86%
   15→40     11432   36일   16%    4177건  +15.3%  +6.6  64%  +4.6    3768건   +0.7%  +0.5  51%  -4.4     -3.00%
   15→50     11432   54일   29%    4177건  +19.5%  +7.5  63%  +7.3    3768건   -0.1%  -0.4  49%  -5.3     -4.46%
   15→60     11432   75일   50%    4177건  +29.4%  +7.6  61% +13.9    3768건   -2.3%  -2.2  46%  -8.3     -6.66%
   15→70     11432   92일   77%    4177건  +35.4%  +6.9  57% +16.8    3768건   -3.5%  -4.5  43% -10.6     -7.56%
   15→80     11432  101일   95%    4177건  +36.2%  +5.3  55% +15.5    3768건   -3.7%  -5.1  42% -10.9     -7.70%
   20→30     23398   18일    3%    8926건   +4.4%  +2.7  61%  +1.4    6897건   +0.3%  +0.7  52%  -2.7     -1.48%
   20→40     23398   32일    9%    8926건   +6.8%  +4.0  62%  +2.9    6897건   -0.4%  +0.0  50%  -3.9     -3.00%
   20→50     23398   51일   21%    8926건   +9.3%  +5.2  62%  +4.2    6897건   -1.2%  -0.7  48%  -4.9     -4.57%
   20→60     23398   75일   43%    8926건  +16.4%  +4.2  58%  +8.2    6897건   -3.1%  -3.4  44%  -7.0     -6.59%
   20→70     23398   96일   73%    8926건  +20.5%  +2.2  53%  +9.7    6897건   -4.4%  -6.2  40%  -8.6     -7.89%
   20→80     23398  107일   94%    8926건  +22.5%  +0.2  50% +10.0    6897건   -4.7%  -7.5  38%  -9.2     -8.14%
   25→30     38813   13일    2%   15430건   +4.7%  +1.5  58%  +1.0   10639건   -0.1%  +1.1  55%  -2.3     -1.23%
   25→40     38813   27일    6%   15430건   +6.5%  +2.5  59%  +2.5   10639건   -0.5%  +0.4  51%  -3.4     -2.54%
   25→50     38813   46일   15%   15430건   +8.3%  +3.7  60%  +3.8   10639건   -1.0%  -0.2  50%  -4.4     -4.01%
   25→60     38813   72일   36%   15430건  +10.8%  +3.3  57%  +5.6   10639건   -2.8%  -2.9  45%  -6.0     -6.09%
   25→70     38813   97일   69%   15430건  +12.9%  +0.3  50%  +5.8   10639건   -4.8%  -7.6  39%  -8.5     -8.05%
   25→80     38813  110일   93%   15430건  +13.7%  -2.2  47%  +6.0   10639건   -5.2%  -9.4  36%  -9.3     -8.59%
   30→40     57778   22일    3%   23370건   +4.0%  +1.7  57%  +1.6   15269건   -0.6%  +0.7  53%  -3.0     -2.27%
   30→50     57778   41일   10%   23370건   +5.5%  +2.3  57%  +2.6   15269건   -1.1%  +0.1  50%  -4.0     -3.76%
   30→60     57778   68일   30%   23370건   +9.8%  +2.2  55%  +4.8   15269건   -2.7%  -2.3  45%  -5.7     -5.89%
   30→70     57778   96일   65%   23370건  +10.8%  -1.1  48%  +4.8   15269건   -4.4%  -7.2  39%  -8.0     -7.66%
   30→80     57778  112일   93%   23370건  +12.0%  -4.0  44%  +5.4   15269건   -4.3%  -9.7  36%  -8.3     -7.84%
   40→50    105087   29일    5%   43199건   +1.8%  +0.9  54%  +0.2   26821건   -0.9%  +0.5  52%  -3.0     -2.61%
   40→60    105087   57일   21%   43199건   +6.4%  +0.9  53%  +2.6   26821건   -2.4%  -1.4  46%  -4.8     -4.97%
   40→70    105087   91일   57%   43199건   +7.6%  -1.5  47%  +2.7   26821건   -3.6%  -6.8  39%  -7.1     -6.58%
   40→80    105087  113일   90%   43199건   +9.6%  -5.6  42%  +3.7   26821건   -3.3% -11.0  35%  -7.4     -6.56%
   50→60    149916   43일   13%   62826건   +2.6%  +0.4  51%  +0.7   35645건   -2.0%  -0.5  48%  -4.1     -3.83%
   50→70    149916   83일   49%   62826건   +3.5%  -1.5  47%  +0.5   35645건   -3.4%  -5.7  40%  -6.8     -5.85%
   50→80    149916  112일   88%   62826건   +5.0%  -6.1  41%  +1.2   35645건   -0.7% -11.6  35%  -5.6     -3.56%

  ★ 통과(검증 중앙>0 & CI>0 & 초과>0): 0개

