패널 로드 완료 · 코스피 5,023,801 · 코스닥 6,679,923

==================================================================================================================================
[코스피]  매수=LOW 진입 다음날 시가 · 매도=공탐 {hi} 이상 첫날 종가 (최대 120일)
==================================================================================================================================
  조건                                  스트레스2005~15                학습2016~22                검증2023~26    평균보유    미도달
  6개월 · 사이클 요구없음        8143건  +0.4%  +1.4  54%  -0.98025건  +0.7%  +0.9  53%  -0.64311건  +1.3%  +1.4  56%  -1.1     55일    18%
  6개월 · 사이클 2회+         1725건  -0.0%  +2.0  56%  -1.82031건  +1.2%  +0.7  52%  -1.11224건  +0.7%  +1.2  54%  -2.4     56일    20%
  6개월 · 사이클 3회+          149건  -0.8%  +1.9  54%  -4.2 147건  -0.4%  +0.7  52%  -2.7 146건  +0.6%  -0.2  49%  -2.4     59일    25%
  6개월 · 사이클 4회+            5건  -9.2%  -4.3  20%  +nan                        —                        —     49일    11%
  1년 · 사이클 요구없음         8143건  +0.4%  +1.4  54%  -0.98025건  +0.7%  +0.9  53%  -0.64311건  +1.3%  +1.4  56%  -1.1     55일    18%
  1년 · 사이클 2회+          4644건  +0.1%  +2.0  56%  -1.35126건  +1.6%  +1.1  54%  +0.23044건  +1.6%  +1.6  56%  -1.1     55일    18%
  1년 · 사이클 3회+          1776건  +0.7%  +1.9  56%  -1.12093건  +2.0%  +1.1  54%  -0.11470건  +1.7%  +1.7  56%  -1.2     55일    19%
  1년 · 사이클 4회+           404건  +0.1%  +1.5  53%  -2.2 471건  -0.4%  +1.1  54%  -2.3 394건  +1.4%  +1.7  54%  -1.5     56일    20%

==================================================================================================================================
[코스닥]  매수=LOW 진입 다음날 시가 · 매도=공탐 {hi} 이상 첫날 종가 (최대 120일)
==================================================================================================================================
  조건                                  스트레스2005~15                학습2016~22                검증2023~26    평균보유    미도달
  6개월 · 사이클 요구없음        10553건  +0.4%  +0.1  50%  -1.212852건  +2.3%  +1.4  54%  +0.77428건  -0.5%  -0.2  49%  -3.8     54일    18%
  6개월 · 사이클 2회+         2089건  +1.2%  +0.7  52%  -1.13250건  +2.4%  +1.3  54%  +0.41929건  -2.3%  -1.7  46%  -7.0     54일    20%
  6개월 · 사이클 3회+          143건  +4.5%  -2.1  45%  -7.2 291건  +1.1%  +1.0  53%  -2.4 157건  -6.7%  -2.1  43% -11.5     58일    23%
  6개월 · 사이클 4회+                                 —   6건  -3.7%  -2.1  50%  +nan                        —     60일    12%
  1년 · 사이클 요구없음         10553건  +0.4%  +0.1  50%  -1.212852건  +2.3%  +1.4  54%  +0.77428건  -0.5%  -0.2  49%  -3.8     54일    18%
  1년 · 사이클 2회+          5752건  +0.6%  +0.8  52%  -1.38143건  +2.4%  +1.6  55%  +0.95016건  -0.4%  -0.1  50%  -4.2     54일    18%
  1년 · 사이클 3회+          2185건  -0.2%  -0.0  50%  -2.33532건  +2.9%  +1.4  55%  +0.82208건  -1.0%  -0.3  49%  -4.9     54일    19%
  1년 · 사이클 4회+           459건  +1.4%  -1.0  47%  -2.9 843건  +6.3%  +1.3  54%  +0.3 535건  -2.4%  -1.5  46%  -7.5     54일    19%

