
====================================================================================================================
문턱 30 · 공포 탈출 — fg<30 30일 이상 → fg≥30 2일 연속
====================================================================================================================

[코스피] 원신호 2,361건
  매도                 스트레스2005~15                학습2016~22                검증2023~26       초과
    5일 650건  -0.9%  -1.7  40%  -2.2 512건  +0.4%  -0.1  50%  -0.6 280건  -0.9%  -1.3  38%  -1.8    +0.02%
   10일 634건  +1.5%  -1.6  45%  -1.0 503건  +0.6%  -0.2  49%  -1.1 277건  +0.0%  -1.0  45%  -1.8    -0.28%
   20일 621건  +0.2%  -1.8  44%  -2.2 486건  +1.8%  -0.0  50%  -1.6 269건  +0.3%  -0.3  48%  -3.5    -0.11%
   40일 578건  -0.8%  -2.3  46%  -3.9 451건  +2.8%  -0.1  50%  -1.4 260건  -1.3%  -0.5  47%  -7.5    -1.54%
   60일 547건  +0.3%  -2.1  47%  -3.3 433건  +3.0%  -0.8  48%  -2.8 249건  -2.2%  -1.0  47%  -8.8    -2.94%

[코스닥] 원신호 2,862건
  매도                 스트레스2005~15                학습2016~22                검증2023~26       초과
    5일 546건  -2.0%  -2.4  39%  -3.1 675건  -0.6%  -0.9  44%  -1.7 454건  -1.6%  -2.1  37%  -2.3    -0.70%
   10일 537건  -1.9%  -2.7  42%  -4.5 667건  +0.6%  -1.0  46%  -1.5 449건  -1.1%  -3.2  38%  -2.5    -0.29%
   20일 516건  -0.7%  -2.4  43%  -4.9 644건  +0.3%  -2.1  42%  -2.8 434건  -1.0%  -3.2  39%  -2.7    -1.23%
   40일 490건  +5.6%  -4.1  41%  -5.5 605건  +9.2%  -2.4  45%  -0.9 415건  -1.8%  -3.7  39%  -5.7    +2.38%
   60일 474건  +0.2%  -5.5  45%  -6.5 577건 +11.9%  -1.6  47%  +2.4 400건  -2.9%  -3.7  38%  -7.8    +1.58%

====================================================================================================================
문턱 30 · 탐욕 붕괴 — fg≥30 30일 이상 → fg<30 2일 연속
====================================================================================================================

[코스피] 원신호 14,715건
  매도                 스트레스2005~15                학습2016~22                검증2023~26       초과
    5일3577건  +0.5%  +0.1  51%  -0.44081건  -0.7%  -0.5  46%  -2.42028건  +0.0%  -0.2  49%  -1.4    +0.29%
   10일3573건  +0.2%  -0.0  50%  -0.74081건  -0.6%  -0.7  46%  -1.52028건  +0.6%  +0.2  52%  -1.3    +0.26%
   20일3539건  +0.7%  -0.0  50%  -0.64047건  +0.5%  -0.0  50%  -1.82021건  -0.2%  -1.0  46%  -2.8    +0.01%
   40일3272건  +0.5%  -1.8  45%  -1.73714건  +3.1%  +0.8  53%  +0.21849건  +1.5%  -0.5  48%  -2.4    +0.37%
   60일3014건  +1.1%  -1.9  45%  -1.33324건  +4.0%  -0.1  50%  +0.61675건  +2.5%  -1.8  45%  -1.5    +0.07%

[코스닥] 원신호 19,755건
  매도                 스트레스2005~15                학습2016~22                검증2023~26       초과
    5일4464건  +0.8%  +0.1  50%  -0.36131건  -0.6%  -0.3  48%  -2.73707건  +0.3%  -0.3  48%  -1.3    +0.18%
   10일4462건  +0.1%  -0.5  48%  -1.06126건  +0.0%  -0.4  48%  -0.93707건  +0.5%  -0.6  47%  -2.1    +0.02%
   20일4439건  +0.1%  -0.5  49%  -1.76104건  +2.3%  +0.8  52%  -0.23706건  -1.4%  -2.8  41%  -4.7    -0.39%
   40일4217건  -0.8%  -2.7  43%  -3.55813건  +9.7%  +1.7  54%  +3.43587건  -0.4%  -3.0  43%  -5.6    +2.25%
   60일3911건  +0.3%  -4.0  43%  -3.05279건 +12.2%  +0.7  52%  +3.33278건  -0.7%  -5.4  39%  -4.4    +2.44%

====================================================================================================================
문턱 20 · 공포 탈출 — fg<20 30일 이상 → fg≥20 2일 연속
====================================================================================================================

[코스피] 원신호 379건
  매도                 스트레스2005~15                학습2016~22                검증2023~26       초과
    5일 112건  -2.0%  -2.7  39%  -3.5  46건  -0.4%  -0.6  48%  -3.1  89건  -1.3%  -1.3  43%  -5.5    -0.74%
   10일 110건  -4.0%  -3.4  42%  -7.3  45건  +1.8%  -0.4  44%  -3.0  89건  -1.6%  -1.5  44%  -3.2    -0.50%
   20일 104건  -1.6%  -0.2  48%  -6.6  45건  +0.6%  +1.5  53%  -4.9  87건  +3.1%  +0.9  59%  -1.9    +0.78%
   40일 100건  +3.1%  +5.3  59%  -3.8  44건  +8.1%  +4.3  64%  +0.0  84건  +3.0%  +1.5  62%  -3.5    +1.71%
   60일 100건  +2.1%  -1.3  46%  -4.6  43건  +7.7%  +5.0  56%  -1.0  83건  +3.5%  +1.8  64%  -2.1    +1.76%

[코스닥] 원신호 446건
  매도                 스트레스2005~15                학습2016~22                검증2023~26       초과
    5일  73건 +13.1%  +0.1  51%  -2.8  55건  -0.2%  -1.0  44%  -3.8 138건  -0.2%  -0.8  46%  -0.8    -0.12%
   10일  73건  +9.8%  -0.8  48%  -5.1  55건  +9.6%  -2.6  42%  -4.0 138건  -0.7%  -3.6  37%  -3.4    +2.24%
   20일  71건 +13.3%  +2.5  58%  -0.7  54건 +15.3%  -0.8  48%  -2.7 137건  -0.3%  -1.4  43%  -2.6    +3.05%
   40일  70건 +44.4%  -4.8  41%  -0.6  52건 +36.3%  -5.3  42%  +3.9 135건  +0.8%  -2.0  41%  -2.2    +8.38%
   60일  69건 +23.5%  -4.1  45%  -7.1  52건 +31.8%  -5.6  38%  -2.6 134건  +0.7%  -2.2  42%  -2.1    +6.08%

====================================================================================================================
문턱 20 · 탐욕 붕괴 — fg≥20 30일 이상 → fg<20 2일 연속
====================================================================================================================

[코스피] 원신호 7,543건
  매도                 스트레스2005~15                학습2016~22                검증2023~26       초과
    5일1952건  +1.6%  +0.9  55%  +0.62090건  -1.5%  -1.1  45%  -3.61022건  +0.3%  -0.0  50%  -1.7    +0.32%
   10일1942건  +1.4%  +0.6  52%  +0.32079건  +1.4%  +0.2  51%  -0.31019건  -0.1%  -0.3  50%  -1.9    +0.51%
   20일1909건  +2.0%  +0.6  53%  +0.32026건  +5.7%  +3.6  60%  -0.7 997건  -1.4%  -1.4  45%  -4.0    +0.47%
   40일1760건  +0.4%  -1.4  46%  -2.71845건 +10.8%  +5.0  62%  +1.3 921건  +0.2%  -1.7  46%  -3.8    +1.56%
   60일1642건  +1.0%  -2.1  46%  -2.41746건 +12.5%  +6.0  61%  +1.0 864건  +2.8%  -0.4  49%  -1.5    +0.80%

[코스닥] 원신호 10,116건
  매도                 스트레스2005~15                학습2016~22                검증2023~26       초과
    5일2218건  +1.6%  +0.8  53%  +0.13145건  -0.5%  -0.6  47%  -3.01945건  -0.1%  -0.4  48%  -1.7    +0.10%
   10일2215건  +1.1%  +0.5  52%  -0.23140건  +2.7%  +0.9  54%  +0.51944건  -0.7%  -1.9  43%  -3.2    +0.23%
   20일2175건  +1.1%  +0.4  51%  -1.03112건  +8.1%  +4.5  62%  +1.51934건  -3.5%  -4.9  36%  -7.4    +0.07%
   40일2026건  -0.1%  -3.1  44%  -4.02932건 +15.7%  +5.3  61%  +3.51841건  -2.7%  -4.7  40%  -7.8    +1.53%
   60일1918건  +2.8%  -2.6  46%  -2.12744건 +16.2%  +5.9  60%  +2.41713건  -3.1%  -6.4  37%  -6.3    -0.18%
