패널 로드 · 코스피 5,023,801행 · 코스닥 6,679,923행 · 공탐 유효 90%/89%

======================================================================================================================
① 요청하신 조건 그대로 — 침체 30일 이상 → 돌파 2일 연속 (건수·평균·중앙·승률·CI하한)
======================================================================================================================

[코스피 · 침체30일→돌파2일]  신호 1,471건 (기본필터 적용)
  매도                   스트레스2005~15                 학습2016~22                 검증2023~26                   기준2016~     초과(기준2016~)
    5일    650건  -0.9%  -1.7  40%  -2.2  512건  +0.4%  -0.1  50%  -0.6  280건  -0.9%  -1.3  38%  -1.8  792건  -0.0%  -0.7  45%  -0.8          +0.02%
   10일    634건  +1.5%  -1.6  45%  -0.9  503건  +0.6%  -0.2  49%  -1.1  277건  +0.0%  -1.0  45%  -1.8  780건  +0.4%  -0.4  48%  -0.8          -0.28%
   15일    632건  +0.5%  -1.3  45%  -1.8  494건  +1.0%  -0.6  49%  -1.0  274건  +0.8%  -0.4  46%  -1.4  768건  +0.9%  -0.4  48%  -0.6          -0.09%
   20일    621건  +0.2%  -1.8  44%  -2.2  486건  +1.8%  -0.0  50%  -1.6  269건  +0.3%  -0.3  48%  -3.5  755건  +1.3%  -0.2  49%  -1.3          -0.11%
   30일    602건  -0.1%  -1.5  46%  -3.1  466건  +3.1%  -0.2  50%  -1.6  262건  +0.1%  +0.2  51%  -5.0  728건  +2.0%  +0.0  50%  -1.6          -0.34%
   40일    578건  -0.8%  -2.3  46%  -3.9  451건  +2.8%  -0.1  50%  -1.4  260건  -1.3%  -0.5  47%  -7.6  711건  +1.3%  -0.3  49%  -1.8          -1.54%
   60일    547건  +0.3%  -2.1  47%  -3.3  433건  +3.0%  -0.8  48%  -2.7  249건  -2.2%  -1.0  47%  -8.9  682건  +1.1%  -0.8  47%  -3.1          -2.94%

[코스닥 · 침체30일→돌파2일]  신호 1,729건 (기본필터 적용)
  매도                   스트레스2005~15                 학습2016~22                 검증2023~26                   기준2016~     초과(기준2016~)
    5일    546건  -2.0%  -2.4  39%  -3.2  675건  -0.6%  -0.9  44%  -1.7  454건  -1.6%  -2.1  37%  -2.3 1129건  -1.0%  -1.3  41%  -1.8          -0.70%
   10일    537건  -1.9%  -2.7  42%  -4.6  667건  +0.6%  -1.0  46%  -1.6  449건  -1.1%  -3.2  38%  -2.5 1116건  -0.1%  -1.8  42%  -1.4          -0.29%
   15일    529건  -1.5%  -2.0  44%  -5.0  654건  +1.2%  -1.3  46%  -1.5  441건  -0.6%  -2.6  40%  -2.2 1095건  +0.5%  -1.9  44%  -1.1          -0.28%
   20일    516건  -0.7%  -2.4  43%  -5.1  644건  +0.3%  -2.1  42%  -2.9  434건  -1.0%  -3.2  39%  -2.7 1078건  -0.2%  -2.4  41%  -2.2          -1.23%
   30일    504건  +4.8%  -4.9  42%  -5.4  622건  +4.1%  -1.0  48%  -1.6  425건  -2.3%  -3.8  38%  -5.2 1047건  +1.5%  -2.2  44%  -2.2          -0.30%
   40일    490건  +5.6%  -4.1  41%  -5.5  605건  +9.2%  -2.4  45%  -1.0  415건  -1.8%  -3.7  39%  -5.7 1020건  +4.7%  -3.0  42%  -1.5          +2.38%
   60일    474건  +0.2%  -5.5  45%  -6.7  577건 +11.9%  -1.6  47%  +2.4  400건  -2.9%  -3.7  38%  -7.8  977건  +5.9%  -2.6  43%  -0.3          +1.58%

======================================================================================================================
② 문턱을 바꿔 본다 — 침체 기간·돌파 확인일 (20일 보유 기준 요약)
======================================================================================================================
  시장      침체   돌파     신호             학습2016~22             검증2023~26       초과
  코스피     20    1   47231965건  +2.7%  55%  -0.2 845건  +0.4%  48%  -1.4   +0.20%
  코스피     20    2   37751639건  +2.5%  53%  -0.4 641건  +0.5%  49%  -1.6   +0.36%
  코스피     20    3   33161502건  +2.3%  52%  -0.8 530건  +0.5%  50%  -1.9   +0.21%
  코스피     30    1   1776 588건  +2.2%  51%  -1.1 367건  -0.0%  49%  -2.9   -0.15%
  코스피     30    2   1376 486건  +1.8%  50%  -1.6 269건  +0.3%  48%  -3.5   -0.11%
  코스피     30    3   1178 440건  +1.8%  50%  -2.0 214건  +1.0%  50%  -3.3   +0.08%
  코스피     40    1    922 253건  +2.1%  53%  -2.3 199건  +0.5%  49%  -3.4   -0.23%
  코스피     40    2    720 209건  +2.4%  50%  -2.1 141건  +0.7%  48%  -3.5   +0.05%
  코스피     40    3    596 184건  +2.1%  49%  -3.2 108건  +1.1%  48%  -3.9   -0.04%
  코스피     60    1    311  67건  +2.3%  52%  -2.2  59건  -2.6%  41%  -9.9   -0.71%
  코스피     60    2    237  56건  +1.8%  48%  -3.0  36건  -3.7%  33% -11.7   -0.89%
  코스피     60    3    193  51건  +0.9%  41%  -4.6  26건  -5.8%  27% -15.6   -1.98%
  코스닥     20    1   61242687건  +2.8%  51%  -0.41490건  -1.9%  39%  -3.4   -0.70%
  코스닥     20    2   49262258건  +2.2%  50%  -1.21148건  -1.8%  39%  -3.2   -0.90%
  코스닥     20    3   43562025건  +2.2%  49%  -1.3 987건  -1.8%  39%  -3.2   -0.73%
  코스닥     30    1   2063 773건  +0.7%  45%  -2.3 606건  -1.8%  37%  -3.2   -1.40%
  코스닥     30    2   1594 644건  +0.3%  42%  -2.9 434건  -1.0%  39%  -2.7   -1.23%
  코스닥     30    3   1359 553건  +0.8%  44%  -2.6 353건  -1.8%  40%  -3.4   -1.01%
  코스닥     40    1   1039 316건  +0.5%  41%  -3.7 356건  -2.8%  33%  -5.5   -1.82%
  코스닥     40    2    760 248건  -0.6%  39%  -5.3 235건  -2.8%  36%  -5.9   -2.01%
  코스닥     40    3    633 211건  +0.1%  40%  -4.9 188건  -3.7%  35%  -7.0   -1.59%
  코스닥     60    1    279  87건  -0.4%  38%  -6.6  73건  -3.9%  40% -11.5   -2.12%
  코스닥     60    2    194  63건  -1.5%  33%  -8.4  43건  -2.8%  49%  -9.1   -1.97%
  코스닥     60    3    155  50건  +0.6%  42%  -7.0  33건  -2.5%  48%  -9.2   -0.46%

======================================================================================================================
③ 연도쏠림 — 요청 조건(30일→2일)의 연도별 신호 수와 20일 성적
======================================================================================================================
  코스피: 2006:42건 +1.3% · 2007:47건 -8.4% · 2008:275건 +0.8% · 2009:34건 +4.9% · 2010:13건 +1.2% · 2011:54건 -0.9% · 2012:15건 +1.3% · 2013:30건 +7.9% · 2014:31건 -6.3% · 2015:80건 +0.2% · 2016:71건 -2.8% · 2017:22건 -3.6% · 2018:85건 -2.2% · 2019:50건 -0.8% · 2020:147건 +8.9% · 2021:28건 -0.6% · 2022:83건 +1.4% · 2023:38건 -3.6% · 2024:26건 +0.3% · 2025:45건 +3.8% · 2026:160건 +0.3%
  코스닥: 2006:30건 -3.5% · 2007:49건 -2.7% · 2008:172건 +0.0% · 2009:27건 -11.1% · 2010:18건 +2.2% · 2011:43건 -0.6% · 2012:30건 +7.0% · 2013:37건 +4.2% · 2014:35건 -2.5% · 2015:75건 -1.6% · 2016:55건 +7.6% · 2017:65건 -5.0% · 2018:120건 -3.6% · 2019:102건 +0.6% · 2020:130건 +7.2% · 2021:47건 -5.5% · 2022:125건 -1.4% · 2023:59건 +0.7% · 2024:73건 +3.3% · 2025:60건 -3.6% · 2026:242건 -2.1%
