===== 1) [외인 매집] 21년 재측정 (시총 채운 뒤) =====
  패널: panel_kp.pkl / panel_kq.pkl

     규칙                               2005~07                   2008~09                   2010~12                   2013~17                   2018~22                   2023~26
  ---------------------------------------------------------------------------------------------
  P1 외인 매집              32건   +2.43% 승 47%     27건   +4.22% 승 48%     26건   -0.30% 승 50%     45건   +6.74% 승 56%     77건  +11.92% 승 61%     82건  +19.08% 승 68%
  P2 조용한 신고가            13건   +1.65% 승 46%     13건   -3.41% 승 38%     18건   -4.35% 승 22%      6건   -2.86% 승 33%     28건  +10.28% 승 71%     32건   +3.98% 승 59%
  P3 업종붕괴 이탈             3건   +4.32% 승 67%    487건   +1.22% 승 49%     61건   +5.35% 승 69%      4건   +6.02% 승 75%    512건   +5.45% 승 62%    209건   +4.99% 승 57%
  P4 깊은 이격               9건   +6.70% 승 78%    444건   +2.47% 승 37%     58건   +4.63% 승 64%      4건   +5.45% 승 75%    510건   +4.94% 승 51%     81건   +6.58% 승 53%
  P5 폭락반등                             신호 없음     30건   -1.37% 승 37%      7건   +1.89% 승 57%     11건  +12.04% 승 73%    159건  +26.86% 승 92%     26건  +19.95% 승 77%
  P6 조정매집                2건  +14.35% 승100%      2건  +14.45% 승 50%      2건   +6.96% 승100%     13건   -1.73% 승 46%     62건  +12.61% 승 71%     24건   +6.40% 승 83%
  D1 낙폭과대                             신호 없음      4건  +27.94% 승 75%      2건   +0.83% 승 50%      4건  +22.97% 승 75%    131건  +37.09% 승 97%     23건  +36.67% 승 96%
  D2 저PBR 낙폭                          신호 없음                   신호 없음                   신호 없음                   신호 없음                   신호 없음                   신호 없음
  A1 자사주 낙폭             46건   +1.89% 승 52%     73건   +5.70% 승 55%     43건   +3.61% 승 67%     42건   +5.24% 승 71%    159건  +10.85% 승 72%     30건   +6.28% 승 67%

  연도별 (건수 · 평균 · 승률)
  P1 외인 매집          2006:10건 -7.5%(30%) · 2007:22건 +7.0%(55%) · 2009:27건 +4.2%(48%) · 2010:14건 +2.0%(64%) · 2011:11건 -6.2%(27%) · 2012:1건 +32.1%(100%) · 2013:10건 -2.5%(40%) · 2014:10건 +5.9%(70%) · 2015:13건 +24.3%(77%) · 2016:7건 -4.6%(43%) · 2017:5건 -2.8%(20%) · 2018:6건 -4.2%(33%) · 2019:3건 +11.0%(33%) · 2020:28건 +18.8%(79%) · 2021:38건 +10.0%(55%) · 2022:2건 +2.1%(50%) · 2023:12건 +17.9%(58%) · 2024:11건 +15.8%(64%) · 2025:31건 +14.6%(71%) · 2026:28건 +25.9%(71%)
  P2 조용한 신고가        2006:8건 +3.0%(50%) · 2007:5건 -0.5%(40%) · 2008:2건 +0.3%(50%) · 2009:11건 -4.1%(36%) · 2010:7건 -4.8%(14%) · 2011:7건 -4.9%(14%) · 2012:4건 -2.5%(50%) · 2013:6건 -2.9%(33%) · 2020:11건 +18.4%(82%) · 2021:17건 +5.0%(65%) · 2023:8건 +10.3%(75%) · 2024:22건 +2.0%(55%) · 2025:2건 +0.9%(50%)
  P3 업종붕괴 이탈        2006:2건 +7.1%(100%) · 2007:1건 -1.3%(0%) · 2008:487건 +1.2%(49%) · 2010:4건 +9.2%(25%) · 2011:55건 +5.2%(71%) · 2012:2건 +2.6%(100%) · 2015:2건 +13.6%(100%) · 2016:2건 -1.5%(50%) · 2018:9건 +21.7%(100%) · 2020:467건 +5.1%(59%) · 2021:1건 +10.5%(100%) · 2022:35건 +6.2%(83%) · 2026:209건 +5.0%(57%)
  P4 깊은 이격          2006:9건 +6.7%(78%) · 2008:444건 +2.5%(37%) · 2010:2건 -10.7%(0%) · 2011:56건 +5.2%(66%) · 2015:3건 +5.2%(67%) · 2016:1건 +6.3%(100%) · 2018:39건 +14.9%(79%) · 2019:6건 +4.0%(67%) · 2020:432건 +3.9%(45%) · 2021:6건 +6.6%(50%) · 2022:27건 +7.5%(93%) · 2026:81건 +6.6%(53%)
  P5 폭락반등           2008:30건 -1.4%(37%) · 2011:4건 -3.5%(25%) · 2012:3건 +9.1%(100%) · 2015:6건 +19.2%(83%) · 2016:4건 +4.3%(50%) · 2017:1건 +0.2%(100%) · 2018:36건 +15.4%(92%) · 2019:9건 +17.4%(100%) · 2020:105건 +33.4%(94%) · 2021:2건 +1.0%(50%) · 2022:7건 +7.0%(71%) · 2023:2건 +9.3%(50%) · 2024:4건 +8.7%(75%) · 2026:20건 +23.3%(80%)
  P6 조정매집           2006:2건 +14.3%(100%) · 2008:2건 +14.4%(50%) · 2010:1건 +1.4%(100%) · 2011:1건 +12.5%(100%) · 2014:2건 -4.1%(0%) · 2015:2건 -1.3%(50%) · 2016:8건 -0.6%(62%) · 2017:1건 -6.5%(0%) · 2018:10건 +6.7%(80%) · 2019:9건 +14.1%(89%) · 2020:15건 +29.3%(87%) · 2021:8건 +4.9%(62%) · 2022:20건 +5.5%(50%) · 2023:2건 +6.7%(100%) · 2024:20건 +7.2%(85%) · 2025:1건 +6.3%(100%) · 2026:1건 -10.2%(0%)
  D1 낙폭과대           2008:4건 +27.9%(75%) · 2012:2건 +0.8%(50%) · 2015:2건 +42.0%(100%) · 2016:2건 +3.9%(50%) · 2018:28건 +24.5%(96%) · 2019:8건 +26.3%(88%) · 2020:91건 +43.1%(99%) · 2022:4건 +11.4%(75%) · 2024:7건 +8.0%(86%) · 2026:16건 +49.2%(100%)
  D2 저PBR 낙폭        (신호 없음)
  A1 자사주 낙폭         2005:4건 +0.0%(50%) · 2006:30건 +0.4%(47%) · 2007:12건 +6.3%(67%) · 2008:70건 +5.7%(53%) · 2009:3건 +5.2%(100%) · 2010:4건 +0.6%(75%) · 2011:26건 +4.9%(69%) · 2012:13건 +2.0%(62%) · 2013:8건 +2.7%(75%) · 2014:7건 +7.5%(86%) · 2015:10건 +6.5%(80%) · 2016:15건 +5.4%(60%) · 2017:2건 +0.3%(50%) · 2018:27건 +1.9%(56%) · 2019:12건 -0.4%(50%) · 2020:77건 +20.9%(86%) · 2021:17건 +0.7%(53%) · 2022:26건 +2.2%(73%) · 2023:4건 +2.4%(50%) · 2024:19건 +7.0%(74%) · 2026:7건 +6.5%(57%)

===== 2) [조용한 신고가] 존치 판단 (최종 패널) =====
  안                                  2005~2017                 2018~2026                  전체 2005~
                            자산      낙폭     시드승        자산      낙폭     시드승        자산      낙폭     시드승
  ------------------------------------------------------------------------------------------------
  현행 (12%·7종목)           1.78배    -14%      기준     5.91배     -9%      기준     9.74배    -14%      기준
  비중 6% 로 축소             1.89배    -11%   12/12     5.40배     -9%    0/12     9.58배    -11%    1/12
  비중 3% 로 축소             1.95배    -11%   12/12     4.85배     -9%    0/12     8.89배    -11%    0/12
  규칙 제거                  2.03배    -12%   12/12     4.22배     -9%    0/12     8.11배    -12%    0/12
