===== 패널 재생성 (병합 버그 수정) =====
23:58:47   폐지 delisted.db: 77종목 83,675행 추가
23:58:54   폐지 delisted_kd.db: 435종목 295,503행 추가
23:58:57   1764종목 5,023,801행 20050103~20260828
23:58:58   ① 이음새 계수 적용: 654,363행 · 236종목
00:00:27   ② 주식수 기반 분할·무상증자 보정: 사건 259건 · 275,641행 조정
00:04:11   저장 panel_kp.pkl · 5,023,801행 83컬럼
00:06:49   폐지 delisted.db: 77종목 83,675행 추가
00:06:57   폐지 delisted_kd.db: 435종목 295,503행 추가
00:07:03   2784종목 6,679,923행 20050103~20260901
00:07:05   ① 이음새 계수 적용: 930,392행 · 467종목
00:11:28   ② 주식수 기반 분할·무상증자 보정: 사건 475건 · 405,671행 조정
00:20:22   저장 panel_kq.pkl · 6,679,923행 83컬럼

===== 2017년에 사라지는 종목 수 (수리 전 코스피 114 · 코스닥 215) =====
  코스피: 2017년에 사라짐 26개(12월 0) · 2018~ 종목 수 1,456 · 폐지그룹 512종목
  코스닥: 2017년에 사라짐 34개(12월 16) · 2018~ 종목 수 2,335 · 폐지그룹 512종목

===== 9규칙 21년 (구멍 수리 후) =====
     규칙                               2005~07                   2008~09                   2010~12                   2013~17                   2018~22                   2023~26
  ---------------------------------------------------------------------------------------------
  P1 외인 매집              30건   +4.09% 승 50%     27건   +4.04% 승 48%     25건   +3.31% 승 52%     45건   +6.74% 승 56%     78건  +12.12% 승 62%     82건  +19.05% 승 68%
  P2 조용한 신고가            13건   +1.53% 승 46%     13건   -3.53% 승 38%     18건   -4.47% 승 22%      7건   -3.98% 승 29%     28건  +10.22% 승 71%     32건   +3.98% 승 59%
  P3 업종붕괴 이탈             3건   +4.20% 승 67%    515건   +1.06% 승 48%     59건   +5.76% 승 69%      4건   +5.90% 승 75%    543건   +5.72% 승 62%    209건   +5.02% 승 57%
  P4 깊은 이격               7건   +7.65% 승 86%    475건   +2.07% 승 37%     60건   +4.25% 승 62%      4건   +5.33% 승 75%    536건   +5.18% 승 51%     81건   +6.61% 승 53%
  P5 폭락반등                             신호 없음     32건   -3.61% 승 31%      8건   +1.08% 승 50%     11건  +11.92% 승 73%    173건  +26.41% 승 92%     25건  +21.72% 승 80%
  P6 조정매집                2건  +14.23% 승100%      1건  +32.90% 승100%      2건   +6.84% 승100%     16건   -1.31% 승 50%     63건  +12.67% 승 70%     24건   +6.40% 승 83%
  D1 낙폭과대                             신호 없음      6건  +13.21% 승 50%      2건   +0.71% 승 50%      4건  +22.85% 승 75%    133건  +36.77% 승 97%     23건  +36.69% 승 96%
  D2 저PBR 낙폭                          신호 없음                   신호 없음      3건  +17.02% 승 33%      7건   +8.84% 승 57%     56건  +64.35% 승 91%     19건  +16.10% 승 74%
  A1 자사주 낙폭             46건   +1.77% 승 52%     72건   +5.38% 승 54%     42건   +3.86% 승 67%     42건   +5.12% 승 71%    155건  +11.11% 승 72%     30건   +6.29% 승 67%

  연도별 (건수 · 평균 · 승률)

===== 계좌 21년 (구멍 수리 후) =====
--------------------------------------------------------------------------------------------------------
2005~2007         3.0    1.32배     9.6%     -3.3%    424  외인 매집 +13 · 자사주 낙폭 +10 · 조정매집 +5
2008~2009 위기      2.0    1.12배     5.6%    -12.9%   4130  조정매집 +5 · 자사주 낙폭 +3 · 폭락반등 +2
2010~2012         3.0    1.07배     2.2%     -7.6%    587  자사주 낙폭 +4 · 외인 매집 +3 · 저PBR 낙폭 +3
2013~2015         3.0    1.33배     9.9%     -4.4%    359  외인 매집 +14 · 저PBR 낙폭 +9 · 낙폭과대 +5
스트레스 2005~15     11.1    1.96배     6.3%    -11.0%   5500  외인 매집 +34 · 자사주 낙폭 +27 · 저PBR 낙폭 +17
학습 2016~2022      7.0    3.02배    17.1%     -7.7%   6207  조정매집 +64 · 조용한 신고가 +36 · 외인 매집 +33
검증 2023~2026      3.6    2.16배    23.6%     -4.2%   1716  외인 매집 +46 · 조용한 신고가 +29 · 낙폭과대 +15
기준 2016~         10.6    6.43배    19.1%     -7.7%   7923  외인 매집 +163 · 조용한 신고가 +124 · 조정매집 +74
전체 2005~         21.7   13.21배    12.6%    -11.0%  13423  외인 매집 +380 · 조용한 신고가 +240 · 조정매집 +173

연도별 계좌 수익률(중앙값)
  2005:-0.2% · 2006:+11.9% · 2007:+18.0% · 2008:+3.3% · 2009:+4.0% · 2010:-2.8% · 2011:+4.9% · 2012:+2.5% · 2013:-0.8% · 2014:+5.2% · 2015:+27.1% · 2016:-1.2% · 2017:-1.2% · 2018:+18.6% · 2019:+12.1% · 2020:+33.7% · 2021:+44.4% · 2022:+26.0% · 2023:+11.5% · 2024:+44.7% · 2025:+4.3% · 2026:+23.7%
