======================================================================================================================================================
[코스피] 숫자 = 평균(유니버스대비초과)중앙 · 학습 · 검증/CI하한
======================================================================================================================================================
  전략                                   신호                                n5                               n20                               n60
  ── A) 소형주 집중 ──
  시총 하위 30%                        210428 -0.71%(+0.01)  -1.4 학 -0.6 검 -1.1/ -1.5  +0.13%(+0.15)  -2.4 학 +0.7 검 -1.3/ -2.4  +3.48%(+1.77)  -4.3 학 +6.0 검 -2.1/ -4.1 
  시총 하위 10%                         45724 -0.70%(-0.06)  -1.1 학 -0.7 검 -0.8/ -1.5  +0.22%(+0.06)  -2.1 학 +0.4 검 -0.3/ -1.9  +2.18%(+0.63)  -3.2 학 +2.9 검 +0.2/ -2.9 
  시총 상위 30%(대조군)                   608041 -0.49%(+0.27)  -0.8 학 -0.6 검 -0.3/ -0.6  -0.00%(+0.05)  -1.1 학 -0.5 검 +1.0/ -0.1  +1.37%(-0.18)  -1.6 학 +0.0 검 +3.9/ +1.7 
  ── B) 멀티이어 저항 돌파 ──
  3년 고점 돌파                          17671 -0.62%(+0.12)  -1.4 학 -1.2 검 +0.2/ -0.5  -0.08%(+0.05)  -3.0 학 -0.9 검 +1.1/ -0.7  +0.53%(-0.75)  -5.4 학 -1.2 검 +3.2/ -1.0 
    + 장대양봉                           5023 -0.86%(-0.08)  -1.6 학 -1.7 검 +0.2/ -0.8  -0.04%(+0.22)  -3.0 학 -1.4 검 +1.8/ -0.2  +0.27%(-0.98)  -5.8 학 -2.2 검 +4.2/ -0.2 
    + 장대양봉 + 당일 3%↑                  4246 -0.91%(-0.15)  -2.0 학 -1.8 검 +0.3/ -0.9  -0.17%(+0.04)  -3.3 학 -1.4 검 +1.5/ -0.8  +0.35%(-0.96)  -6.3 학 -2.1 검 +4.1/ -0.7 
  4년 고점 돌파                          14713 -0.45%(+0.30)  -1.3 학 -1.1 검 +0.5/ -0.3  +0.24%(+0.39)  -2.9 학 -0.9 검 +1.9/ -0.1  +1.11%(-0.20)  -4.9 학 -1.1 검 +4.5/ +0.8 
    + 장대양봉                           4162 -0.74%(+0.04)  -1.5 학 -1.7 검 +0.5/ -0.6  +0.24%(+0.49)  -2.9 학 -1.3 검 +2.5/ +0.2  +0.21%(-0.98)  -5.6 학 -2.6 검 +4.5/ +0.4 
    + 장대양봉 + 당일 3%↑                  3564 -0.74%(+0.01)  -1.8 학 -1.8 검 +0.6/ -0.6  +0.08%(+0.29)  -3.3 학 -1.4 검 +2.1/ -0.2  +0.21%(-1.03)  -6.3 학 -2.6 검 +4.4/ -0.3 
  6년 고점 돌파                          11575 -0.44%(+0.33)  -1.3 학 -1.3 검 +0.5/ -0.3  +0.04%(+0.24)  -2.7 학 -1.4 검 +1.9/ -0.4  +0.76%(-0.23)  -5.0 학 -2.0 검 +4.6/ +0.3 
    + 장대양봉                           3259 -0.68%(+0.13)  -1.4 학 -1.8 검 +0.7/ -0.7  -0.33%(+0.04)  -2.7 학 -2.3 검 +2.1/ -0.5  -0.38%(-1.31)  -5.8 학 -3.9 검 +4.3/ -0.0 
    + 장대양봉 + 당일 3%↑                  2792 -0.68%(+0.10)  -1.6 학 -2.0 검 +0.8/ -0.7  -0.58%(-0.24)  -3.1 학 -2.4 검 +1.6/ -0.9  -0.32%(-1.31)  -6.4 학 -3.8 검 +4.3/ -0.4 
  ── C) 돌파 후 리테스트 ──
  3년 돌파 후 눌림                        27646 -0.09%(+0.68)  -1.0 학 -0.5 검 +0.6/ -0.2  +0.38%(+0.65)  -2.1 학 -0.5 검 +1.6/ -0.3  +1.40%(+0.20)  -3.9 학 -0.8 검 +4.8/ +1.0 
    + 망치형 반등                         3471 +0.18%(+0.94)  -0.9 학 -0.2 검 +0.8/ -0.4  +0.64%(+1.05)  -1.2 학 -0.3 검 +2.1/ -0.2  +2.07%(+0.77)  -2.6 학 +0.2 검 +4.9/ +0.8 
  4년 돌파 후 눌림                        22778 -0.01%(+0.78)  -1.0 학 -0.6 검 +0.9/ +0.1  +0.74%(+1.01)  -2.0 학 -0.4 검 +2.5/ +0.4  +1.80%(+0.54)  -3.4 학 -0.9 검 +6.0/ +2.3 
    + 망치형 반등                         2853 +0.25%(+1.00)  -0.8 학 -0.4 검 +1.2/ -0.2  +0.95%(+1.34)  -1.1 학 -0.1 검 +2.5/ +0.3  +2.55%(+1.25)  -2.4 학 +0.9 검 +4.9/ +0.9 
  6년 돌파 후 눌림                        17870 +0.03%(+0.83)  -0.9 학 -0.7 검 +0.9/ +0.0  +0.46%(+0.86)  -1.9 학 -1.1 검 +2.5/ +0.3  +1.36%(+0.49)  -3.9 학 -2.0 검 +6.0/ +1.7 
    + 망치형 반등                         2257 +0.41%(+1.14)  -0.7 학 -0.4 검 +1.5/ -0.2  +0.84%(+1.39)  -1.1 학 -0.6 검 +2.6/ +0.2  +2.93%(+1.86)  -2.2 학 +0.8 검 +5.5/ +0.4 
  ── D) 장기 하락 후 반전(파동 근사) ──
  2년 고점대비 -50% 이하 + 양봉             126927 -0.60%(-0.01)  -1.2 학 -0.6 검 -0.7/ -1.0  +0.20%(-0.41)  -1.5 학 +0.6 검 -0.6/ -1.8  +2.98%(-0.46)  -2.0 학 +4.8 검 -0.6/ -2.8 
    + 거래량 2배↑                       14159 -0.90%(-0.19)  -1.9 학 -0.7 검 -1.3/ -1.8  +0.06%(-0.82)  -2.5 학 +0.9 검 -1.6/ -2.9  +1.85%(-1.98)  -3.8 학 +4.1 검 -2.8/ -5.0 
  2년 고점대비 -70% 이하 + 양봉              24569 -0.49%(+0.00)  -1.6 학 -0.3 검 -0.8/ -1.4  +0.77%(-0.67)  -2.2 학 +2.2 검 -2.1/ -3.9  +4.27%(-1.71)  -3.1 학 +8.0 검 -3.6/ -7.0 
    + 거래량 2배↑                        3395 -0.77%(-0.12)  -2.4 학 -0.4 검 -1.7/ -2.7  +0.33%(-1.08)  -2.9 학 +2.0 검 -3.2/ -5.4  +2.87%(-2.49)  -5.6 학 +6.9 검 -5.9/ -9.9 
  ── E) 조합: 소형주 + 돌파 ──
  시총하위30% + 4년 돌파                     942 -1.54%(-0.92)  -3.1 학 -2.1 검 +2.4/ -3.8  -0.61%(-0.50)  -4.9 학 -1.5 검 +5.5/ -4.3  -2.46%(-2.80) -10.1 학 -2.7 검 -0.6/-10.4 
  시총하위30% + 4년 돌파 + 장대양봉              257 -2.68%(-2.15)  -4.0 학 -4.0 검 +7.0/ -3.4  -2.64%(-2.55)  -6.4 학 -4.1 검 +7.8/ -1.4  -6.76%(-7.30) -11.7 학 -8.4 검 +5.9/ -3.8 

======================================================================================================================================================
[코스닥] 숫자 = 평균(유니버스대비초과)중앙 · 학습 · 검증/CI하한
======================================================================================================================================================
  전략                                   신호                                n5                               n20                               n60
  ── A) 소형주 집중 ──
  시총 하위 30%                        411201 -0.27%(+0.39)  -1.5 학 +0.0 검 -1.0/ -1.4  +1.86%(+1.52)  -2.6 학 +3.2 검 -1.1/ -2.7  +7.76%(+5.01)  -4.4 학+11.7 검 -0.2/ -3.1 
  시총 하위 10%                         83680 -0.77%(-0.12)  -1.6 학 -1.0 검 -0.1/ -0.7  +0.90%(+0.52)  -2.5 학 +0.6 검 +1.7/ -0.3  +6.27%(+3.33)  -4.0 학 +6.5 검 +5.7/ +1.0 
  시총 상위 30%(대조군)                   917833 -0.74%(-0.04)  -1.4 학 -0.7 검 -0.8/ -1.2  -0.61%(-0.93)  -2.5 학 -0.5 검 -0.7/ -2.1  -0.46%(-2.97)  -5.4 학 -0.2 검 -1.0/ -4.0 
  ── B) 멀티이어 저항 돌파 ──
  3년 고점 돌파                          24493 -0.75%(+0.04)  -2.3 학 -0.9 검 -0.5/ -1.5  +0.08%(+0.08)  -4.7 학 +0.0 검 +0.2/ -2.0  +0.95%(-1.24)  -7.6 학 +1.1 검 +0.7/ -4.7 
    + 장대양봉                           6940 -0.73%(+0.06)  -2.4 학 -0.9 검 -0.3/ -1.5  -0.29%(-0.32)  -5.0 학 -0.7 검 +0.6/ -1.8  +0.62%(-1.66)  -8.4 학 -0.2 검 +2.5/ -3.0 
    + 장대양봉 + 당일 3%↑                  6491 -0.75%(+0.03)  -2.5 학 -1.0 검 -0.2/ -1.5  -0.27%(-0.36)  -5.3 학 -0.7 검 +0.8/ -1.7  +0.52%(-1.79)  -8.6 학 -0.4 검 +2.6/ -3.1 
  4년 고점 돌파                          20316 -0.69%(+0.15)  -2.3 학 -0.8 검 -0.4/ -1.4  +0.42%(+0.50)  -4.6 학 +0.3 검 +0.7/ -1.5  +1.30%(-0.83)  -7.5 학 +0.9 검 +2.2/ -3.4 
    + 장대양봉                           5763 -0.58%(+0.27)  -2.3 학 -0.8 검 -0.1/ -1.6  +0.30%(+0.40)  -4.7 학 -0.1 검 +1.1/ -1.4  +0.97%(-1.13)  -8.2 학 +0.1 검 +3.1/ -3.0 
    + 장대양봉 + 당일 3%↑                  5385 -0.60%(+0.25)  -2.4 학 -0.8 검 -0.1/ -1.6  +0.34%(+0.38)  -4.9 학 -0.1 검 +1.3/ -1.1  +0.81%(-1.30)  -8.4 학 -0.3 검 +3.3/ -2.9 
  6년 고점 돌파                          14977 -0.72%(+0.14)  -2.4 학 -0.9 검 -0.3/ -1.5  -0.07%(+0.05)  -4.8 학 -0.5 검 +0.8/ -1.3  -0.00%(-2.10)  -8.0 학 -0.7 검 +1.5/ -4.1 
    + 장대양봉                           4267 -0.50%(+0.36)  -2.5 학 -0.8 검 +0.1/ -1.7  +0.28%(+0.38)  -4.8 학 -0.4 검 +1.8/ -0.7  +0.30%(-1.76)  -9.0 학 -0.9 검 +2.9/ -3.5 
    + 장대양봉 + 당일 3%↑                  3982 -0.51%(+0.36)  -2.6 학 -0.8 검 +0.1/ -1.6  +0.33%(+0.38)  -5.0 학 -0.5 검 +2.0/ -0.5  +0.06%(-1.96)  -9.3 학 -1.3 검 +3.0/ -3.5 
  ── C) 돌파 후 리테스트 ──
  3년 돌파 후 눌림                        30768 -0.45%(+0.39)  -1.8 학 -0.6 검 -0.1/ -1.0  +0.68%(+0.80)  -3.9 학 +0.5 검 +1.1/ -0.8  +0.67%(-1.55)  -7.2 학 +0.6 검 +0.8/ -4.6 
    + 망치형 반등                         3743 -0.42%(+0.48)  -1.8 학 -0.7 검 +0.4/ -1.2  +0.24%(+0.64)  -3.4 학 -0.8 검 +2.7/ -0.5  +0.87%(-1.26)  -6.4 학 -0.7 검 +4.9/ -2.5 
  4년 돌파 후 눌림                        25532 -0.38%(+0.50)  -1.8 학 -0.6 검 +0.2/ -0.9  +0.95%(+1.17)  -3.7 학 +0.6 검 +1.8/ -0.4  +0.73%(-1.31)  -7.5 학 +0.2 검 +1.8/ -4.4 
    + 망치형 반등                         3124 -0.23%(+0.68)  -1.6 학 -0.7 검 +0.9/ -0.8  +0.82%(+1.21)  -2.8 학 -0.4 검 +3.8/ +0.5  +0.79%(-1.17)  -6.6 학 -0.8 검 +5.0/ -2.9 
  6년 돌파 후 눌림                        18863 -0.47%(+0.39)  -1.7 학 -0.8 검 +0.2/ -1.0  +0.38%(+0.62)  -4.0 학 -0.3 검 +1.8/ -0.4  -0.46%(-2.50)  -8.1 학 -1.5 검 +1.7/ -3.5 
    + 망치형 반등                         2329 -0.22%(+0.67)  -1.7 학 -0.9 검 +1.5/ -0.6  +0.25%(+0.63)  -3.5 학 -1.3 검 +4.2/ +0.2  +0.44%(-1.68)  -7.6 학 -1.6 검 +5.4/ -2.5 
  ── D) 장기 하락 후 반전(파동 근사) ──
  2년 고점대비 -50% 이하 + 양봉             289961 -0.50%(+0.05)  -1.5 학 -0.2 검 -1.0/ -1.4  +1.27%(+0.41)  -2.2 학 +2.9 검 -0.9/ -2.6  +6.64%(+2.64)  -3.5 학+12.7 검 -1.5/ -3.6 
    + 거래량 2배↑                       36983 +0.22%(+0.81)  -2.2 학 +1.3 검 -1.3/ -1.8  +2.23%(+1.23)  -3.1 학 +4.8 검 -1.3/ -2.7  +4.75%(+0.74)  -5.2 학+10.0 검 -2.3/ -4.8 
  2년 고점대비 -70% 이하 + 양봉              66587 +1.59%(+2.05)  -1.7 학 +3.8 검 -0.8/ -1.4  +6.58%(+5.10)  -2.2 학+13.1 검 -0.5/ -2.8 +19.06%(+13.36)  -3.1 학+37.4 검 -0.7/ -4.0 
    + 거래량 2배↑                        9137 +4.44%(+4.94)  -2.6 학 +9.1 검 -1.4/ -2.1  +9.66%(+8.30)  -3.5 학+18.7 검 -1.4/ -3.1 +24.43%(+19.08)  -5.4 학+47.9 검 -3.1/ -6.0 
  ── E) 조합: 소형주 + 돌파 ──
  시총하위30% + 4년 돌파                    1676 -0.57%(+0.38)  -2.4 학 -0.6 검 -0.2/ -3.4  +2.19%(+2.11)  -4.4 학 +1.9 검 +4.7/ -3.9  +3.06%(+1.76)  -6.5 학 +1.6 검+15.9/ +3.4 
  시총하위30% + 4년 돌파 + 장대양봉              468 -0.88%(+0.02)  -3.2 학 -1.1 검 +0.4/ -3.1  +2.37%(+2.45)  -3.1 학 +2.1 검 +4.2/ -3.6  -1.29%(-2.01)  -8.8 학 -2.7 검 +9.7/ -2.3 

