2026-09-02 04:19:31,398 INFO 남은 종목 3,143 (완료 0)
2026-09-02 04:19:41,137 INFO   0/3,143 · 성공 1 · 실패 0
2026-09-02 04:23:59,339 INFO   50/3,143 · 성공 51 · 실패 0
2026-09-02 04:28:03,026 INFO   100/3,143 · 성공 101 · 실패 0
2026-09-02 04:32:04,778 INFO   150/3,143 · 성공 151 · 실패 0
2026-09-02 04:36:06,323 INFO   200/3,143 · 성공 201 · 실패 0
2026-09-02 04:39:57,661 INFO   250/3,143 · 성공 251 · 실패 0
2026-09-02 04:43:52,185 INFO   300/3,143 · 성공 301 · 실패 0
2026-09-02 04:47:47,520 INFO   350/3,143 · 성공 351 · 실패 0
2026-09-02 04:51:40,532 INFO   400/3,143 · 성공 401 · 실패 0
2026-09-02 04:55:33,377 INFO   450/3,143 · 성공 451 · 실패 0
2026-09-02 04:59:27,765 INFO   500/3,143 · 성공 501 · 실패 0
2026-09-02 05:03:19,793 INFO   550/3,143 · 성공 551 · 실패 0
2026-09-02 05:07:11,971 INFO   600/3,143 · 성공 601 · 실패 0
2026-09-02 05:11:04,092 INFO   650/3,143 · 성공 651 · 실패 0
2026-09-02 05:14:58,005 INFO   700/3,143 · 성공 701 · 실패 0
2026-09-02 05:18:49,084 INFO   750/3,143 · 성공 751 · 실패 0
2026-09-02 05:22:39,532 INFO   800/3,143 · 성공 801 · 실패 0
2026-09-02 05:26:30,633 INFO   850/3,143 · 성공 851 · 실패 0
2026-09-02 05:30:21,102 INFO   900/3,143 · 성공 901 · 실패 0
2026-09-02 05:34:12,035 INFO   950/3,143 · 성공 951 · 실패 0
2026-09-02 05:38:01,148 INFO   1,000/3,143 · 성공 1,001 · 실패 0
2026-09-02 05:41:50,438 INFO   1,050/3,143 · 성공 1,051 · 실패 0
2026-09-02 05:45:40,453 INFO   1,100/3,143 · 성공 1,101 · 실패 0
2026-09-02 05:49:31,184 INFO   1,150/3,143 · 성공 1,151 · 실패 0
2026-09-02 05:53:20,497 INFO   1,200/3,143 · 성공 1,201 · 실패 0
2026-09-02 05:57:10,474 INFO   1,250/3,143 · 성공 1,251 · 실패 0
2026-09-02 06:01:03,902 INFO   1,300/3,143 · 성공 1,301 · 실패 0
2026-09-02 06:04:56,574 INFO   1,350/3,143 · 성공 1,351 · 실패 0
2026-09-02 06:08:49,327 INFO   1,400/3,143 · 성공 1,401 · 실패 0
2026-09-02 06:12:44,497 INFO   1,450/3,143 · 성공 1,451 · 실패 0
2026-09-02 06:16:36,126 INFO   1,500/3,143 · 성공 1,501 · 실패 0
2026-09-02 06:20:28,882 INFO   1,550/3,143 · 성공 1,551 · 실패 0
2026-09-02 06:24:20,823 INFO   1,600/3,143 · 성공 1,601 · 실패 0
2026-09-02 06:28:13,947 INFO   1,650/3,143 · 성공 1,651 · 실패 0
2026-09-02 06:32:04,792 INFO   1,700/3,143 · 성공 1,701 · 실패 0
2026-09-02 06:35:59,691 INFO   1,750/3,143 · 성공 1,751 · 실패 0
2026-09-02 06:39:48,438 INFO   1,800/3,143 · 성공 1,801 · 실패 0
2026-09-02 06:43:39,139 INFO   1,850/3,143 · 성공 1,851 · 실패 0
2026-09-02 06:47:27,034 INFO   1,900/3,143 · 성공 1,901 · 실패 0
2026-09-02 06:51:16,687 INFO   1,950/3,143 · 성공 1,951 · 실패 0
2026-09-02 06:55:05,823 INFO   2,000/3,143 · 성공 2,001 · 실패 0
2026-09-02 06:58:56,326 INFO   2,050/3,143 · 성공 2,051 · 실패 0
2026-09-02 07:02:49,490 INFO   2,100/3,143 · 성공 2,101 · 실패 0
2026-09-02 07:06:37,344 INFO   2,150/3,143 · 성공 2,151 · 실패 0
2026-09-02 07:10:28,277 INFO   2,200/3,143 · 성공 2,201 · 실패 0
2026-09-02 07:14:18,336 INFO   2,250/3,143 · 성공 2,251 · 실패 0
2026-09-02 07:18:12,045 INFO   2,300/3,143 · 성공 2,301 · 실패 0
2026-09-02 07:22:07,667 INFO   2,350/3,143 · 성공 2,351 · 실패 0
2026-09-02 07:26:00,956 INFO   2,400/3,143 · 성공 2,401 · 실패 0
2026-09-02 07:29:57,472 INFO   2,450/3,143 · 성공 2,451 · 실패 0
2026-09-02 07:33:50,326 INFO   2,500/3,143 · 성공 2,501 · 실패 0
2026-09-02 07:37:43,565 INFO   2,550/3,143 · 성공 2,551 · 실패 0
2026-09-02 07:41:34,279 INFO   2,600/3,143 · 성공 2,601 · 실패 0
2026-09-02 07:45:32,879 INFO   2,650/3,143 · 성공 2,651 · 실패 0
2026-09-02 07:49:23,642 INFO   2,700/3,143 · 성공 2,701 · 실패 0
2026-09-02 07:53:11,617 INFO   2,750/3,143 · 성공 2,751 · 실패 0
2026-09-02 07:56:59,719 INFO   2,800/3,143 · 성공 2,801 · 실패 0
2026-09-02 08:00:48,202 INFO   2,850/3,143 · 성공 2,851 · 실패 0
2026-09-02 08:04:35,143 INFO   2,900/3,143 · 성공 2,901 · 실패 0
2026-09-02 08:08:23,352 INFO   2,950/3,143 · 성공 2,951 · 실패 0
2026-09-02 08:12:11,580 INFO   3,000/3,143 · 성공 3,001 · 실패 0
2026-09-02 08:15:58,982 INFO   3,050/3,143 · 성공 3,051 · 실패 0
2026-09-02 08:19:42,162 INFO   3,100/3,143 · 성공 3,101 · 실패 0
2026-09-02 08:22:59,726 INFO 종료 — 성공 3,143 · 실패 0
2026-09-02 13:09:17,306 INFO [11분할] 남은 종목 3,143 (완료 0)
2026-09-02 13:09:27,444 INFO   [11분할] 0/3,143 · 성공 1 · 실패 0
2026-09-02 13:14:04,953 INFO   [11분할] 50/3,143 · 성공 51 · 실패 0
2026-09-02 13:19:46,149 INFO [11분할] 남은 종목 3,092 (완료 51)
2026-09-02 13:19:57,296 INFO   [11분할] 0/3,092 · 성공 1 · 실패 0
2026-09-03 00:52:53,950 INFO [11분할] 남은 종목 3,091 (완료 52)
2026-09-03 00:53:05,042 INFO   [11분할] 0/3,091 · 성공 1 · 실패 0
2026-09-03 00:58:38,249 INFO   [11분할] 50/3,091 · 성공 51 · 실패 0
2026-09-03 01:04:15,496 INFO   [11분할] 100/3,091 · 성공 101 · 실패 0
2026-09-03 01:09:55,785 INFO   [11분할] 150/3,091 · 성공 151 · 실패 0
2026-09-03 01:15:33,189 INFO   [11분할] 200/3,091 · 성공 201 · 실패 0
2026-09-03 01:21:14,535 INFO   [11분할] 250/3,091 · 성공 251 · 실패 0
2026-09-03 01:26:52,760 INFO   [11분할] 300/3,091 · 성공 301 · 실패 0
2026-09-03 01:32:31,028 INFO   [11분할] 350/3,091 · 성공 351 · 실패 0
2026-09-03 01:38:10,232 INFO   [11분할] 400/3,091 · 성공 401 · 실패 0
2026-09-03 01:43:45,140 INFO   [11분할] 450/3,091 · 성공 451 · 실패 0
2026-09-03 01:49:21,504 INFO   [11분할] 500/3,091 · 성공 501 · 실패 0
2026-09-03 01:54:53,670 INFO   [11분할] 550/3,091 · 성공 551 · 실패 0
2026-09-03 02:00:26,722 INFO   [11분할] 600/3,091 · 성공 601 · 실패 0
2026-09-03 02:06:01,664 INFO   [11분할] 650/3,091 · 성공 651 · 실패 0
2026-09-03 02:11:36,067 INFO   [11분할] 700/3,091 · 성공 701 · 실패 0
2026-09-03 02:17:09,727 INFO   [11분할] 750/3,091 · 성공 751 · 실패 0
2026-09-03 02:22:46,593 INFO   [11분할] 800/3,091 · 성공 801 · 실패 0
2026-09-03 02:28:22,020 INFO   [11분할] 850/3,091 · 성공 851 · 실패 0
2026-09-03 02:33:59,808 INFO   [11분할] 900/3,091 · 성공 901 · 실패 0
2026-09-03 02:39:36,425 INFO   [11분할] 950/3,091 · 성공 951 · 실패 0
2026-09-03 02:45:14,873 INFO   [11분할] 1,000/3,091 · 성공 1,001 · 실패 0
2026-09-03 02:50:50,591 INFO   [11분할] 1,050/3,091 · 성공 1,051 · 실패 0
2026-09-03 02:56:23,031 INFO   [11분할] 1,100/3,091 · 성공 1,101 · 실패 0
2026-09-03 03:01:58,054 INFO   [11분할] 1,150/3,091 · 성공 1,151 · 실패 0
2026-09-03 03:07:35,377 INFO   [11분할] 1,200/3,091 · 성공 1,201 · 실패 0
2026-09-03 03:13:12,998 INFO   [11분할] 1,250/3,091 · 성공 1,251 · 실패 0
2026-09-03 03:18:53,124 INFO   [11분할] 1,300/3,091 · 성공 1,301 · 실패 0
2026-09-03 03:24:31,521 INFO   [11분할] 1,350/3,091 · 성공 1,351 · 실패 0
2026-09-03 03:30:10,428 INFO   [11분할] 1,400/3,091 · 성공 1,401 · 실패 0
2026-09-03 03:35:53,658 INFO   [11분할] 1,450/3,091 · 성공 1,451 · 실패 0
2026-09-03 03:41:33,170 INFO   [11분할] 1,500/3,091 · 성공 1,501 · 실패 0
2026-09-03 03:47:11,677 INFO   [11분할] 1,550/3,091 · 성공 1,551 · 실패 0
2026-09-03 03:52:46,696 INFO   [11분할] 1,600/3,091 · 성공 1,601 · 실패 0
2026-09-03 03:58:21,226 INFO   [11분할] 1,650/3,091 · 성공 1,651 · 실패 0
2026-09-03 04:03:58,868 INFO   [11분할] 1,700/3,091 · 성공 1,701 · 실패 0
2026-09-03 04:09:51,365 INFO   [11분할] 1,750/3,091 · 성공 1,751 · 실패 0
2026-09-03 04:15:24,991 INFO   [11분할] 1,800/3,091 · 성공 1,801 · 실패 0
2026-09-03 04:20:57,709 INFO   [11분할] 1,850/3,091 · 성공 1,851 · 실패 0
2026-09-03 04:26:30,639 INFO   [11분할] 1,900/3,091 · 성공 1,901 · 실패 0
2026-09-03 04:32:01,590 INFO   [11분할] 1,950/3,091 · 성공 1,951 · 실패 0
2026-09-03 04:37:34,904 INFO   [11분할] 2,000/3,091 · 성공 2,001 · 실패 0
