2026-09-08 01:15:15,458 INFO 코스닥 1822종목 · 최근 60거래일 수집
2026-09-08 01:15:42,559 INFO 진행 300/1822 (17,897행)
2026-09-08 01:16:08,111 INFO 진행 600/1822 (35,791행)
2026-09-08 01:16:34,988 INFO 진행 900/1822 (53,650행)
2026-09-08 01:17:00,866 INFO 진행 1200/1822 (71,533행)
2026-09-08 01:17:26,414 INFO 진행 1500/1822 (89,533행)
2026-09-08 01:17:51,808 INFO 진행 1800/1822 (107,516행)
2026-09-08 01:17:53,751 INFO 시가총액 반영 1,822종목 (20260907)
2026-09-08 01:17:54,130 INFO 코스닥 완료: 108,836행 반영 (159s) · DB 3,065,749행 20180102~20260907
2026-09-08 01:19:02,379 INFO 수집 시작: ~20260908
2026-09-08 01:19:02,666 INFO 코스피 종목 수: 943
2026-09-08 01:19:18,441 INFO 진행 200/943
2026-09-08 01:19:33,870 INFO 진행 400/943
2026-09-08 01:19:49,572 INFO 진행 600/943
2026-09-08 01:20:05,249 INFO 진행 800/943
2026-09-08 01:20:16,210 INFO 시세 스냅샷 반영(20260908): 943종목 (OHLC·거래대금·시총·상장주식수)
2026-09-08 01:20:16,211 INFO 저장 14135행, 최근 수집일: ['20260907', '20260904', '20260903', '20260902', '20260901', '20260831', '20260828']
2026-09-08 01:20:33,606 INFO CSV 저장: G:\vscode\kospi-volume\data\kospi_volume.csv (915종목 x 7일: 20260828~20260907)
2026-09-08 01:20:34,438 INFO 완료
코스닥 532,742행 · 1824종목
신용잔고 20일 증감: 122종목
부채비율: 2,991종목 (스냅샷 debt_ratio.csv)
PBR 재료(주식수·자본총계): 2,958종목
업종 60일 수익률(중앙값·회원5+): 118업종 · 종목 2,385개 매칭
밸류에이션: 2,751종목 로드 · 2,751종목 매칭
site: 2768종목, 20260810~20260907, table.json 3336KB
