======================================================================================================================
① 규칙별 연도 추이 — 건별 수익 **중앙값** (괄호는 건수). 2016~
======================================================================================================================
  규칙             시장            16        17        18        19        20        21        22        23        24        25        26
  조용한 신고가        코스피            —         —         —         —  +11.8(11)   +5.4(17)         —   +1.1( 8)   +1.8(22)   +7.0( 2)         —
  조정매집           코스피      +1.4( 9)   -6.5( 1)   +7.6( 9)  +16.6( 9)  +18.6(15)   +4.4( 8)   +0.8(22)   +6.7( 2)   +7.6(20)   +6.3( 1)  -10.1( 1)
  폭락반등           코스피      -0.2( 4)   +0.2( 1)  +13.2(40)  +13.3(11)  +28.3(112)   +1.1( 2)   +9.5( 8)   +9.3( 2)  +18.7( 3)         —  +26.8(19)
  업종붕괴 이탈        코스피      -1.5( 2)         —  +20.7(10)         —   +6.7(495)  +10.5( 1)   +5.7(37)         —         —         —   +1.1(209)
  자사주 낙폭         공통       +3.2(15)   +0.3( 2)   +0.4(23)   -0.1(12)  +19.7(77)   +0.9(17)   +3.0(26)   +1.5( 4)   +7.5(19)         —   +9.5( 4)
  깊은 이격          코스피      +6.3( 1)         —  +11.4(39)   +5.2( 6)   +3.1(457)   +1.0( 6)   +7.9(28)         —         —         —   +5.0(81)
  외인 매집          코스피      -2.1( 7)   -4.9( 5)   -3.6( 7)   -1.8( 3)  +11.9(28)   +8.1(38)   +2.1( 2)   +3.2(12)   +6.8(11)  +12.9(31)  +20.4(27)
  낙폭과대           코스닥      +4.0( 2)         —  +21.3(27)  +31.0( 8)  +40.0(88)         —  +12.0( 4)         —   +9.2( 6)         —  +43.9(15)
  저PBR 낙폭        코스닥     +12.4( 3)  +11.3( 3)   +6.5(20)  +20.8(10)  +57.9(84)   -8.0( 4)   +6.5(17)   +9.7( 4)   +5.5(23)         —         —

======================================================================================================================
② 최근 3년(2024~) vs 그 이전(2016~2023) — 얼마나 식었나
======================================================================================================================
  규칙             시장        이전 건수     이전 중앙    최근 건수     최근 중앙        변화       유니버스 변화
  조용한 신고가        코스피          36     +4.56       24     +1.75     -2.81        +0.02p
  조정매집           코스피          75     +7.26       22     +7.31     +0.05        +0.02p
  폭락반등           코스피         180    +19.97       22    +24.41     +4.43        +0.25p
  업종붕괴 이탈        코스피         545     +6.65      209     +1.07     -5.59        +0.03p
  자사주 낙폭         공통          176     +5.09       23     +8.41     +3.32        +0.02p
  깊은 이격          코스피         537     +4.97       81     +4.99     +0.02        +0.03p
  외인 매집          코스피         102     +6.63       69    +16.14     +9.51        -0.74p
  낙폭과대           코스닥         129    +31.81       21    +33.73     +1.91        -2.10p
  저PBR 낙폭        코스닥         145    +32.08       23     +5.49    -26.59        -3.20p

======================================================================================================================
③ 3년 이동 중앙값 — 언제부터 꺾였나 (신호가 난 날 기준 최근 750거래일)
======================================================================================================================
  규칙                   2018까지      2020까지      2022까지      2024까지      2026까지          지금
  조용한 신고가             +1.1(32)     +1.1(32)     +1.1(32)     +1.1(32)     +1.1(32)     +1.1(32)
  조정매집                +7.0(24)     +7.0(24)     +7.0(24)     +7.0(24)     +7.0(24)     +7.0(24)
  폭락반등               +20.8(24)    +20.8(24)    +20.8(24)    +20.8(24)    +20.8(24)    +20.8(24)
  업종붕괴 이탈             +1.1(209)     +1.1(209)     +1.1(209)     +1.1(209)     +1.1(209)     +1.1(209)
  자사주 낙폭              +7.5(27)     +7.5(27)     +7.5(27)     +7.5(27)     +7.5(27)     +7.5(27)
  깊은 이격               +5.0(81)     +5.0(81)     +5.0(81)     +5.0(81)     +5.0(81)     +5.0(81)
  외인 매집              +16.1(73)    +16.1(73)    +16.1(73)    +16.1(73)    +16.1(73)    +16.1(73)
  낙폭과대               +33.7(21)    +33.7(21)    +33.7(21)    +33.7(21)    +33.7(21)    +33.7(21)
  저PBR 낙폭             +5.8(26)     +5.8(26)     +5.8(26)     +5.8(26)     +5.8(26)     +5.8(26)

======================================================================================================================
④ 신호 빈도 — 조건이 안 걸리게 된 것인가 (연 신호 수)
======================================================================================================================
  규칙                 16    17    18    19    20    21    22    23    24    25    26
  조용한 신고가             0     0     0     0    11    17     0     8    22     2     0
  조정매집                9     1     9     9    15     8    22     2    20     1     1
  폭락반등                4     1    40    11   112     2     8     2     3     0    19
  업종붕괴 이탈             2     0    10     0   495     1    37     0     0     0   209
  자사주 낙폭             15     2    23    12    77    17    26     4    19     0     4
  깊은 이격               1     0    39     6   457     6    28     0     0     0    81
  외인 매집               7     5     7     3    28    38     2    12    11    31    27
  낙폭과대                2     0    27     8    88     0     4     0     6     0    15
  저PBR 낙폭             3     3    20    10    84     4    17     4    23     0     0
