================================================================================================================================
[KOSPI] 장기 축 — **절대 수익** 기준 (비용 차감, 2016~). 초과는 참고
================================================================================================================================
  축                                보유     건수       절대       중앙       절삭    승률     학습중앙     검증중앙      월CI    양수해     (초과)
  V PBR ≤0.3                      120  1,125   +14.81    +5.07    +7.41   57%   +10.90    +0.11    +3.31   5/11    +1.55
  V PBR ≤0.3                      250    690   +36.38   +14.40   +23.13   64%   +25.59    +5.87   +10.16   5/10    +6.32
  V PBR ≤0.5                      120  3,819    +9.21    +0.29    +2.34   50%    +2.08    -1.73    +3.00   4/11    +1.43
  V PBR ≤0.5                      250  2,137   +21.55    +2.51   +10.20   53%    +3.77    +0.54    +8.13   5/10    +3.57
  V PBR ≤0.8                      120  7,158    +5.69    -1.89    -0.49   46%    -1.35    -2.81    +2.47   3/11    +0.08
  V PBR ≤0.8                      250  3,804   +12.87    -2.75    +2.53   46%    -2.75    -2.71    +5.46   3/10    -0.29
  V PBR ≤1.2                      120  9,832    +5.13    -3.06    -1.71   44%    -2.92    -3.38    +2.68   3/11    +0.29
  V PBR ≤1.2                      250  5,115   +10.59    -4.25    -0.06   44%    -4.50    -3.85    +6.44   2/10    -0.33
  V PBR ≥3                        120  2,283    -0.76   -10.53    -9.50   36%   -11.58    -6.09    -1.54   2/11    -3.05
  V PBR ≥3                        250  1,270    +2.39   -17.81   -13.60   32%   -18.79    -9.32    +1.24   2/10    -3.26
  V PBR ≤0.5 + PER ≤10            120  2,277    +9.20    +1.55    +3.20   53%    +2.26    +0.78    +2.90   4/11    +0.94
  V PBR ≤0.5 + PER ≤10            250  1,300   +23.01    +4.48   +12.24   56%    +5.43    +3.41    +4.82   4/10    +2.73
  V PBR ≤0.8 + PER ≤15            120  4,717    +5.99    -1.30    +0.14   47%    -1.29    -1.39    +2.96   3/11    +0.36
  V PBR ≤0.8 + PER ≤15            250  2,573   +13.09    -1.56    +3.37   48%    -2.27    +0.52    +4.83   4/10    -0.67
  F 부채비율 ≤100%                    120  6,242    +1.75    -4.64    -4.26   42%    -5.55    -3.40    -0.47   2/9    -0.57
  F 부채비율 ≤100%                    250  3,166    +4.33    -9.24    -4.93   39%   -11.19    -6.36    +2.75   1/8    -2.46
  F 부채비율 ≤50%                     120  3,337    +1.42    -4.58    -4.32   42%    -5.13    -3.54    -0.39   2/9    -1.27
  F 부채비율 ≤50%                     250  1,697    +3.47    -9.11    -5.28   39%   -10.59    -5.18    +1.75   1/8    -3.63
  F 부채 ≤100 + PBR ≤0.8            120  3,086    +4.86    -2.37    -1.10   45%    -1.57    -2.98    +0.80   2/9    -0.32
  F 부채 ≤100 + PBR ≤0.8            250  1,662   +11.00    -4.98    +1.48   44%    -4.97    -5.00    +4.91   2/8    -1.86
  L 고점대비 -60%↓                    120  1,264   +18.88    +3.43    +7.83   54%    +7.79    -8.21    -6.45   4/11    -1.59
  L 고점대비 -60%↓                    250    896   +38.45    +7.23   +22.47   55%   +11.90   -11.23    -7.70   2/10    +0.29
  L 고점대비 -60~-40%                 120  5,055    +6.62    -2.84    -2.30   46%    -1.98    -5.23    -0.90   2/11    -0.64
  L 고점대비 -60~-40%                 250  3,219   +18.22    -5.11    +0.37   44%    -4.97    -5.26    +2.93   3/10    +2.65
  L 고점대비 -40~-25%                 120  8,867    +3.16    -5.61    -5.03   40%    -5.84    -5.05    +0.85   2/11    -0.51
  L 고점대비 -40~-25%                 250  5,171    +8.25    -8.45    -4.36   40%    -8.97    -6.48    +3.90   1/10    -1.19
  L 1년수익 -50%↓                    120  1,495   +15.37    +1.13    +4.00   51%    +3.53    -9.22    -4.02   4/11    -1.09
  L 1년수익 -50%↓                    250  1,116   +34.30    +4.59   +17.53   53%    +9.72   -10.38    +2.26   3/10    +2.58
  L 1년수익 -50~-30%                 120  4,553    +4.41    -3.48    -2.72   44%    -2.93    -5.35    -1.32   2/11    -2.49
  L 1년수익 -50~-30%                 250  2,982   +15.03    -4.56    +0.68   45%    -3.83    -8.49    +3.90   2/10    -0.94
  L 20일선위 비율 ≤30%                 120  1,372    +2.56    -4.64    -5.48   42%    -4.42    -5.76    -2.60   4/11    -2.27
  L 20일선위 비율 ≤30%                 250  1,028   +14.63    -6.97    -3.43   40%    -7.76    -5.55    +0.23   3/10    +1.56
  L 20일선위 비율 ≥70%                 120    396    +7.61    -2.96    -0.63   45%    -3.05    -0.64    +1.93   3/11    +2.20
  L 20일선위 비율 ≥70%                 250    288    +5.24    -8.88    -3.22   42%   -11.09    +4.75    -2.22   3/10    -1.70
  L 2M/1Y 거래량 ≤60%                120  7,681    +1.50    -6.12    -5.28   39%    -6.71    -4.74    +1.02   2/11    -0.36
  L 2M/1Y 거래량 ≤60%                250  4,589    +5.00    -9.00    -5.90   38%   -10.31    -4.71    +4.14   2/10    -1.34
  L 소외 3종(고점·1년·거래량)              120  2,571    +4.41    -3.71    -3.07   44%    -3.03    -5.29    -0.65   4/11    -1.22
  L 소외 3종(고점·1년·거래량)              250  1,804   +12.68    -6.86    -1.46   42%    -7.39    -5.53    +4.80   2/10    +0.35
  M 시총 ≤1000억                     120  3,678    +8.42    -2.54    -0.66   46%    -0.22    -5.52    +3.59   3/11    +2.16
  M 시총 ≤1000억                     250  2,318   +16.38    -5.24    +1.76   44%    -0.39   -10.93    +7.65   2/10    +3.53
  M 시총 1000억~1조                   120  8,424    +2.19    -5.83    -4.93   39%    -6.09    -5.18    -0.27   2/11    -1.71
  M 시총 1000억~1조                   250  4,412    +7.96    -8.59    -5.50   38%    -9.45    -6.32    +2.76   2/10    -1.40
  M 시총 ≥1조                        120  4,000    +4.01    -2.23    -1.74   46%    -4.64    +2.90    +1.77   3/11    +0.15
  M 시총 ≥1조                        250  1,993    +9.52    -4.66    -1.04   44%    -8.45    +9.15    +6.15   5/10    +1.33
  S 외국인 60일 ≥1%                   120  9,319    +3.59    -4.53    -3.59   42%    -4.76    -3.87    +1.81   2/11    +0.27
  S 외국인 60일 ≥1%                   250  5,392    +7.67    -7.62    -4.19   40%    -8.73    -3.99    +5.51   2/10    -0.74
  S 기관 60일 ≥1%                    120  7,074    +2.30    -4.12    -3.73   42%    -5.71    -0.47    +1.65   2/11    -0.89
  S 기관 60일 ≥1%                    250  4,269    +6.64    -7.51    -4.29   41%   -10.37    +0.33    +5.70   3/10    -1.47
  S 공매도 비중 ≤0.3%                  120  7,881    +6.31    -2.89    -1.58   45%    -1.15    -5.66    +2.09   2/11    +0.52
  S 공매도 비중 ≤0.3%                  250  4,508   +12.85    -4.52    +1.32   45%    -3.12    -5.83    +4.18   2/10    -1.21
  X 120일 -40%↓                    120  2,079   +15.25    +4.77    +6.07   57%    +5.71    -0.34    -0.89   4/11    -0.27
  X 120일 -40%↓                    250  1,659   +25.07    +0.58   +10.19   51%    +1.36    -4.89    -0.31   3/10    -0.00
  X 250일 -50%↓                    120  1,495   +15.37    +1.13    +4.00   51%    +3.53    -9.22    -4.02   4/11    -1.09
  X 250일 -50%↓                    250  1,116   +34.30    +4.59   +17.53   53%    +9.72   -10.38    +2.26   3/10    +2.58
  VL PBR≤0.8 + 고점 -40%↓           120  2,400   +10.65    +1.43    +3.29   53%    +3.36    -1.91    +0.16   5/11    -0.78
  VL PBR≤0.8 + 고점 -40%↓           250  1,657   +23.79    +2.93   +11.10   53%    +4.57    -1.43    +3.24   4/10    +0.07
  VL PBR≤0.5 + 고점 -40%↓           120  1,330   +16.86    +5.20    +7.84   59%    +7.84    -0.77    +0.26   6/11    +0.92
  VL PBR≤0.5 + 고점 -40%↓           250    972   +36.64   +11.77   +22.27   61%   +21.71    -1.30    +3.53   4/10    +5.15
  VL PBR≤0.8 + 1년 -30%↓           120  2,471   +10.07    +0.52    +2.22   51%    +2.04    -3.35    +1.26   5/11    -0.56
  VL PBR≤0.8 + 1년 -30%↓           250  1,696   +23.33    +2.95   +10.67   53%    +5.31    -2.28    +5.15   3/10    +0.14
  VL PBR≤0.8 + 거래량침체              120  3,656    +2.95    -3.88    -2.66   42%    -3.93    -3.61    +2.10   3/11    -0.12
  VL PBR≤0.8 + 거래량침체              250  2,280    +7.43    -5.25    -1.50   42%    -6.25    -3.43    +5.01   4/10    -1.13
  VLF PBR≤0.8 + 고점-40 + 부채≤100    120  1,048   +10.73    +1.83    +3.37   53%    +4.11    -1.78    -1.87   4/9    -0.96
  VLF PBR≤0.8 + 고점-40 + 부채≤100    250    726   +23.02    +2.42   +11.48   53%    +4.50    -1.31    +4.43   3/8    -1.77
  VLS PBR≤0.8 + 고점-40 + 외인60      120  1,504   +11.22    +1.40    +3.21   52%    +3.57    -4.22    +1.60   6/11    +1.45
  VLS PBR≤0.8 + 고점-40 + 외인60      250  1,083   +21.65    +0.28    +7.34   50%    +2.06    -5.78    +4.43   4/10    +2.18
================================================================================================================================
[KOSDAQ] 장기 축 — **절대 수익** 기준 (비용 차감, 2016~). 초과는 참고
================================================================================================================================
  축                                보유     건수       절대       중앙       절삭    승률     학습중앙     검증중앙      월CI    양수해     (초과)
  V PBR ≤0.3                      120    383   +17.40    +0.72    +7.21   51%   +18.35    -5.61    +2.72   3/11    +0.83
  V PBR ≤0.3                      250    240   +40.81    +8.07   +23.91   57%   +35.97    -2.07    +0.87   4/10    +5.91
  V PBR ≤0.5                      120  2,008   +13.78    +0.27    +4.02   50%    +6.21    -4.98    +2.31   3/11    -0.07
  V PBR ≤0.5                      250  1,178   +32.67    +2.83   +15.49   52%   +16.77    -6.76    +6.62   2/10    +4.04
  V PBR ≤0.8                      120  5,842    +9.29    -2.35    +0.32   46%    +1.79    -7.17    +3.56   2/11    +0.17
  V PBR ≤0.8                      250  3,277   +19.77    -2.11    +5.40   47%    +3.50    -9.72    +8.64   2/10    +1.20
  V PBR ≤1.2                      120 10,646    +7.96    -3.84    -1.58   44%    -1.22    -7.69    +4.27   2/11    -0.04
  V PBR ≤1.2                      250  5,750   +15.78    -5.16    +1.42   44%    -0.66   -11.88    +9.88   2/10    +0.03
  V PBR ≥3                        120  7,766    +1.80   -12.36    -9.90   35%   -11.71   -13.85    -0.29   1/11    -3.08
  V PBR ≥3                        250  4,318    +5.57   -20.94   -14.13   32%   -19.60   -24.26    +0.17   1/10    -4.07
  V PBR ≤0.5 + PER ≤10            120    948   +14.37    +0.43    +4.64   51%    +5.84    -3.30    +0.66   3/11    +0.28
  V PBR ≤0.5 + PER ≤10            250    591   +32.58    +3.47   +16.76   53%   +14.64    -3.75    +1.72   3/10    +3.20
  V PBR ≤0.8 + PER ≤15            120  3,152    +9.01    -1.15    +1.72   48%    +2.65    -4.88    +3.07   3/11    -0.34
  V PBR ≤0.8 + PER ≤15            250  1,837   +20.72    -0.42    +8.31   50%    +5.44    -7.60    +8.17   2/10    +0.88
  F 부채비율 ≤100%                    120 14,406    +1.57    -7.99    -6.09   38%    -6.65    -9.87    -0.30   1/9    -0.19
  F 부채비율 ≤100%                    250  7,340    +4.37   -13.44    -7.72   35%   -11.40   -16.69    +1.26   1/8    -0.71
  F 부채비율 ≤50%                     120  9,294    +1.82    -7.56    -5.78   39%    -6.66    -8.94    +0.15   1/9    -0.11
  F 부채비율 ≤50%                     250  4,826    +5.37   -12.74    -7.11   36%   -11.65   -14.80    +3.28   1/8    -0.23
  F 부채 ≤100 + PBR ≤0.8            120  3,667    +7.82    -2.78    +0.06   45%    +3.07    -7.34    +1.25   1/9    +0.44
  F 부채 ≤100 + PBR ≤0.8            250  2,047   +17.59    -3.15    +5.38   47%    +6.04    -9.72    +4.87   1/8    +0.72
  L 고점대비 -60%↓                    120  3,563   +30.80    -0.07    +4.54   50%    +5.04    -8.74    +5.57   2/11   +11.72
  L 고점대비 -60%↓                    250  2,491   +49.47    -0.40   +13.28   50%    +3.97   -11.58   +11.51   2/10   +18.01
  L 고점대비 -60~-40%                 120 11,546    +9.36    -5.24    -3.99   42%    -2.55   -10.74    +2.16   1/11    +0.10
  L 고점대비 -60~-40%                 250  6,999   +16.17    -9.50    -3.11   41%    -6.51   -16.21    +5.65   1/10    -0.06
  L 고점대비 -40~-25%                 120 16,389    +3.20    -8.03    -6.47   38%    -6.33   -11.38    +1.08   1/11    -2.76
  L 고점대비 -40~-25%                 250  9,408   +10.11   -12.40    -7.09   37%   -10.22   -17.41    +5.77   1/10    -1.46
  L 1년수익 -50%↓                    120  3,718   +20.24    -2.14    +1.65   47%    +1.69    -9.07    +3.61   2/11    +5.16
  L 1년수익 -50%↓                    250  2,679   +31.68    -4.07    +7.97   47%    +0.74   -12.55   +10.21   3/10    +6.10
  L 1년수익 -50~-30%                 120  9,011   +13.21    -5.20    -3.55   42%    -3.05    -9.25    +4.47   1/11    +3.80
  L 1년수익 -50~-30%                 250  5,803   +20.38    -8.25    -1.39   41%    -5.57   -14.29    +8.26   1/10    +2.50
  L 20일선위 비율 ≤30%                 120  2,819    +6.58    -8.42    -7.60   38%    -6.90   -10.69    +0.20   2/11    +0.50
  L 20일선위 비율 ≤30%                 250  2,036   +13.68   -13.27    -8.42   36%   -12.42   -15.10    +6.93   1/10    +0.48
  L 20일선위 비율 ≥70%                 120    443    +0.29    -8.46    -6.83   39%    -8.31    -9.89    -5.81   1/11    -5.70
  L 20일선위 비율 ≥70%                 250    348    -2.04    -9.80    -9.25   39%   -10.60    -2.39    -9.49   2/10    -8.63
  L 2M/1Y 거래량 ≤60%                120 15,535    +2.98    -7.52    -6.13   38%    -6.21    -9.79    +2.26   1/11    -1.70
  L 2M/1Y 거래량 ≤60%                250  8,863    +8.55   -11.06    -6.73   37%    -9.21   -14.83    +7.41   1/10    -1.46
  L 소외 3종(고점·1년·거래량)              120  6,100    +6.84    -4.76    -3.45   43%    -2.71    -7.61    +2.34   1/11    -1.56
  L 소외 3종(고점·1년·거래량)              250  4,181   +15.30    -7.03    -1.57   42%    -5.31   -12.53    +6.97   1/10    -0.78
  M 시총 ≤1000억                     120 17,099    +9.18    -5.95    -4.01   41%    -3.33    -8.84    +5.79   1/11    +2.71
  M 시총 ≤1000억                     250  8,894   +18.26    -8.31    -1.38   42%    -3.61   -13.85   +12.01   2/10    +3.72
  S 외국인 60일 ≥1%                   120 14,208    +4.73    -6.66    -5.08   40%    -5.63    -8.66    +2.54   1/11    -0.76
  S 외국인 60일 ≥1%                   250  8,425    +7.33   -10.75    -6.22   38%    -8.90   -14.10    +4.84   1/10    -3.52
  S 기관 60일 ≥1%                    120  7,641    +2.56    -6.35    -5.17   40%    -5.84    -7.34    +1.08   2/11    -3.19
  S 기관 60일 ≥1%                    250  4,919    +5.74   -11.25    -6.19   38%   -11.25   -11.24    +4.05   1/10    -5.27
  S 공매도 비중 ≤0.3%                  120 17,822    +7.77    -6.51    -4.70   40%    -4.66   -10.49    +4.80   1/11    +2.00
  S 공매도 비중 ≤0.3%                  250  9,780   +13.29   -10.46    -4.84   38%    -7.25   -16.96    +7.67   1/10    +0.91
  X 120일 -40%↓                    120  4,913   +23.28    +0.26    +2.89   50%    +3.21    -6.72    +4.30   3/11    +7.44
  X 120일 -40%↓                    250  3,892   +27.52    -5.75    +3.57   45%    -2.27   -13.71    +5.38   2/10    +5.05
  X 250일 -50%↓                    120  3,718   +20.24    -2.14    +1.65   47%    +1.69    -9.07    +3.61   2/11    +5.16
  X 250일 -50%↓                    250  2,679   +31.68    -4.07    +7.97   47%    +0.74   -12.55   +10.21   3/10    +6.10
  VL PBR≤0.8 + 고점 -40%↓           120  2,796   +17.15    +2.45    +5.56   54%    +9.46    -6.53    +2.79   3/11    +0.12
  VL PBR≤0.8 + 고점 -40%↓           250  1,910   +30.96    +4.82   +14.45   54%   +12.90    -9.58   +11.34   4/10    +1.68
  VL PBR≤0.5 + 고점 -40%↓           120  1,011   +23.62    +5.33   +11.47   59%   +15.53    -5.09    +0.06   7/11    -1.35
  VL PBR≤0.5 + 고점 -40%↓           250    730   +48.75   +12.82   +30.00   59%   +35.17    -5.67    +5.56   4/10    +6.15
  VL PBR≤0.8 + 1년 -30%↓           120  2,554   +16.50    +1.12    +4.30   52%    +7.82    -6.63    +2.68   4/11    -0.04
  VL PBR≤0.8 + 1년 -30%↓           250  1,774   +29.11    +2.41   +13.29   52%   +10.26    -9.56    +3.71   2/10    -0.12
  VL PBR≤0.8 + 거래량침체              120  3,683    +5.70    -3.39    -1.50   44%    +0.31    -6.79    +2.25   2/11    -1.09
  VL PBR≤0.8 + 거래량침체              250  2,297   +11.42    -4.13    +1.05   44%    +0.26    -9.70    +5.25   3/10    -2.74
  VLF PBR≤0.8 + 고점-40 + 부채≤100    120  1,820   +15.79    +3.25    +6.59   54%   +12.83    -6.20    -1.34   3/9    -0.38
  VLF PBR≤0.8 + 고점-40 + 부채≤100    250  1,239   +30.16    +6.73   +16.75   56%   +17.53    -8.42    +2.74   4/8    +0.82
  VLS PBR≤0.8 + 고점-40 + 외인60      120  1,911   +12.59    +1.64    +3.96   52%    +7.79    -6.68    +0.31   4/11    -3.09
  VLS PBR≤0.8 + 고점-40 + 외인60      250  1,397   +23.31    +1.32    +9.78   51%   +10.03   -10.21    +5.08   4/10    -2.38

================================================================================================================================
생존 후보 — **절대** 중앙>0 · 절삭>0 · 학습중앙>0 · 검증중앙>0 · 양수해 70%↑
================================================================================================================================
  없음

시험 132개 기록 · 누적 14,143개
