
============================================================================================================================
[KOSPI] 장기 축 정찰 — 유니버스 대비 초과(2016~) · 중복신호 제거 · 상위5% 절삭 포함
============================================================================================================================
  ※ '평균초과' 는 유니버스 평균 대비, 나머지는 유니버스 **중앙값** 대비다
  축                                보유      건수     평균초과     중앙초과      중앙값       절삭    승률       학습       검증      월CI    양수해
  V PBR ≤0.3                      120   1,125    +1.50   +11.07    +3.71    +5.08   57%   +15.09    +7.18    +6.07   9/11
  V PBR ≤0.3                      250     690    +7.21   +23.17    +8.49   +11.92   64%   +26.59   +18.35   +13.09   7/10
  V PBR ≤0.5                      120   3,819    +1.27    +9.38    +2.07    +3.39   50%   +10.67    +7.69    +6.71  11/11
  V PBR ≤0.5                      250   2,137    +3.72   +18.30    +5.05    +8.65   53%   +21.05   +13.58   +12.82  10/10
  V PBR ≤0.8                      120   7,158    -0.23    +7.41    +1.22    +1.86   46%    +8.15    +6.09    +6.27  11/11
  V PBR ≤0.8                      250   3,804    -0.67   +13.40    +1.86    +4.31   46%   +14.40   +11.17   +10.31  10/10
  V PBR ≤1.2                      120   9,832    -0.08    +7.46    +0.31    +1.14   44%    +8.23    +5.81    +6.50  11/11
  V PBR ≤1.2                      250   5,115    -0.95   +12.76    +1.01    +3.13   44%   +13.41   +11.13   +11.18  10/10
  V PBR ≥3                        120   2,283    -3.72    +3.13    -5.59    -5.42   36%    +0.45   +12.11    +2.15   8/11
  V PBR ≥3                        250   1,270    -4.51    +7.82   -10.78    -7.76   32%    +4.58   +21.18    +5.63   6/10
  V PBR ≤0.5 + PER ≤10            120   2,277    +0.83    +9.08    +3.02    +3.94   53%    +9.30    +8.82    +6.33  11/11
  V PBR ≤0.5 + PER ≤10            250   1,300    +3.23   +18.47    +6.54    +9.67   56%   +19.82   +16.47    +9.32  10/10
  V PBR ≤0.8 + PER ≤15            120   4,717    +0.03    +7.77    +1.73    +2.54   47%    +8.22    +7.03    +6.51  11/11
  V PBR ≤0.8 + PER ≤15            250   2,573    -0.90   +13.81    +2.67    +5.34   48%   +13.05   +15.35    +9.39  10/10
  F 부채비율 ≤100%                    120   6,242    -1.30    +5.17    -0.34    -0.40   42%    +5.42    +4.74    +3.69   9/9
  F 부채비율 ≤100%                    250   3,166    -3.31    +8.64    -1.16    +0.32   39%    +7.71   +10.55    +7.41   8/8
  F 부채비율 ≤50%                     120   3,337    -1.90    +4.61    -0.30    -0.73   42%    +4.52    +4.78    +3.51   9/9
  F 부채비율 ≤50%                     250   1,697    -4.47    +7.53    -0.81    -0.31   39%    +5.77   +11.30    +5.83   8/8
  F 부채 ≤100 + PBR ≤0.8            120   3,086    -0.68    +6.51    +1.11    +1.32   45%    +8.61    +3.88    +4.57   9/9
  F 부채 ≤100 + PBR ≤0.8            250   1,662    -2.05   +11.01    +1.24    +2.91   44%   +12.93    +7.96    +9.34   8/8
  L 고점대비 -60%↓                    120   1,264    -2.26    +9.77    -1.79    +0.22   54%   +12.83    -2.64    -3.75   5/11
  L 고점대비 -60%↓                    250     896    +0.63   +17.85    -0.78    +3.81   55%   +21.13    +0.57    -4.55   8/10
  L 고점대비 -60~-40%                 120   5,055    -1.15    +6.73    -1.36    -1.53   46%    +8.32    +1.48    +1.84   9/11
  L 고점대비 -60~-40%                 250   3,219    +1.93   +15.50    -2.84    -1.11   44%   +18.13    +5.22    +6.30   9/10
  L 고점대비 -40~-25%                 120   8,867    -1.04    +6.04    -2.05    -1.81   40%    +6.83    +4.04    +3.95  11/11
  L 고점대비 -40~-25%                 250   5,171    -2.19   +10.88    -2.67    -0.93   40%   +11.94    +7.50    +8.24  10/10
  L 1년수익 -50%↓                    120   1,495    -1.97    +9.32    -1.37    -0.45   51%   +12.71    -3.51    -1.06   6/11
  L 1년수익 -50%↓                    250   1,116    +2.81   +19.18    +1.53    +4.34   53%   +21.98    +6.29    +5.59   8/10
  L 1년수익 -50~-30%                 120   4,553    -3.18    +4.98    -1.38    -1.32   44%    +6.44    +0.80    +2.00   7/11
  L 1년수익 -50~-30%                 250   2,982    -1.62   +12.45    -2.13    -0.39   45%   +15.17    +3.00    +7.86   7/10
  L 20일선위 비율 ≤30%                 120   1,372    -2.84    +4.74    -1.30    -2.67   42%    +5.69    +2.48    +0.55   8/11
  L 20일선위 비율 ≤30%                 250   1,028    +0.87   +14.91    -3.99    -2.12   40%   +18.03    +6.76    +3.79   7/10
  L 20일선위 비율 ≥70%                 120     396    +2.04   +10.43    +0.23    +2.42   45%    +6.23   +21.47    +5.10   9/11
  L 20일선위 비율 ≥70%                 250     288    -2.41   +10.48    -0.69    +2.55   42%    +6.88   +27.21    +2.87   8/10
  L 2M/1Y 거래량 ≤60%                120   7,681    -0.80    +5.57    -1.39    -0.87   39%    +5.91    +4.77    +4.69  11/11
  L 2M/1Y 거래량 ≤60%                250   4,589    -2.15   +10.55    -1.49    +0.15   38%   +10.68   +10.17    +9.04  10/10
  L 소외 3종(고점·1년·거래량)              120   2,571    -1.57    +5.87    -0.79    -0.79   44%    +7.47    +1.51    +2.41   9/11
  L 소외 3종(고점·1년·거래량)              250   1,804    -0.10   +13.40    -2.01    +0.57   42%   +15.80    +5.40    +8.20   8/10
  M 시총 ≤1000억                     120   3,678    +1.84    +9.66    -0.00    +1.06   46%   +13.32    +3.31    +6.79  10/11
  M 시총 ≤1000억                     250   2,318    +3.65   +18.92    +1.30    +5.17   44%   +21.72   +14.55   +11.87   9/10
  M 시총 1000억~1조                   120   8,424    -2.07    +5.15    -1.97    -1.57   39%    +5.87    +3.47    +3.40  11/11
  M 시총 1000억~1조                   250   4,412    -2.06   +11.26    -2.36    -1.47   38%   +12.46    +8.12    +7.41  10/10
  M 시총 ≥1조                        120   4,000    +0.06    +7.25    +1.68    +1.81   46%    +3.38   +14.74    +5.64  11/11
  M 시총 ≥1조                        250   1,993    +0.81   +13.61    +1.47    +3.66   44%    +5.79   +30.74   +10.59   8/10
  S 외국인 60일 ≥1%                   120   9,319    -0.19    +7.05    -0.39    +0.21   42%    +6.53    +8.17    +5.57  11/11
  S 외국인 60일 ≥1%                   250   5,392    -1.52   +12.13    -0.93    +0.95   40%   +11.36   +14.23    +9.97  10/10
  S 기관 60일 ≥1%                    120   7,074    -1.41    +5.93    +0.01    +0.25   42%    +4.21    +9.81    +5.43  11/11
  S 기관 60일 ≥1%                    250   4,269    -2.23   +11.42    -0.26    +1.22   41%    +9.47   +16.90   +10.44  10/10
  S 공매도 비중 ≤0.3%                  120   7,881    -0.01    +7.31    -0.70    -0.18   45%    +9.56    +3.06    +5.75  10/11
  S 공매도 비중 ≤0.3%                  250   4,508    -1.83   +11.70    -0.73    +1.17   45%   +13.18    +8.60    +9.45  10/10
  X 120일 -40%↓                    120   2,079    -0.86    +9.34    +1.16    +1.56   57%   +10.42    +4.66    +2.14  11/11
  X 120일 -40%↓                    250   1,659    -0.25   +14.43    -0.80    +1.66   51%   +15.90    +7.53    +3.91   8/10
  X 250일 -50%↓                    120   1,495    -1.97    +9.32    -1.37    -0.45   51%   +12.71    -3.51    -1.06   6/11
  X 250일 -50%↓                    250   1,116    +2.81   +19.18    +1.53    +4.34   53%   +21.98    +6.29    +5.59   8/10
  VL PBR≤0.8 + 고점 -40%↓           120   2,400    -1.21    +8.02    +0.91    +1.63   53%   +10.02    +2.54    +2.99   9/11
  VL PBR≤0.8 + 고점 -40%↓           250   1,657    -0.09   +14.62    +1.28    +3.77   53%   +17.08    +6.22    +6.91   9/10
  VL PBR≤0.5 + 고점 -40%↓           120   1,330    +0.41   +11.04    +1.72    +3.49   59%   +13.99    +3.45    +3.51  10/11
  VL PBR≤0.5 + 고점 -40%↓           250     972    +5.30   +21.21    +5.79    +9.01   61%   +26.22    +5.15    +6.77   9/10
  VL PBR≤0.8 + 1년 -30%↓           120   2,471    -1.14    +8.05    +1.03    +1.30   51%   +10.09    +2.64    +4.56   9/11
  VL PBR≤0.8 + 1년 -30%↓           250   1,696    -0.17   +14.92    +1.75    +4.19   53%   +17.46    +6.65    +8.84  10/10
  VL PBR≤0.8 + 거래량침체              120   3,656    -0.37    +6.28    +0.33    +1.18   42%    +7.54    +4.20    +5.69  11/11
  VL PBR≤0.8 + 거래량침체              250   2,280    -1.44   +11.36    +1.16    +3.21   42%   +11.90   +10.21   +10.18  10/10
  VLF PBR≤0.8 + 고점-40 + 부채≤100    120   1,048    -1.36    +7.48    +1.10    +1.24   53%    +9.74    +3.04    +0.18   8/9
  VLF PBR≤0.8 + 고점-40 + 부채≤100    250     726    -1.50   +12.67    +1.54    +2.87   53%   +14.77    +7.59    +6.84   7/8
  VLS PBR≤0.8 + 고점-40 + 외인60      120   1,504    +0.83    +9.49    +1.40    +2.43   52%   +11.97    +2.73    +4.32   9/11
  VLS PBR≤0.8 + 고점-40 + 외인60      250   1,083    +1.59   +15.44    +0.43    +2.98   50%   +18.21    +5.49    +8.14   9/10

============================================================================================================================
[KOSDAQ] 장기 축 정찰 — 유니버스 대비 초과(2016~) · 중복신호 제거 · 상위5% 절삭 포함
============================================================================================================================
  ※ '평균초과' 는 유니버스 평균 대비, 나머지는 유니버스 **중앙값** 대비다
  축                                보유      건수     평균초과     중앙초과      중앙값       절삭    승률       학습       검증      월CI    양수해
  V PBR ≤0.3                      120     383    +1.83   +13.04    +3.32    +4.57   51%   +14.62   +11.97    +6.83   8/11
  V PBR ≤0.3                      250     240    +6.22   +26.40    +9.02   +13.19   57%   +28.51   +24.10    +7.13   7/10
  V PBR ≤0.5                      120   2,008    +0.49   +11.77    +2.10    +3.81   50%   +15.89    +7.35    +7.32  11/11
  V PBR ≤0.5                      250   1,178    +3.98   +23.57    +5.41    +9.44   52%   +29.26   +14.85   +13.35  10/10
  V PBR ≤0.8                      120   5,842    -0.01   +11.24    +2.07    +3.26   46%   +14.40    +6.80    +8.79  11/11
  V PBR ≤0.8                      250   3,277    +0.51   +19.62    +4.32    +6.89   47%   +23.30   +12.74   +15.79  10/10
  V PBR ≤1.2                      120  10,646    -0.41   +11.36    +1.48    +2.64   44%   +13.83    +7.32    +9.88  11/11
  V PBR ≤1.2                      250   5,750    -0.80   +18.96    +2.73    +6.02   44%   +21.93   +12.88   +17.63  10/10
  V PBR ≥3                        120   7,766    -3.92    +7.69    -5.79    -3.70   35%    +7.26    +8.69    +5.69   8/11
  V PBR ≥3                        250   4,318    -5.42   +13.63   -10.20    -5.66   32%   +14.24   +11.97    +8.02   8/10
  V PBR ≤0.5 + PER ≤10            120     948    +0.90   +11.77    +3.08    +4.33   51%   +15.25    +8.38    +5.73  10/11
  V PBR ≤0.5 + PER ≤10            250     591    +3.29   +22.68    +6.00   +10.97   53%   +29.08   +14.24    +8.84   9/10
  V PBR ≤0.8 + PER ≤15            120   3,152    -0.55   +10.69    +3.20    +4.56   48%   +12.36    +8.45    +8.52  11/11
  V PBR ≤0.8 + PER ≤15            250   1,837    +0.31   +19.78    +5.55    +8.97   50%   +22.05   +15.81   +15.40  10/10
  F 부채비율 ≤100%                    120  14,406    -1.14    +7.50    -1.09    +0.27   38%    +7.12    +8.02    +6.70   9/9
  F 부채비율 ≤100%                    250   7,340    -2.20   +12.85    -1.79    +1.39   35%   +12.10   +14.11   +10.31   8/8
  F 부채비율 ≤50%                     120   9,294    -1.01    +7.66    -0.87    +0.51   39%    +6.97    +8.61    +7.03   9/9
  F 부채비율 ≤50%                     250   4,826    -1.66   +13.58    -1.54    +1.72   36%   +12.62   +15.17   +11.91   8/8
  F 부채 ≤100 + PBR ≤0.8            120   3,667    +0.39    +9.72    +2.18    +3.09   45%   +12.98    +6.34    +7.42   9/9
  F 부채 ≤100 + PBR ≤0.8            250   2,047    +0.11   +16.83    +3.98    +6.43   47%   +21.49   +10.29   +13.00   8/8
  L 고점대비 -60%↓                    120   3,563   +12.15   +25.24    -0.97    +0.93   50%   +35.33    +5.13    +9.55   9/11
  L 고점대비 -60%↓                    250   2,491   +17.76   +38.69    -0.34    +4.88   50%   +48.49   +14.91   +17.48  10/10
  L 고점대비 -60~-40%                 120  11,546    -0.28   +11.43    -1.81    -1.15   42%   +14.90    +4.48    +6.85  10/11
  L 고점대비 -60~-40%                 250   6,999    -0.89   +18.33    -3.21    +0.12   41%   +21.03   +11.71   +12.80  10/10
  L 고점대비 -40~-25%                 120  16,389    -3.45    +8.20    -2.19    -1.07   38%    +8.56    +7.48    +6.80  10/11
  L 고점대비 -40~-25%                 250   9,408    -2.54   +16.81    -2.63    +0.20   37%   +18.79   +11.95   +13.37  10/10
  L 1년수익 -50%↓                    120   3,718    +5.28   +18.07    -0.73    +1.17   47%   +25.02    +5.09    +8.24  10/11
  L 1년수익 -50%↓                    250   2,679    +6.00   +27.12    -0.57    +5.36   47%   +31.85   +16.41   +17.48   9/10
  L 1년수익 -50~-30%                 120   9,011    +3.49   +15.54    -1.02    -0.16   42%   +21.02    +5.57    +9.38  10/11
  L 1년수익 -50~-30%                 250   5,803    +2.06   +22.29    -1.54    +2.11   41%   +26.21   +13.49   +15.30  10/10
  L 20일선위 비율 ≤30%                 120   2,819    +0.19   +11.73    -2.60    -1.98   38%   +18.28    +4.27    +5.48   9/11
  L 20일선위 비율 ≤30%                 250   2,036    +0.71   +20.89    -4.17    -0.64   36%   +25.65   +14.28   +14.60   9/10
  L 20일선위 비율 ≥70%                 120     443    -5.98    +5.60    -2.41    -1.41   39%    +3.34   +13.24    -0.06   9/11
  L 20일선위 비율 ≥70%                 250     348   -10.35    +6.57    -0.57    -0.34   39%    +5.20   +15.12    -0.85   7/10
  L 2M/1Y 거래량 ≤60%                120  15,535    -2.53    +8.93    -1.04    +0.16   38%    +9.59    +7.67    +8.33  11/11
  L 2M/1Y 거래량 ≤60%                250   8,863    -2.51   +17.03    -0.63    +2.26   37%   +18.25   +14.16   +15.94  10/10
  L 소외 3종(고점·1년·거래량)              120   6,100    -1.97    +9.65    -0.73    +0.12   43%   +11.18    +6.94    +7.48  10/11
  L 소외 3종(고점·1년·거래량)              250   4,181    -1.12   +18.78    -1.03    +3.03   42%   +20.08   +15.82   +14.48  10/10
  M 시총 ≤1000억                     120  17,099    +2.30   +13.83    -0.41    +1.12   41%   +19.19    +8.15   +11.32  11/11
  M 시총 ≤1000억                     250   8,894    +3.26   +23.00    +0.26    +4.18   42%   +28.16   +16.16   +19.81  10/10
  S 외국인 60일 ≥1%                   120  14,208    -1.38   +10.59    -0.05    +1.14   40%   +10.18   +11.34    +8.68  11/11
  S 외국인 60일 ≥1%                   250   8,425    -4.39   +15.36    -0.44    +2.33   38%   +15.38   +15.32   +13.52  10/10
  S 기관 60일 ≥1%                    120   7,641    -3.87    +8.39    +0.03    +0.98   40%    +6.97   +11.21    +7.18  11/11
  S 기관 60일 ≥1%                    250   4,919    -6.19   +13.84    -0.68    +2.38   38%   +11.34   +20.08   +12.46  10/10
  S 공매도 비중 ≤0.3%                  120  17,822    +1.10   +12.37    -0.86    +0.29   40%   +15.61    +6.29   +10.69  11/11
  S 공매도 비중 ≤0.3%                  250   9,780    -0.08   +18.78    -1.31    +1.47   38%   +22.25   +11.29   +16.20  10/10
  X 120일 -40%↓                    120   4,913    +7.56   +20.18    +0.39    +1.39   50%   +26.16    +5.95    +8.66  10/11
  X 120일 -40%↓                    250   3,892    +4.38   +24.42    -1.72    +2.60   45%   +28.25   +14.15   +12.17  10/10
  X 250일 -50%↓                    120   3,718    +5.28   +18.07    -0.73    +1.17   47%   +25.02    +5.09    +8.24  10/11
  X 250일 -50%↓                    250   2,679    +6.00   +27.12    -0.57    +5.36   47%   +31.85   +16.41   +17.48   9/10
  VL PBR≤0.8 + 고점 -40%↓           120   2,796    +0.64   +12.43    +1.84    +2.51   54%   +17.66    +3.79    +6.97  11/11
  VL PBR≤0.8 + 고점 -40%↓           250   1,910    +1.53   +21.21    +2.81    +6.54   54%   +24.24   +14.73   +17.17  10/10
  VL PBR≤0.5 + 고점 -40%↓           120   1,011    -0.00   +12.71    +0.87    +2.89   59%   +19.75    +2.31    +4.31  10/11
  VL PBR≤0.5 + 고점 -40%↓           250     730    +6.35   +27.34    +2.66   +11.57   59%   +35.00   +12.27   +10.83  10/10
  VL PBR≤0.8 + 1년 -30%↓           120   2,554    +0.51   +12.36    +1.15    +1.96   52%   +17.34    +4.79    +7.00   9/11
  VL PBR≤0.8 + 1년 -30%↓           250   1,774    -0.11   +19.75    +2.74    +6.01   52%   +23.04   +13.47    +9.77   9/10
  VL PBR≤0.8 + 거래량침체              120   3,683    -1.45    +9.21    +1.96    +2.68   44%   +11.17    +6.80    +7.80  11/11
  VL PBR≤0.8 + 거래량침체              250   2,297    -3.19   +15.49    +3.72    +6.14   44%   +17.30   +12.56   +12.90  10/10
  VLF PBR≤0.8 + 고점-40 + 부채≤100    120   1,820    +0.38   +10.43    +2.37    +3.06   54%   +15.36    +3.95    +3.85   8/9
  VLF PBR≤0.8 + 고점-40 + 부채≤100    250   1,239    +0.79   +18.60    +3.81    +7.24   56%   +22.03   +12.64    +8.96   8/8
  VLS PBR≤0.8 + 고점-40 + 외인60      120   1,911    -2.70    +9.06    +1.21    +1.83   52%   +12.85    +3.33    +5.05  11/11
  VLS PBR≤0.8 + 고점-40 + 외인60      250   1,397    -2.51   +17.21    +2.66    +5.53   51%   +21.67    +8.60   +11.42  10/10

============================================================================================================================
생존 후보 — **유니버스 중앙값 기준** · 중앙>0 · 절삭>0 · 학습·검증>0 · 월CI>0 · 양수해 70%↑
============================================================================================================================
  [KOSDAQ] M 시총 ≤1000억                    250일 · 8,894건 · 중앙기준초과 +23.00%p 중앙 +0.26 절삭 +4.18 CI+19.81 양수해 10/10 (평균기준 +3.26)
  [KOSDAQ] V PBR ≤1.2                     250일 · 5,750건 · 중앙기준초과 +18.96%p 중앙 +2.73 절삭 +6.02 CI+17.63 양수해 10/10 (평균기준 -0.80)
  [KOSDAQ] VL PBR≤0.8 + 고점 -40%↓          250일 · 1,910건 · 중앙기준초과 +21.21%p 중앙 +2.81 절삭 +6.54 CI+17.17 양수해 10/10 (평균기준 +1.53)
  [KOSDAQ] V PBR ≤0.8                     250일 · 3,277건 · 중앙기준초과 +19.62%p 중앙 +4.32 절삭 +6.89 CI+15.79 양수해 10/10 (평균기준 +0.51)
  [KOSDAQ] V PBR ≤0.8 + PER ≤15           250일 · 1,837건 · 중앙기준초과 +19.78%p 중앙 +5.55 절삭 +8.97 CI+15.40 양수해 10/10 (평균기준 +0.31)
  [KOSDAQ] V PBR ≤0.5                     250일 · 1,178건 · 중앙기준초과 +23.57%p 중앙 +5.41 절삭 +9.44 CI+13.35 양수해 10/10 (평균기준 +3.98)
  [KOSPI] V PBR ≤0.3                     250일 ·   690건 · 중앙기준초과 +23.17%p 중앙 +8.49 절삭 +11.92 CI+13.09 양수해 7/10 (평균기준 +7.21)
  [KOSDAQ] F 부채 ≤100 + PBR ≤0.8           250일 · 2,047건 · 중앙기준초과 +16.83%p 중앙 +3.98 절삭 +6.43 CI+13.00 양수해 8/8 (평균기준 +0.11)
  [KOSDAQ] VL PBR≤0.8 + 거래량침체             250일 · 2,297건 · 중앙기준초과 +15.49%p 중앙 +3.72 절삭 +6.14 CI+12.90 양수해 10/10 (평균기준 -3.19)
  [KOSPI] V PBR ≤0.5                     250일 · 2,137건 · 중앙기준초과 +18.30%p 중앙 +5.05 절삭 +8.65 CI+12.82 양수해 10/10 (평균기준 +3.72)
  [KOSPI] M 시총 ≤1000억                    250일 · 2,318건 · 중앙기준초과 +18.92%p 중앙 +1.30 절삭 +5.17 CI+11.87 양수해 9/10 (평균기준 +3.65)
  [KOSDAQ] VLS PBR≤0.8 + 고점-40 + 외인60     250일 · 1,397건 · 중앙기준초과 +17.21%p 중앙 +2.66 절삭 +5.53 CI+11.42 양수해 10/10 (평균기준 -2.51)
  [KOSPI] V PBR ≤1.2                     250일 · 5,115건 · 중앙기준초과 +12.76%p 중앙 +1.01 절삭 +3.13 CI+11.18 양수해 10/10 (평균기준 -0.95)
  [KOSDAQ] VL PBR≤0.5 + 고점 -40%↓          250일 ·   730건 · 중앙기준초과 +27.34%p 중앙 +2.66 절삭 +11.57 CI+10.83 양수해 10/10 (평균기준 +6.35)
  [KOSPI] M 시총 ≥1조                       250일 · 1,993건 · 중앙기준초과 +13.61%p 중앙 +1.47 절삭 +3.66 CI+10.59 양수해 8/10 (평균기준 +0.81)
  [KOSPI] V PBR ≤0.8                     250일 · 3,804건 · 중앙기준초과 +13.40%p 중앙 +1.86 절삭 +4.31 CI+10.31 양수해 10/10 (평균기준 -0.67)
  [KOSPI] VL PBR≤0.8 + 거래량침체             250일 · 2,280건 · 중앙기준초과 +11.36%p 중앙 +1.16 절삭 +3.21 CI+10.18 양수해 10/10 (평균기준 -1.44)
  [KOSDAQ] V PBR ≤1.2                     120일 · 10,646건 · 중앙기준초과 +11.36%p 중앙 +1.48 절삭 +2.64 CI+9.88 양수해 11/11 (평균기준 -0.41)
  [KOSDAQ] VL PBR≤0.8 + 1년 -30%↓          250일 · 1,774건 · 중앙기준초과 +19.75%p 중앙 +2.74 절삭 +6.01 CI+9.77 양수해 9/10 (평균기준 -0.11)
  [KOSPI] V PBR ≤0.8 + PER ≤15           250일 · 2,573건 · 중앙기준초과 +13.81%p 중앙 +2.67 절삭 +5.34 CI+9.39 양수해 10/10 (평균기준 -0.90)
  [KOSPI] F 부채 ≤100 + PBR ≤0.8           250일 · 1,662건 · 중앙기준초과 +11.01%p 중앙 +1.24 절삭 +2.91 CI+9.34 양수해 8/8 (평균기준 -2.05)
  [KOSPI] V PBR ≤0.5 + PER ≤10           250일 · 1,300건 · 중앙기준초과 +18.47%p 중앙 +6.54 절삭 +9.67 CI+9.32 양수해 10/10 (평균기준 +3.23)
  [KOSDAQ] VLF PBR≤0.8 + 고점-40 + 부채≤100   250일 · 1,239건 · 중앙기준초과 +18.60%p 중앙 +3.81 절삭 +7.24 CI+8.96 양수해 8/8 (평균기준 +0.79)
  [KOSPI] VL PBR≤0.8 + 1년 -30%↓          250일 · 1,696건 · 중앙기준초과 +14.92%p 중앙 +1.75 절삭 +4.19 CI+8.84 양수해 10/10 (평균기준 -0.17)
  [KOSDAQ] V PBR ≤0.5 + PER ≤10           250일 ·   591건 · 중앙기준초과 +22.68%p 중앙 +6.00 절삭 +10.97 CI+8.84 양수해 9/10 (평균기준 +3.29)
  [KOSDAQ] V PBR ≤0.8                     120일 · 5,842건 · 중앙기준초과 +11.24%p 중앙 +2.07 절삭 +3.26 CI+8.79 양수해 11/11 (평균기준 -0.01)
  [KOSDAQ] X 120일 -40%↓                   120일 · 4,913건 · 중앙기준초과 +20.18%p 중앙 +0.39 절삭 +1.39 CI+8.66 양수해 10/11 (평균기준 +7.56)
  [KOSDAQ] V PBR ≤0.8 + PER ≤15           120일 · 3,152건 · 중앙기준초과 +10.69%p 중앙 +3.20 절삭 +4.56 CI+8.52 양수해 11/11 (평균기준 -0.55)
  [KOSPI] VLS PBR≤0.8 + 고점-40 + 외인60     250일 · 1,083건 · 중앙기준초과 +15.44%p 중앙 +0.43 절삭 +2.98 CI+8.14 양수해 9/10 (평균기준 +1.59)
  [KOSDAQ] VL PBR≤0.8 + 거래량침체             120일 · 3,683건 · 중앙기준초과 +9.21%p 중앙 +1.96 절삭 +2.68 CI+7.80 양수해 11/11 (평균기준 -1.45)
  [KOSDAQ] F 부채 ≤100 + PBR ≤0.8           120일 · 3,667건 · 중앙기준초과 +9.72%p 중앙 +2.18 절삭 +3.09 CI+7.42 양수해 9/9 (평균기준 +0.39)
  [KOSDAQ] V PBR ≤0.5                     120일 · 2,008건 · 중앙기준초과 +11.77%p 중앙 +2.10 절삭 +3.81 CI+7.32 양수해 11/11 (평균기준 +0.49)
  [KOSDAQ] S 기관 60일 ≥1%                   120일 · 7,641건 · 중앙기준초과 +8.39%p 중앙 +0.03 절삭 +0.98 CI+7.18 양수해 11/11 (평균기준 -3.87)
  [KOSDAQ] V PBR ≤0.3                     250일 ·   240건 · 중앙기준초과 +26.40%p 중앙 +9.02 절삭 +13.19 CI+7.13 양수해 7/10 (평균기준 +6.22)
  [KOSDAQ] VL PBR≤0.8 + 1년 -30%↓          120일 · 2,554건 · 중앙기준초과 +12.36%p 중앙 +1.15 절삭 +1.96 CI+7.00 양수해 9/11 (평균기준 +0.51)
  [KOSDAQ] VL PBR≤0.8 + 고점 -40%↓          120일 · 2,796건 · 중앙기준초과 +12.43%p 중앙 +1.84 절삭 +2.51 CI+6.97 양수해 11/11 (평균기준 +0.64)
  [KOSPI] VL PBR≤0.8 + 고점 -40%↓          250일 · 1,657건 · 중앙기준초과 +14.62%p 중앙 +1.28 절삭 +3.77 CI+6.91 양수해 9/10 (평균기준 -0.09)
  [KOSPI] VLF PBR≤0.8 + 고점-40 + 부채≤100   250일 ·   726건 · 중앙기준초과 +12.67%p 중앙 +1.54 절삭 +2.87 CI+6.84 양수해 7/8 (평균기준 -1.50)
  [KOSDAQ] V PBR ≤0.3                     120일 ·   383건 · 중앙기준초과 +13.04%p 중앙 +3.32 절삭 +4.57 CI+6.83 양수해 8/11 (평균기준 +1.83)
  [KOSPI] VL PBR≤0.5 + 고점 -40%↓          250일 ·   972건 · 중앙기준초과 +21.21%p 중앙 +5.79 절삭 +9.01 CI+6.77 양수해 9/10 (평균기준 +5.30)
  [KOSPI] V PBR ≤0.5                     120일 · 3,819건 · 중앙기준초과 +9.38%p 중앙 +2.07 절삭 +3.39 CI+6.71 양수해 11/11 (평균기준 +1.27)
  [KOSPI] V PBR ≤0.8 + PER ≤15           120일 · 4,717건 · 중앙기준초과 +7.77%p 중앙 +1.73 절삭 +2.54 CI+6.51 양수해 11/11 (평균기준 +0.03)
  [KOSPI] V PBR ≤1.2                     120일 · 9,832건 · 중앙기준초과 +7.46%p 중앙 +0.31 절삭 +1.14 CI+6.50 양수해 11/11 (평균기준 -0.08)
  [KOSPI] V PBR ≤0.5 + PER ≤10           120일 · 2,277건 · 중앙기준초과 +9.08%p 중앙 +3.02 절삭 +3.94 CI+6.33 양수해 11/11 (평균기준 +0.83)
  [KOSPI] V PBR ≤0.8                     120일 · 7,158건 · 중앙기준초과 +7.41%p 중앙 +1.22 절삭 +1.86 CI+6.27 양수해 11/11 (평균기준 -0.23)
  [KOSPI] V PBR ≤0.3                     120일 · 1,125건 · 중앙기준초과 +11.07%p 중앙 +3.71 절삭 +5.08 CI+6.07 양수해 9/11 (평균기준 +1.50)
  [KOSDAQ] V PBR ≤0.5 + PER ≤10           120일 ·   948건 · 중앙기준초과 +11.77%p 중앙 +3.08 절삭 +4.33 CI+5.73 양수해 10/11 (평균기준 +0.90)
  [KOSPI] VL PBR≤0.8 + 거래량침체             120일 · 3,656건 · 중앙기준초과 +6.28%p 중앙 +0.33 절삭 +1.18 CI+5.69 양수해 11/11 (평균기준 -0.37)
  [KOSPI] M 시총 ≥1조                       120일 · 4,000건 · 중앙기준초과 +7.25%p 중앙 +1.68 절삭 +1.81 CI+5.64 양수해 11/11 (평균기준 +0.06)
  [KOSPI] L 1년수익 -50%↓                   250일 · 1,116건 · 중앙기준초과 +19.18%p 중앙 +1.53 절삭 +4.34 CI+5.59 양수해 8/10 (평균기준 +2.81)
  [KOSPI] X 250일 -50%↓                   250일 · 1,116건 · 중앙기준초과 +19.18%p 중앙 +1.53 절삭 +4.34 CI+5.59 양수해 8/10 (평균기준 +2.81)
  [KOSPI] S 기관 60일 ≥1%                   120일 · 7,074건 · 중앙기준초과 +5.93%p 중앙 +0.01 절삭 +0.25 CI+5.43 양수해 11/11 (평균기준 -1.41)
  [KOSPI] L 20일선위 비율 ≥70%                120일 ·   396건 · 중앙기준초과 +10.43%p 중앙 +0.23 절삭 +2.42 CI+5.10 양수해 9/11 (평균기준 +2.04)
  [KOSDAQ] VLS PBR≤0.8 + 고점-40 + 외인60     120일 · 1,911건 · 중앙기준초과 +9.06%p 중앙 +1.21 절삭 +1.83 CI+5.05 양수해 11/11 (평균기준 -2.70)
  [KOSPI] F 부채 ≤100 + PBR ≤0.8           120일 · 3,086건 · 중앙기준초과 +6.51%p 중앙 +1.11 절삭 +1.32 CI+4.57 양수해 9/9 (평균기준 -0.68)
  [KOSPI] VL PBR≤0.8 + 1년 -30%↓          120일 · 2,471건 · 중앙기준초과 +8.05%p 중앙 +1.03 절삭 +1.30 CI+4.56 양수해 9/11 (평균기준 -1.14)
  [KOSPI] VLS PBR≤0.8 + 고점-40 + 외인60     120일 · 1,504건 · 중앙기준초과 +9.49%p 중앙 +1.40 절삭 +2.43 CI+4.32 양수해 9/11 (평균기준 +0.83)
  [KOSDAQ] VL PBR≤0.5 + 고점 -40%↓          120일 · 1,011건 · 중앙기준초과 +12.71%p 중앙 +0.87 절삭 +2.89 CI+4.31 양수해 10/11 (평균기준 -0.00)
  [KOSDAQ] VLF PBR≤0.8 + 고점-40 + 부채≤100   120일 · 1,820건 · 중앙기준초과 +10.43%p 중앙 +2.37 절삭 +3.06 CI+3.85 양수해 8/9 (평균기준 +0.38)
  [KOSPI] VL PBR≤0.5 + 고점 -40%↓          120일 · 1,330건 · 중앙기준초과 +11.04%p 중앙 +1.72 절삭 +3.49 CI+3.51 양수해 10/11 (평균기준 +0.41)
  [KOSPI] VL PBR≤0.8 + 고점 -40%↓          120일 · 2,400건 · 중앙기준초과 +8.02%p 중앙 +0.91 절삭 +1.63 CI+2.99 양수해 9/11 (평균기준 -1.21)
  [KOSPI] X 120일 -40%↓                   120일 · 2,079건 · 중앙기준초과 +9.34%p 중앙 +1.16 절삭 +1.56 CI+2.14 양수해 11/11 (평균기준 -0.86)
  [KOSPI] VLF PBR≤0.8 + 고점-40 + 부채≤100   120일 · 1,048건 · 중앙기준초과 +7.48%p 중앙 +1.10 절삭 +1.24 CI+0.18 양수해 8/9 (평균기준 -1.36)

시험 132개 기록 · 누적 13,530개 · 결과 data/long_scan.pkl
