11:18:02 시총 구멍 메우기: 2464건 (20180101~20221231) · 콜간격 1.6s · 예상 1.1시간
11:25:29 시총 구멍 메우기: 2464건 (20180101~20221231) · 콜간격 1.6s · 예상 1.1시간
11:27:09   50/2464 · 53,971행 갱신 · 2분 · 남은 81분
11:28:51   100/2464 · 108,066행 갱신 · 3분 · 남은 80분
11:30:31   150/2464 · 162,170행 갱신 · 5분 · 남은 78분
11:32:13   200/2464 · 216,250행 갱신 · 7분 · 남은 76분
11:33:54   250/2464 · 270,398행 갱신 · 8분 · 남은 75분
11:35:38   300/2464 · 324,728행 갱신 · 10분 · 남은 73분
11:37:19   350/2464 · 379,318행 갱신 · 12분 · 남은 71분
11:39:03   400/2464 · 434,034행 갱신 · 14분 · 남은 70분
11:40:47   450/2464 · 488,894행 갱신 · 15분 · 남은 68분
11:42:28   500/2464 · 544,355행 갱신 · 17분 · 남은 67분
11:44:09   550/2464 · 600,033행 갱신 · 19분 · 남은 65분
11:45:53   600/2464 · 655,798행 갱신 · 20분 · 남은 63분
11:47:34   650/2464 · 711,747행 갱신 · 22분 · 남은 62분
11:49:15   700/2464 · 767,741행 갱신 · 24분 · 남은 60분
11:50:56   750/2464 · 823,919행 갱신 · 25분 · 남은 58분
11:52:38   800/2464 · 880,359행 갱신 · 27분 · 남은 56분
11:54:22   850/2464 · 937,078행 갱신 · 29분 · 남은 55분
11:56:07   900/2464 · 994,019행 갱신 · 31분 · 남은 53분
11:57:50   950/2464 · 1,051,546행 갱신 · 32분 · 남은 52분
11:59:33   1000/2464 · 1,109,516행 갱신 · 34분 · 남은 50분
12:01:16   1050/2464 · 1,167,603행 갱신 · 36분 · 남은 48분
12:02:57   1100/2464 · 1,225,818행 갱신 · 37분 · 남은 46분
12:04:40   1150/2464 · 1,284,037행 갱신 · 39분 · 남은 45분
12:06:21   1200/2464 · 1,342,164행 갱신 · 41분 · 남은 43분
12:08:02   1250/2464 · 1,400,317행 갱신 · 43분 · 남은 41분
12:09:43   1300/2464 · 1,458,676행 갱신 · 44분 · 남은 40분
12:11:24   1350/2464 · 1,517,334행 갱신 · 46분 · 남은 38분
12:13:06   1400/2464 · 1,576,313행 갱신 · 48분 · 남은 36분
12:14:48   1450/2464 · 1,635,550행 갱신 · 49분 · 남은 34분
12:16:28   1500/2464 · 1,695,191행 갱신 · 51분 · 남은 33분
12:18:10   1550/2464 · 1,755,134행 갱신 · 53분 · 남은 31분
12:19:52   1600/2464 · 1,815,478행 갱신 · 54분 · 남은 29분
12:21:33   1650/2464 · 1,875,995행 갱신 · 56분 · 남은 28분
12:23:12   1700/2464 · 1,936,763행 갱신 · 58분 · 남은 26분
12:24:51   1750/2464 · 1,997,642행 갱신 · 59분 · 남은 24분
12:26:29   1800/2464 · 2,058,621행 갱신 · 61분 · 남은 23분
12:28:09   1850/2464 · 2,119,833행 갱신 · 63분 · 남은 21분
12:29:52   1900/2464 · 2,181,295행 갱신 · 64분 · 남은 19분
12:31:30   1950/2464 · 2,243,081행 갱신 · 66분 · 남은 17분
12:33:08   2000/2464 · 2,305,008행 갱신 · 68분 · 남은 16분
12:34:46   2050/2464 · 2,367,082행 갱신 · 69분 · 남은 14분
12:36:24   2100/2464 · 2,429,425행 갱신 · 71분 · 남은 12분
12:38:02   2150/2464 · 2,491,817행 갱신 · 73분 · 남은 11분
12:39:44   2200/2464 · 2,554,269행 갱신 · 74분 · 남은 9분
12:41:31   2250/2464 · 2,616,940행 갱신 · 76분 · 남은 7분
12:43:09   2300/2464 · 2,679,835행 갱신 · 78분 · 남은 6분
12:44:48   2350/2464 · 2,742,894행 갱신 · 79분 · 남은 4분
12:46:27   2400/2464 · 2,806,358행 갱신 · 81분 · 남은 2분
12:48:07   2450/2464 · 2,870,186행 갱신 · 83분 · 남은 0분
12:48:40 완료 KOSPI: 20180101~20221231 marcap 유효율 98%
12:48:49 완료 KOSDAQ: 20180101~20221231 marcap 유효율 97%
12:48:49 총 2,888,089행 갱신 · 83분
