                                         건수        n5 평균(초과)      n10 평균(초과)      n20 평균(초과)      n40 평균(초과)      n60 평균(초과)

========================================================================================================================
A) 지수 편입·제외
========================================================================================================================
  스냅샷 77일 · 지수 8개 · 코스닥대형(83,036), 코스피소형(38,833), 코스피200(15,425), 코스피중형(15,365), 코스닥150(11,548), 코스피100(7,700)

  [코스닥150] 편입 269건 · 제외 269건
  코스피 코스닥150 편입                      표본 부족 (16)
  코스피 코스닥150 제외                      표본 부족 (28)
  코스닥 코스닥150 편입                         266건    -1.5%( -1.4)   +0.4%( -1.2)   -3.5%( -2.7)   -3.5%( -2.8)   -0.9%( -2.5)
  코스닥 코스닥150 제외                         239건    +0.0%( +0.1)   +2.5%( +0.7)   -0.6%( -0.0)   -0.8%( +0.0)   +1.6%( -0.5)

  [코스닥대형] 편입 1,506건 · 제외 928건
  코스피 코스닥대형 편입                          183건    -0.6%( -1.2)   +0.8%( -1.9)   +2.1%( -3.0)   +3.5%( -3.0)   +2.6%( -3.0)
  코스피 코스닥대형 제외                       표본 부족 (25)
  코스닥 코스닥대형 편입                         1469건    -0.2%( -0.7)   +2.0%( -0.8)   +2.6%( -1.3)   +3.2%( -1.2)   +3.0%( -1.2)
  코스닥 코스닥대형 제외                          621건    +0.5%( +0.0)   +3.5%( +0.7)   +5.4%( +1.5)   +4.5%( +0.4)   +2.0%( -1.8)

  [코스피100] 편입 54건 · 제외 54건
  코스피 코스피100 편입                          54건    -0.4%( +0.6)   +0.7%( +0.2)   -0.2%( +0.1)   -1.2%( -0.1)   +1.0%( -0.4)
  코스피 코스피100 제외                          51건    +0.2%( +1.2)   +1.9%( +1.4)   +0.7%( +1.1)   +2.7%( +3.9)   +5.2%( +4.1)
  코스닥 코스피100 편입                      표본 부족 (1)
  코스닥 코스피100 제외                      표본 부족 (1)

  [코스피200] 편입 108건 · 제외 108건
  코스피 코스피200 편입                         107건    +1.1%( +1.3)   +2.5%( +1.0)   +1.0%( +0.1)   -0.4%( -1.5)   +2.8%( -0.5)
  코스피 코스피200 제외                         100건    +0.1%( +0.4)   +1.6%( +0.2)   +0.3%( -0.3)   -0.3%( -1.0)   +2.9%( -0.0)
  코스닥 코스피200 편입                      표본 부족 (2)
  코스닥 코스피200 제외                      표본 부족 (5)

  [코스피대형] 편입 114건 · 제외 114건
  코스피 코스피대형 편입                          114건    +0.4%( +0.5)   +2.8%( +0.6)   +4.6%( +0.3)  +10.1%( +5.9)  +10.1%( +6.6)
  코스피 코스피대형 제외                          107건    -0.3%( -0.1)   +2.5%( +0.4)   +5.0%( +0.8)   +1.6%( -2.5)   -0.6%( -3.9)
  코스닥 코스피대형 편입                       표본 부족 (11)
  코스닥 코스피대형 제외                       표본 부족 (6)

  [코스피소형] 편입 322건 · 제외 240건
  코스피 코스피소형 편입                          321건    +0.8%( +0.4)   +3.8%( +1.1)   +5.2%( +0.1)   +4.8%( -0.9)   +4.5%( -0.4)
  코스피 코스피소형 제외                          187건    +0.3%( -0.1)   +3.5%( +0.6)   +5.5%( +0.4)   +5.8%( +0.2)   +4.2%( -1.3)
  코스닥 코스피소형 편입                       표본 부족 (14)
  코스닥 코스피소형 제외                       표본 부족 (7)

  [코스피중형] 편입 366건 · 제외 367건
  코스피 코스피중형 편입                          362건    +0.2%( -0.2)   +3.4%( +0.7)   +5.3%( +0.3)   +4.4%( -0.8)   +3.5%( -1.3)
  코스피 코스피중형 제외                          354건    +0.9%( +0.6)   +3.9%( +1.2)   +6.1%( +1.1)   +7.1%( +1.8)   +6.5%( +1.6)
  코스닥 코스피중형 편입                       표본 부족 (13)
  코스닥 코스피중형 제외                       표본 부족 (21)

========================================================================================================================
B) 공매도 잔고 비율 (bal_rto) — 20일 변화 5분위
========================================================================================================================

  [코스피] 자료 있는 종목-일 1,453,270 (잔고비율 중앙 0.16%)
  Q1 잔고변화 -7.39~-0.06%p              293179건    -0.5%( +0.2)   -0.4%( +0.0)   -0.1%( -0.2)   +0.8%( -0.2)   +1.7%( -0.0)
  Q2 잔고변화 -0.06~+0.00%p              711632건    -0.6%( +0.1)   -0.3%( +0.2)   +0.1%( +0.2)   +0.8%( +0.0)   +1.6%( -0.1)
  Q3 잔고변화 +0.01~+0.05%p              159242건    -0.6%( +0.1)   -0.4%( +0.0)   -0.1%( -0.1)   +0.7%( -0.3)   +1.2%( -0.7)
  Q4 잔고변화 +0.05~+9.66%p              289217건    -0.8%( +0.1)   -0.8%( -0.1)   -0.7%( -0.4)   -0.7%( -1.1)   -0.4%( -1.3)
  Q5 잔고변화 +nan~+nan%p                표본 부족 (0)

  [코스닥] 자료 있는 종목-일 2,273,737 (잔고비율 중앙 0.10%)
  Q1 잔고변화 -10.35~-0.04%p             456599건    -0.3%( +0.3)   -0.0%( +0.1)   +0.8%( +0.1)   +2.8%( +0.5)   +4.2%( +0.7)
  Q2 잔고변화 -0.04~+0.00%p             1248357건    -0.7%( +0.0)   -0.5%( -0.0)   -0.1%( -0.1)   +0.6%( -0.4)   +1.3%( -0.5)
  Q3 잔고변화 +0.01~+0.04%p              115430건    -0.7%( -0.0)   -0.7%( -0.3)   -0.2%( -0.4)   +0.9%( -0.8)   +1.8%( -1.0)
  Q4 잔고변화 +0.04~+7.11%p              453351건    -0.8%( -0.0)   -0.4%( +0.0)   -0.1%( -0.3)   +0.4%( -1.2)   +1.3%( -1.5)
  Q5 잔고변화 +nan~+nan%p                표본 부족 (0)

========================================================================================================================
C) 자기주식 보유 비율 (treasury/issued)
========================================================================================================================
  종목 2,196 · 연도 2018~2026 · 자사주비율 중앙 2.02%
Traceback (most recent call last):
  File "G:\vscode\kospi-volume\new_feat.py", line 90, in <module>
    n0 = len(K); K2 = K.merge(SH.rename(columns={"year":"_y"}), on=["ticker","_y"], how="left"); assert len(K2)==n0
                      ~~~~~~~^^^^^^^^^^^^^^^^^^^^^^^^^^^^^^^^^^^^^^^^^^^^^^^^^^^^^^^^^^^^^^^^^^
  File "C:\Users\bamhobak\AppData\Local\Python\pythoncore-3.14-64\Lib\site-packages\pandas\core\frame.py", line 10859, in merge
    return merge(
        self,
    ...<11 lines>...
        validate=validate,
    )
  File "C:\Users\bamhobak\AppData\Local\Python\pythoncore-3.14-64\Lib\site-packages\pandas\core\reshape\merge.py", line 170, in merge
    op = _MergeOperation(
        left_df,
    ...<10 lines>...
        validate=validate,
    )
  File "C:\Users\bamhobak\AppData\Local\Python\pythoncore-3.14-64\Lib\site-packages\pandas\core\reshape\merge.py", line 807, in __init__
    self._maybe_coerce_merge_keys()
    ~~~~~~~~~~~~~~~~~~~~~~~~~~~~~^^
  File "C:\Users\bamhobak\AppData\Local\Python\pythoncore-3.14-64\Lib\site-packages\pandas\core\reshape\merge.py", line 1509, in _maybe_coerce_merge_keys
    raise ValueError(msg)
ValueError: You are trying to merge on object and int64 columns for key '_y'. If you wish to proceed you should use pd.concat
