[08-31 19:27:04] 야간 러너 시작 — 한도 리셋 대기
[08-31 19:27:05] 아직 한도 초과(020) · 30분 대기
[08-31 23:35:18] 야간 러너 v2 시작 — 한도 리셋 대기
[08-31 23:35:19] 아직 한도 초과(020) · 30분 대기
[09-01 00:05:19] 한도 사용 가능 — 수집 시작
[09-01 00:05:19] === collect_ksic.py 시작 ===
[09-01 00:13:04] collect_ksic.py 종료 코드 0 (465s)
진행 2,600/3,146 · 375초 경과
진행 2,800/3,146 · 405초 경과
진행 3,000/3,146 · 437초 경과
저장: ksic.csv — 3,146종목 중 KSIC 확보 3,146
  코스피 폐지 77종목 중 KSIC 58개 (75%)
  코스닥 폐지 493종목 중 KSIC 493개 (100%)
[09-01 00:13:04] === collect_delisted_disc.py 시작 ===
[09-01 00:15:50] collect_delisted_disc.py 종료 코드 0 (166s)
진행 350/551 · 공시 27,644건 (121s)
진행 400/551 · 공시 30,816건 (136s)
진행 450/551 · 공시 32,487건 (146s)
진행 500/551 · 공시 34,090건 (155s)
진행 550/551 · 공시 35,587건 (164s)
완료: 공시 35,832건 추가 · 처리 551/551종목 (165s)
[09-01 00:15:50] 야간 러너 종료
