[조용한 신고가] 학습 28건 · 검증 32건 (40일 보유·손절 -15%)

① 검증구간 월별
  2023-12   8건  평균  +10.3%  최악   -5.5%  ++-++++-
  2024-01   3건  평균   +1.0%  최악  -15.3%  ++-
  2024-02   1건  평균  +13.0%  최악  +13.0%  +
  2024-03   2건  평균   -2.9%  최악   -4.0%  --
  2024-04   1건  평균  +13.4%  최악  +13.4%  +
  2024-05   1건  평균   -2.7%  최악   -2.7%  -
  2024-06   3건  평균   +4.4%  최악   -4.2%  +-+
  2024-08   2건  평균   +8.5%  최악   +3.1%  ++
  2024-09   4건  평균   -0.1%  최악  -10.9%  --++
  2024-10   2건  평균  +13.5%  최악   +8.2%  ++
  2024-11   3건  평균  -11.4%  최악  -15.3%  ---
  2025-01   1건  평균  +17.2%  최악  +17.2%  +
  2025-02   1건  평균  -15.3%  최악  -15.3%  -

② 꼬리 민감도 — 최악 N건을 빼면 (검증)
  전체        32건 평균 +4.01% · CI하한 -0.46 · 중앙 +4.03
  최악 1건 제외 31건 평균 +4.63% · CI하한 +0.04 · 중앙 +4.64
  최악 2건 제외 30건 평균 +5.30% · CI하한 +1.27 · 중앙 +5.29
  최악 3건 제외 29건 평균 +6.01% · CI하한 +2.04 · 중앙 +6.00
  최악 5건 제외 27건 평균 +7.43% · CI하한 +4.34 · 중앙 +7.44

③ 부트스트랩 분포 (검증)
  5% -0.5 · 25% +2.2 · 50% +4.0 · 75% +5.6 · 95% +7.6 · 음수 확률 7%

④ 표본·보유 바꿔 보기
  기준 2016~ 전체       60건 평균  +6.95% 중앙  +3.60 승률  65% CI하한  +2.92 음수확률   0%
  학습 2016~22        28건 평균 +10.31% 중앙  +5.74 승률  71% CI하한  +3.29 음수확률   1%
  검증 2023~26        32건 평균  +4.01% 중앙  +2.56 승률  59% CI하한  -0.46 음수확률   7%
  검증·60일 보유         30건 평균  +7.03% 중앙  +3.67 승률  63% CI하한  -1.00

⑤ 조건별 통과율 — 학습 대비 검증에서 무엇이 달라졌나 (전 종목-일 기준 %)
  조건                      학습      검증      변화
  고점 -10% 이내           17.6%   21.5%   +3.8p
  신용잔고비<120            66.7%   68.5%   +1.8p
  주간거래대금≤120           74.8%   75.1%   +0.3p
  외국인5일≥3              26.3%   29.6%   +3.3p
  외국인60일≥1             25.8%   28.4%   +2.6p
  변동성≤2                47.5%   51.3%   +3.8p
  업종20일≤0.5            39.3%   39.9%   +0.6p
  20일등락≤5              73.6%   76.1%   +2.4p
  거래대금≥200억             8.8%   10.8%   +2.0p
