===== 이음새 계수 =====
완료 · 성공 697 · 실패 0 · 저장 697종목 · 6.4분
  계수 분포: 중앙 0.848 · ≤0.25(5분할 이상) 95 · 0.25~0.8 227 · 0.8~1.25(거의 1) 58 · >1.25(병합) 317
===== 패널 재생성 (주가 보정 포함) =====

===== 보정 후 남은 점프 (진짜 사건만 남아야) =====
  코스피: 점프 1,354행 · 2018-01-02 3행 · 폐지그룹 43%
  코스닥: 점프 2,158행 · 2018-01-02 9행 · 폐지그룹 14%

===== 9규칙 21년 (보정 후) =====
  패널: panel_kp.pkl / panel_kq.pkl

     규칙                               2005~07                   2008~09                   2010~12                   2013~17                   2018~22                   2023~26
  ---------------------------------------------------------------------------------------------
  P1 외인 매집              30건   +4.09% 승 50%     27건   +4.04% 승 48%     25건   +3.31% 승 52%     45건   +6.74% 승 56%     78건  +12.12% 승 62%     82건  +19.05% 승 68%
  P2 조용한 신고가            13건   +1.53% 승 46%     13건   -3.53% 승 38%     18건   -4.47% 승 22%      7건   -3.98% 승 29%     28건  +10.22% 승 71%     32건   +3.98% 승 59%
  P3 업종붕괴 이탈             3건   +4.20% 승 67%    515건   +1.06% 승 48%     59건   +5.76% 승 69%      4건   +5.90% 승 75%    514건   +5.39% 승 61%    209건   +5.02% 승 57%
  P4 깊은 이격               7건   +7.65% 승 86%    475건   +2.07% 승 37%     60건   +4.25% 승 62%      4건   +5.33% 승 75%    512건   +4.85% 승 50%     81건   +6.61% 승 53%
  P5 폭락반등                             신호 없음     32건   -3.61% 승 31%      8건   +1.08% 승 50%     11건  +11.92% 승 73%    161건  +27.06% 승 93%     26건  +19.97% 승 77%
  P6 조정매집                2건  +14.23% 승100%      1건  +32.90% 승100%      2건   +6.84% 승100%     16건   -1.31% 승 50%     60건  +12.89% 승 70%     24건   +6.40% 승 83%
  D1 낙폭과대                             신호 없음      6건  +13.21% 승 50%      2건   +0.71% 승 50%      4건  +22.85% 승 75%    133건  +36.77% 승 97%     23건  +36.69% 승 96%
  D2 저PBR 낙폭                          신호 없음                   신호 없음      3건  +17.02% 승 33%      7건   +8.84% 승 57%     56건  +65.39% 승 93%     19건  +16.10% 승 74%
  A1 자사주 낙폭             46건   +1.77% 승 52%     72건   +5.38% 승 54%     42건   +3.86% 승 67%     42건   +5.12% 승 71%    155건  +11.11% 승 72%     30건   +6.29% 승 67%

  연도별 (건수 · 평균 · 승률)
  P1 외인 매집          2006:10건 -7.7%(30%) · 2007:20건 +10.0%(60%) · 2009:27건 +4.0%(48%) · 2010:13건 +9.2%(69%) · 2011:11건 -6.3%(27%) · 2012:1건 +32.0%(100%) · 2013:10건 -2.6%(40%) · 2014:10건 +5.8%(70%) · 2015:13건 +23.5%(77%) · 2016:7건 -2.8%(43%) · 2017:5건 -2.9%(20%) · 2018:7건 +1.0%(43%) · 2019:3건 +10.9%(33%) · 2020:28건 +18.7%(79%) · 2021:38건 +9.9%(55%) · 2022:2건 +2.1%(50%) · 2023:12건 +17.5%(58%) · 2024:11건 +15.8%(64%) · 2025:31건 +14.6%(71%) · 2026:28건 +25.9%(71%)
  P2 조용한 신고가        2006:8건 +2.9%(50%) · 2007:5건 -0.6%(40%) · 2008:2건 +0.2%(50%) · 2009:11건 -4.2%(36%) · 2010:7건 -4.9%(14%) · 2011:7건 -5.1%(14%) · 2012:4건 -2.7%(50%) · 2013:7건 -4.0%(29%) · 2020:11건 +18.3%(82%) · 2021:17건 +5.0%(65%) · 2023:8건 +10.3%(75%) · 2024:22건 +2.0%(55%) · 2025:2건 +0.9%(50%)
  P3 업종붕괴 이탈        2006:2건 +7.0%(100%) · 2007:1건 -1.4%(0%) · 2008:515건 +1.1%(48%) · 2010:4건 +9.1%(25%) · 2011:53건 +5.6%(72%) · 2012:2건 +2.5%(100%) · 2015:2건 +13.4%(100%) · 2016:2건 -1.6%(50%) · 2018:9건 +21.5%(100%) · 2020:469건 +5.0%(59%) · 2021:1건 +10.4%(100%) · 2022:35건 +6.1%(83%) · 2026:209건 +5.0%(57%)
  P4 깊은 이격          2006:6건 +10.8%(100%) · 2007:1건 -11.0%(0%) · 2008:475건 +2.1%(37%) · 2010:2건 -10.8%(0%) · 2011:58건 +4.8%(64%) · 2015:3건 +5.0%(67%) · 2016:1건 +6.2%(100%) · 2018:39건 +14.7%(77%) · 2019:6건 +4.0%(67%) · 2020:434건 +3.8%(45%) · 2021:6건 +6.6%(50%) · 2022:27건 +7.4%(93%) · 2026:81건 +6.6%(53%)
  P5 폭락반등           2008:32건 -3.6%(31%) · 2011:5건 -3.7%(20%) · 2012:3건 +9.0%(100%) · 2015:6건 +19.1%(83%) · 2016:4건 +4.2%(50%) · 2017:1건 +0.1%(100%) · 2018:36건 +15.3%(92%) · 2019:9건 +17.4%(100%) · 2020:107건 +33.7%(94%) · 2021:2건 +1.0%(50%) · 2022:7건 +7.0%(71%) · 2023:2건 +9.3%(50%) · 2024:4건 +8.7%(75%) · 2026:20건 +23.3%(80%)
  P6 조정매집           2006:2건 +14.2%(100%) · 2008:1건 +32.9%(100%) · 2010:1건 +1.3%(100%) · 2011:1건 +12.4%(100%) · 2013:2건 +3.0%(100%) · 2014:2건 -4.2%(0%) · 2015:2건 -1.5%(50%) · 2016:9건 -1.0%(56%) · 2017:1건 -6.7%(0%) · 2018:8건 +7.6%(75%) · 2019:9건 +14.0%(89%) · 2020:15건 +29.2%(87%) · 2021:8건 +4.8%(62%) · 2022:20건 +5.5%(50%) · 2023:2건 +6.7%(100%) · 2024:20건 +7.2%(85%) · 2025:1건 +6.3%(100%) · 2026:1건 -10.1%(0%)
  D1 낙폭과대           2008:6건 +13.2%(50%) · 2012:2건 +0.7%(50%) · 2015:2건 +41.9%(100%) · 2016:2건 +3.8%(50%) · 2018:29건 +24.0%(97%) · 2019:8건 +26.2%(88%) · 2020:92건 +42.8%(99%) · 2022:4건 +11.3%(75%) · 2024:7건 +8.0%(86%) · 2026:16건 +49.3%(100%)
  D2 저PBR 낙폭        2011:2건 +27.8%(50%) · 2012:1건 -4.6%(0%) · 2013:1건 +40.4%(100%) · 2014:1건 -14.7%(0%) · 2015:3건 +46.9%(100%) · 2016:1건 -97.5%(0%) · 2017:1건 -7.1%(0%) · 2018:7건 +17.7%(86%) · 2019:1건 -8.1%(0%) · 2020:43건 +82.0%(98%) · 2022:5건 +3.6%(80%) · 2023:2건 +9.6%(100%) · 2024:5건 +7.6%(60%) · 2026:12건 +20.7%(75%)
  A1 자사주 낙폭         2005:4건 -0.1%(50%) · 2006:30건 +0.2%(47%) · 2007:12건 +6.2%(67%) · 2008:69건 +5.4%(52%) · 2009:3건 +5.1%(100%) · 2010:4건 +0.5%(75%) · 2011:25건 +5.4%(68%) · 2012:13건 +1.9%(62%) · 2013:8건 +2.6%(75%) · 2014:7건 +7.3%(86%) · 2015:10건 +6.4%(80%) · 2016:15건 +5.3%(60%) · 2017:2건 +0.2%(50%) · 2018:23건 +2.5%(57%) · 2019:12건 -0.4%(50%) · 2020:77건 +20.8%(84%) · 2021:17건 +0.7%(53%) · 2022:26건 +2.2%(73%) · 2023:4건 +2.4%(50%) · 2024:19건 +7.0%(74%) · 2026:7건 +6.6%(57%)

===== 계좌 21년 (보정 후) =====
  규칙별 신호: 업종붕괴 이탈 4612 깊은 이격 3690 외인 매집 2839 조용한 신고가 554 폭락반등 497 자사주 낙폭 397 낙폭과대 314 조정매집 179 저PBR 낙폭 108

구간                 연수       자산      연복리      최대낙폭     거래  규칙별 기여(상위 3)
--------------------------------------------------------------------------------------------------------
2005~2007         3.0    1.32배     9.6%     -3.3%    424  외인 매집 +13 · 자사주 낙폭 +10 · 조정매집 +5
2008~2009 위기      2.0    1.12배     5.6%    -12.9%   4130  조정매집 +5 · 자사주 낙폭 +3 · 폭락반등 +2
2010~2012         3.0    1.07배     2.2%     -7.6%    587  자사주 낙폭 +4 · 외인 매집 +3 · 저PBR 낙폭 +3
2013~2017         5.0    1.30배     5.3%     -4.9%    616  외인 매집 +15 · 저PBR 낙폭 +9 · 자사주 낙폭 +7
2018~2022         5.0    3.08배    25.2%     -7.9%   5716  조정매집 +66 · 조용한 신고가 +39 · 외인 매집 +37
2023~2026         3.6    2.18배    23.9%     -4.2%   1717  외인 매집 +46 · 조용한 신고가 +30 · 낙폭과대 +15
전체 2005~         21.7   12.76배    12.4%    -11.0%  13190  외인 매집 +365 · 조용한 신고가 +230 · 조정매집 +161

연도별 계좌 수익률(중앙값)
  2005:-0.2% · 2006:+11.9% · 2007:+18.0% · 2008:+3.3% · 2009:+4.0% · 2010:-2.8% · 2011:+4.9% · 2012:+2.5% · 2013:-0.8% · 2014:+5.2% · 2015:+27.1% · 2016:-1.2% · 2017:-1.2% · 2018:+15.6% · 2019:+12.3% · 2020:+33.2% · 2021:+41.3% · 2022:+23.0% · 2023:+11.5% · 2024:+46.5% · 2025:+5.2% · 2026:+24.8%
