===== 패널 재생성 (거래세 0.15% 통일 · 슬리피지 원복) =====
01:51:37   ① 이음새 계수 적용: 654,363행 · 236종목
01:53:33   ② 주식수 기반 분할·무상증자 보정: 사건 259건 · 275,641행 조정
01:58:44   저장 panel_kp.pkl · 5,023,801행 83컬럼
02:02:46   ① 이음새 계수 적용: 930,392행 · 467종목
02:08:49   ② 주식수 기반 분할·무상증자 보정: 사건 475건 · 405,671행 조정
02:20:33   저장 panel_kq.pkl · 6,679,923행 83컬럼

===== 비용 확인 =====
  cost: 최소 0.35% · 중앙 1.15% · 최대 1.15%

===== 규칙 통계 (기준2016~ 만) =====
규칙            구간                건수      평균      중앙    승률     PF      최악    CI하한   월수
외인 매집         기준2016~          172 +14.44% +10.23%   63%   3.79  -36.8%  +10.0%   66
조용한 신고가       기준2016~           60  +6.95%  +3.60%   65%   3.48  -15.3%   +2.9%   23
조정매집          기준2016~           97  +9.74%  +7.30%   71%   5.12  -25.8%   +4.5%   37
폭락반등          기준2016~          203 +25.36% +20.10%   90%  25.73  -53.8%  +10.6%   21
업종붕괴 이탈       기준2016~          754  +5.58%  +6.35%   61%   2.15  -31.6%   +5.1%   10
깊은 이격         기준2016~          618  +5.45%  +1.62%   51%   2.06  -26.8%   +4.3%   19
자사주 낙폭        기준2016~          202  +9.95%  +5.09%   71%   6.99  -29.3%   +2.2%   47
낙폭과대          기준2016~          158 +36.44% +31.86%   96%  83.31  -23.5%  +20.8%    9
저PBR 낙폭       기준2016~           77 +49.49% +32.92%   84%  21.55  -97.4%   +7.1%   17

===== 사이트 문구 갱신 =====
stats 블록 9개 · desc 머리말 0개 갱신
    ✅ 휴장일 목록에 앞으로의 날짜 8건 — 매도일 추정에 쓴다

============================================================
✅ 전체 통과

===== 계좌 =====
검증 2023~2026      3.6    2.17배    23.7%     -4.2%   1716  외인 매집 +46 · 조용한 신고가 +29 · 낙폭과대 +15
기준 2016~         10.6    6.58배    19.4%     -7.7%   7923  외인 매집 +167 · 조용한 신고가 +128 · 조정매집 +76
전체 2005~         21.7   14.03배    12.9%    -10.8%  13423  외인 매집 +403 · 조용한 신고가 +257 · 조정매집 +185

연도별 계좌 수익률(중앙값)
  2005:-0.1% · 2006:+12.2% · 2007:+18.3% · 2008:+4.6% · 2009:+4.2% · 2010:-2.5% · 2011:+5.4% · 2012:+2.8% · 2013:-0.5% · 2014:+5.4% · 2015:+27.3% · 2016:-0.9% · 2017:-1.1% · 2018:+19.2% · 2019:+12.4% · 2020:+34.0% · 2021:+44.9% · 2022:+26.3% · 2023:+11.5% · 2024:+44.9% · 2025:+4.3% · 2026:+23.7%
