========================================================================================================
[전구간 2005~26] 시드 24개 · 이 시스템을 들고 살면 실제로 겪는 것
========================================================================================================

① 최악의 낙폭  중앙 -14.9% · 최악 시드 -17.4%
   가장 나빴던 경우: 20080729 고점 → 20081027 바닥 (61거래일 하락) · 회복까지 28거래일(약 0.1년)
   낙폭 -10% 이상을 겪은 시드 24/24 · -15% 이상 11/24 · -20% 이상 0/24

② 제자리 구간  새 고점을 못 넘고 지나간 최장: 중앙 668거래일(약 2.7년) · 최악 1012거래일(4.0년)
   가장 길었던 경우: 20090928 ~ 20131022

③ 연속 손실  최장 3개월 연속(최악 4개월) · 지는 달 비율 26% · 최악의 달 -13.0%

④ 한 종목 최악  건별 최악 -63.6% · 하위 1% -29.6% · 지는 거래 비율 45%
   계좌에 미친 타격(비중 반영) 최악 -3.44% · -2% 이상 때린 거래 8건/시드
   최악 사례: 202003 폭락반등 -64% · 202003 폭락반등 -64% · 202003 폭락반등 -64% · 202003 폭락반등 -64%

⑤ 연도별 (시드 중앙값, %)
   2005:-0  2006:+13  2007:+10  2008:+14  2009:+5  2010:+4  2011:-3  2012:+4  2013:+5  2014:+12  2015:+33  2016:+2  2017:+6  2018:+28  2019:+32  2020:+43  2021:+55  2022:+23  2023:+7  2024:+79  2025:+19  2026:+27
   지는 해 2/22개 · 최악 -3% (2011) · 중앙 +13%

⑥ 빈 계좌  아무것도 안 들고 있던 최장 178거래일(최악 178일, 20060207 무렵) · 빈 날 비율 11% · 평균 보유 5.7종목

⑦ 운의 폭  같은 규칙인데 시드에 따라 31.26배 ~ 41.01배 (중앙 35.75배) · 최고/최저 1.3배 차이

[전구간 2005~26 · 일어날 수 있었던 경로] 월 블록 재추출 5,000경로 · 블록 평균 3개월 · 22년치
                          중앙     하위25%     하위10%      하위5%      하위1%
  최대 낙폭               -14.3%    -17.1%    -20.4%    -23.1%    -27.9%
  언더워터(개월)              21개월      28개월      37개월      43개월      61개월
  연속손실(개월)               4개월       4개월       5개월       5개월       6개월
  최종 배수               36.01배    22.89배    15.54배    12.33배     7.98배
  최악의 달은 -12.6% — 표본에 있는 값이 상한이다. 부트스트랩은 겪은 것만
  재조합하므로 제도 변경·거래정지처럼 **겪어보지 않은 위기**는 이 표에 없다.
  실제 겪은 최대 낙폭 -15.8% → 이보다 나쁜 경로가 36%
  실제 겪은 언더워터 48.1개월 → 이보다 나쁜 경로가 3%

========================================================================================================
[2016~26] 시드 24개 · 이 시스템을 들고 살면 실제로 겪는 것
========================================================================================================

① 최악의 낙폭  중앙 -14.2% · 최악 시드 -15.9%
   가장 나빴던 경우: 20191217 고점 → 20200331 바닥 (70거래일 하락) · 회복까지 27거래일(약 0.1년)
   낙폭 -10% 이상을 겪은 시드 24/24 · -15% 이상 6/24 · -20% 이상 0/24

② 제자리 구간  새 고점을 못 넘고 지나간 최장: 중앙 274거래일(약 1.1년) · 최악 274거래일(1.1년)
   가장 길었던 경우: 20220926 ~ 20231103

③ 연속 손실  최장 3개월 연속(최악 3개월) · 지는 달 비율 24% · 최악의 달 -13.2%

④ 한 종목 최악  건별 최악 -63.6% · 하위 1% -32.0% · 지는 거래 비율 39%
   계좌에 미친 타격(비중 반영) 최악 -3.44% · -2% 이상 때린 거래 6건/시드
   최악 사례: 202003 폭락반등 -64% · 202003 폭락반등 -64% · 202003 폭락반등 -64% · 202003 폭락반등 -64%

⑤ 연도별 (시드 중앙값, %)
   2016:-1  2017:+7  2018:+27  2019:+32  2020:+42  2021:+55  2022:+23  2023:+7  2024:+79  2025:+19  2026:+28
   지는 해 1/11개 · 최악 -1% (2016) · 중앙 +27%

⑥ 빈 계좌  아무것도 안 들고 있던 최장 60거래일(최악 60일, 20170913 무렵) · 빈 날 비율 6% · 평균 보유 6.2종목

⑦ 운의 폭  같은 규칙인데 시드에 따라 12.29배 ~ 15.93배 (중앙 13.95배) · 최고/최저 1.3배 차이

[2016~26 · 일어날 수 있었던 경로] 월 블록 재추출 5,000경로 · 블록 평균 3개월 · 11년치
                          중앙     하위25%     하위10%      하위5%      하위1%
  최대 낙폭               -13.2%    -14.2%    -16.0%    -17.4%    -24.7%
  언더워터(개월)              10개월      13개월      17개월      20개월      28개월
  연속손실(개월)               3개월       3개월       4개월       4개월       5개월
  최종 배수               14.14배    10.02배     7.35배     6.19배     4.62배
  최악의 달은 -13.2% — 표본에 있는 값이 상한이다. 부트스트랩은 겪은 것만
  재조합하므로 제도 변경·거래정지처럼 **겪어보지 않은 위기**는 이 표에 없다.
  실제 겪은 최대 낙폭 -15.0% → 이보다 나쁜 경로가 18%
  실제 겪은 언더워터 13.0개월 → 이보다 나쁜 경로가 21%

