자리 상한 합 34개 (규칙별: P1:7 P2:2 P3:3 P4:4 P5:3 P6:4 P7:5 D1:3 D2:3)

============================================================================================================
[전구간 2005~26] 종목당 균등 비중 — 300만원이 계좌의 몇 %인지로 자기 자리를 찾으면 된다
============================================================================================================
  비중      예시 계좌                자산     연복리     최대낙폭      제자리     최대보유     평균보유     못산 신호
   3%      10,000만원      9.41배   11.1%   -10.6%     1.2년       27      5.7        0%
   5%       6,000만원     36.31배   18.3%   -17.2%     1.2년       20      5.7       53%
   8%       3,750만원    116.93배   24.9%   -26.3%     1.3년       12      5.4       79%
  10%       3,000만원    247.05배   29.4%   -28.7%     1.4년       10      5.1       84%
  15%       2,000만원    727.80배   36.1%   -36.7%     1.3년        6      4.1       92%
  20%       1,500만원   2200.32배   43.3%   -48.8%     1.6년        5      3.7       94%

[전구간 2005~26 · 비중 5% · 일어날 수 있었던 경로] 월 블록 재추출 5,000경로 · 블록 평균 3개월 · 22년치
                          중앙     하위25%     하위10%      하위5%      하위1%
  최대 낙폭               -11.2%    -12.5%    -15.1%    -17.3%    -21.1%
  언더워터(개월)              15개월      20개월      26개월      30개월      41개월
  연속손실(개월)               3개월       4개월       4개월       5개월       6개월
  최종 배수               36.44배    25.13배    18.09배    15.05배     9.89배
  최악의 달은 -9.8% — 표본에 있는 값이 상한이다. 부트스트랩은 겪은 것만
  재조합하므로 제도 변경·거래정지처럼 **겪어보지 않은 위기**는 이 표에 없다.
  실제 겪은 최대 낙폭 -17.6% → 이보다 나쁜 경로가 5%
  실제 겪은 언더워터 14.8개월 → 이보다 나쁜 경로가 53%

[전구간 2005~26 · 비중 10% · 일어날 수 있었던 경로] 월 블록 재추출 5,000경로 · 블록 평균 3개월 · 22년치
                          중앙     하위25%     하위10%      하위5%      하위1%
  최대 낙폭               -21.7%    -24.7%    -28.4%    -31.8%    -38.7%
  언더워터(개월)              18개월      24개월      32개월      37개월      53개월
  연속손실(개월)               4개월       4개월       5개월       5개월       7개월
  최종 배수              248.19배   132.71배    76.16배    55.85배    29.07배
  최악의 달은 -21.3% — 표본에 있는 값이 상한이다. 부트스트랩은 겪은 것만
  재조합하므로 제도 변경·거래정지처럼 **겪어보지 않은 위기**는 이 표에 없다.
  실제 겪은 최대 낙폭 -29.4% → 이보다 나쁜 경로가 8%
  실제 겪은 언더워터 19.3개월 → 이보다 나쁜 경로가 43%

============================================================================================================
[2016~26] 종목당 균등 비중 — 300만원이 계좌의 몇 %인지로 자기 자리를 찾으면 된다
============================================================================================================
  비중      예시 계좌                자산     연복리     최대낙폭      제자리     최대보유     평균보유     못산 신호
   3%      10,000만원      4.27배   14.9%    -7.8%     0.7년       27      6.2        0%
   5%       6,000만원      9.92배   24.5%   -11.1%     0.7년       20      6.1       67%
   8%       3,750만원     19.71배   33.0%   -18.8%     0.9년       12      5.8       88%
  10%       3,000만원     26.45배   36.8%   -23.4%     0.9년       10      5.5       91%
  15%       2,000만원     51.40배   45.7%   -23.8%     1.0년        6      4.4       95%
  20%       1,500만원    104.23배   55.9%   -32.4%     1.0년        5      4.0       96%

[2016~26 · 비중 5% · 일어날 수 있었던 경로] 월 블록 재추출 5,000경로 · 블록 평균 3개월 · 11년치
                          중앙     하위25%     하위10%      하위5%      하위1%
  최대 낙폭                -8.6%     -9.3%    -10.8%    -12.4%    -16.5%
  언더워터(개월)               8개월      11개월      15개월      18개월      24개월
  연속손실(개월)               2개월       3개월       3개월       4개월       5개월
  최종 배수               10.11배     7.58배     5.93배     5.18배     4.09배
  최악의 달은 -8.6% — 표본에 있는 값이 상한이다. 부트스트랩은 겪은 것만
  재조합하므로 제도 변경·거래정지처럼 **겪어보지 않은 위기**는 이 표에 없다.
  실제 겪은 최대 낙폭 -10.5% → 이보다 나쁜 경로가 12%
  실제 겪은 언더워터 8.2개월 → 이보다 나쁜 경로가 50%

[2016~26 · 비중 10% · 일어날 수 있었던 경로] 월 블록 재추출 5,000경로 · 블록 평균 3개월 · 11년치
                          중앙     하위25%     하위10%      하위5%      하위1%
  최대 낙폭               -23.8%    -26.0%    -29.4%    -31.5%    -42.3%
  언더워터(개월)              13개월      17개월      24개월      28개월      40개월
  연속손실(개월)               3개월       4개월       4개월       5개월       6개월
  최종 배수               26.57배    16.28배    10.22배     8.12배     4.99배
  최악의 달은 -23.8% — 표본에 있는 값이 상한이다. 부트스트랩은 겪은 것만
  재조합하므로 제도 변경·거래정지처럼 **겪어보지 않은 위기**는 이 표에 없다.
  실제 겪은 최대 낙폭 -26.8% → 이보다 나쁜 경로가 20%
  실제 겪은 언더워터 10.9개월 → 이보다 나쁜 경로가 68%

