KRX 로그인 시도...
  로그인 ID: bamhobak
KRX 로그인 완료.
  로그인 시간: 2026-09-04 00:54:42
  만료 시간: 2026-09-04 01:54:42
2026-09-04 00:54:43,667 INFO 업종 스냅샷 43개 × 업종 43개 → 받을 것 1697건 · 예상 57분
2026-09-04 01:00:19,842 INFO   100/1697 · 누적 5,194행
2026-09-04 01:05:09,496 INFO   200/1697 · 누적 10,598행
2026-09-04 01:09:57,108 INFO   300/1697 · 누적 16,130행
2026-09-04 01:14:21,646 INFO   400/1697 · 누적 22,817행
2026-09-04 01:18:46,199 INFO   500/1697 · 누적 28,817행
2026-09-04 01:24:11,166 INFO   600/1697 · 누적 34,752행
2026-09-04 01:29:22,087 INFO   700/1697 · 누적 42,016행
2026-09-04 01:33:47,240 INFO   800/1697 · 누적 48,548행
2026-09-04 01:38:32,841 INFO   900/1697 · 누적 54,951행
2026-09-04 01:42:59,390 INFO   1000/1697 · 누적 62,713행
2026-09-04 01:47:24,158 INFO   1100/1697 · 누적 69,728행
KRX 세션 만료, 재로그인 시도...
KRX 세션 갱신 완료.
2026-09-04 01:52:10,621 INFO   1200/1697 · 누적 76,501행
2026-09-04 01:56:35,019 INFO   1300/1697 · 누적 84,736행
2026-09-04 02:01:00,070 INFO   1400/1697 · 누적 94,164행
2026-09-04 02:05:34,991 INFO   1500/1697 · 누적 102,521행
2026-09-04 02:10:12,085 INFO   1600/1697 · 누적 112,580행
2026-09-04 02:14:31,820 INFO 완료: 121,535행
2026-09-04 02:14:31,822 INFO   20160115: 업종 41개 · 종목 1454개
2026-09-04 02:14:31,823 INFO   20160415: 업종 41개 · 종목 1463개
2026-09-04 02:14:31,825 INFO   20160715: 업종 41개 · 종목 1473개
2026-09-04 02:14:31,826 INFO   20161014: 업종 41개 · 종목 1485개
2026-09-04 02:14:31,826 INFO   20170113: 업종 41개 · 종목 1503개
