======================================================================================================================
① 체결 밀림 — 밀린 신호 수익 vs 안 밀린 유니버스 (2단계의 상쇄 버그 수정)
======================================================================================================================
  후보                               건수      밀림0     0.3%     0.5%     1.0%   중앙(0.5%)   절삭(0.5%)
  코스피 갭-3 + 업종붕괴 + 이격           2,935   +1.85%   +1.55%   +1.34%   +0.83%     +1.18%     +0.62%
  코스피 갭-5 + 하락장                 4,077   +2.08%   +1.77%   +1.56%   +1.06%     +0.90%     +0.10%
  코스피 갭-3 + 신용 -15%↓            6,058   +1.44%   +1.14%   +0.93%   +0.43%     +0.49%     +0.03%
  코스닥 갭-5 + 하락장                 7,967   +2.98%   +2.67%   +2.47%   +1.95%     +1.00%     +0.21%
  코스닥 갭-5 + 기관20일 0%↑           7,366   +3.89%   +3.58%   +3.38%   +2.86%     +0.79%     +0.10%
  코스닥 갭-5 + 하락장 + 이격            3,953   +3.01%   +2.70%   +2.49%   +1.97%     +1.59%     +1.03%

======================================================================================================================
② 계좌 짝 비교 — 신규 초단기 규칙을 넣으면 (밀림 0.5% 반영 · 시드 12)
======================================================================================================================
  안                                        학습 2016~22           검증 2023~26             기준 2016~          전구간 2005~26
                                       자산   낙폭    시드승       자산   낙폭    시드승       자산   낙폭    시드승       자산   낙폭    시드승
  현행 9규칙                            4.84배 -15%     기준    2.96배  -5%     기준   14.26배 -15%     기준   34.21배 -15%     기준
  +코스피 갭-3 + 업종붕괴 + 이격  비중5·3자리    5.28배 -13%   10/12    2.81배  -8%    2/12   14.52배 -13%    7/12   41.92배 -18%   12/12
  +코스피 갭-3 + 업종붕괴 + 이격  비중10·3자리    5.81배 -13%   12/12    2.71배 -11%    1/12   15.53배 -13%   10/12   48.48배 -22%   12/12
  +코스피 갭-3 + 업종붕괴 + 이격  비중5·5자리    5.73배 -11%   12/12    2.84배 -10%    2/12   16.10배 -11%   12/12   47.16배 -20%   12/12
  +코스피 갭-5 + 하락장        비중5·3자리    3.27배 -15%    0/12    5.38배  -9%   12/12   18.71배 -15%   12/12   48.79배 -19%   12/12
  +코스피 갭-5 + 하락장        비중10·3자리    2.10배 -26%    0/12    8.56배 -15%   12/12   20.55배 -30%   12/12   52.73배 -32%   12/12
  +코스피 갭-5 + 하락장        비중5·5자리    3.26배 -15%    0/12    6.21배 -10%   12/12   19.03배 -18%   12/12   51.97배 -21%   12/12
  +코스피 갭-3 + 신용 -15%↓   비중5·3자리    2.64배 -20%    0/12    4.23배  -9%   12/12   10.58배 -20%    0/12   21.17배 -22%    0/12
  +코스피 갭-3 + 신용 -15%↓   비중10·3자리    1.44배 -40%    0/12    5.35배 -14%   12/12    7.36배 -40%    0/12   11.10배 -50%    0/12
  +코스피 갭-3 + 신용 -15%↓   비중5·5자리    2.72배 -20%    0/12    3.95배 -11%   12/12   10.37배 -20%    0/12   20.59배 -24%    0/12
  +코스닥 갭-5 + 하락장        비중5·3자리    2.28배 -22%    0/12    8.40배 -15%   12/12   16.87배 -31%   10/12   43.13배 -29%    8/12
  +코스닥 갭-5 + 하락장        비중10·3자리    1.00배 -48%    0/12   21.56배 -27%   12/12   15.61배 -61%    9/12   42.46배 -60%    7/12
  +코스닥 갭-5 + 하락장        비중5·5자리    2.09배 -27%    0/12   15.13배 -19%   12/12   34.23배 -39%   12/12   89.17배 -39%   12/12
  +코스닥 갭-5 + 기관20일 0%↑  비중5·3자리    1.50배 -31%    0/12   56.62배 -12%   12/12   52.77배 -31%   12/12  175.67배 -39%   12/12
  +코스닥 갭-5 + 기관20일 0%↑  비중10·3자리    0.46배 -58%    0/12  750.39배 -31%   12/12  135.40배 -68%   12/12  516.13배 -79%   12/12
  +코스닥 갭-5 + 기관20일 0%↑  비중5·5자리    1.35배 -34%    0/12  315.83배 -13%   12/12  427.07배 -34%   12/12 1018.44배 -43%   12/12
  +코스닥 갭-5 + 하락장 + 이격   비중5·3자리    5.59배 -13%   12/12    6.10배  -5%   12/12   33.95배 -13%   12/12  135.92배 -18%   12/12
  +코스닥 갭-5 + 하락장 + 이격   비중10·3자리    6.45배 -13%   12/12   12.38배  -5%   12/12   77.67배 -13%   12/12  484.48배 -23%   12/12
  +코스닥 갭-5 + 하락장 + 이격   비중5·5자리    6.10배 -11%   12/12    8.62배  -5%   12/12   48.99배 -11%   12/12  249.51배 -19%   12/12

======================================================================================================================
③ 기존 9규칙과 겹침 — 같은 (종목,날짜)를 이미 사고 있나
======================================================================================================================
  코스피 갭-3 + 업종붕괴 + 이격             2,935건 중 겹침   737건 (25.1%)
  코스피 갭-5 + 하락장                   4,077건 중 겹침   547건 (13.4%)
  코스피 갭-3 + 신용 -15%↓              6,058건 중 겹침   511건 ( 8.4%)
  코스닥 갭-5 + 하락장                   7,967건 중 겹침   159건 ( 2.0%)
  코스닥 갭-5 + 기관20일 0%↑             7,366건 중 겹침   113건 ( 1.5%)
  코스닥 갭-5 + 하락장 + 이격              3,953건 중 겹침   159건 ( 4.0%)

시험 42개 기록 · 누적 13,250개
