================================================================================================================
① 거래대금 하한 — 하루짜리 매매에 3억은 너무 낮다 (밀림 0.5%)
================================================================================================================
  하한               건수    연평균       초과       중앙       절삭    승률      월CI       학습       검증
     3억↑        3,953    359    +2.49    +1.59    +1.03   65%    +0.62    +1.60    +7.67
    20억↑        1,788    163    +3.07    +1.50    +0.94   62%    +0.59    +1.67    +9.38
    50억↑          949     86    +3.54    +1.17    +0.75   58%    -0.46    +1.46   +10.03
   100억↑          540     49    +4.37    +1.06    +0.53   55%    -0.64    +1.17   +12.37
   300억↑          167     15    +2.37    +1.06    +0.47   54%    +0.34    +1.50    +4.02

================================================================================================================
② 체결 밀림 — 갭하락 시가에 코스닥을 담으면 0.5% 로 안 끝난다 (거래대금 50억↑)
================================================================================================================
  밀림               초과       중앙       절삭    승률      월CI
  0%            +4.06    +1.68    +1.26   61%    +0.03
  0.5%          +3.54    +1.17    +0.75   58%    -0.46
  1%            +3.02    +0.65    +0.25   54%    -0.95
  2%            +2.01    -0.34    -0.74   47%    -1.92
  3%            +1.01    -1.31    -1.71   42%    -2.87

================================================================================================================
③ 연도별 — 한 해 몰림이 아닌가 (거래대금 50억↑ · 밀림 0.5%)
================================================================================================================
  2005:10건 -1.8%  2006:46건 +0.4%  2007:48건 +0.5%  2008:226건 +1.4%  2009:40건 +3.2%  2010:17건 +2.6%  2011:156건 +1.1%  2012:26건 +3.7%  2013:7건 +6.2%  2014:7건 -3.7%  2015:86건 +1.3%  2016:38건 +3.1%  2017:4건 -9.1%  2018:104건 +1.7%  2019:43건 +2.0%  2020:447건 +1.4%  2021:42건 +0.9%  2022:41건 +1.3%  2023:23건 +0.9%  2024:35건 +0.4%  2025:26건 -0.3%  2026:146건 +15.6%
  2016~ 수익 합 중 가장 큰 달 202607 가 66% · 상위 3개월 합 89% · 양수해 18/22

================================================================================================================
④ 하루에 몇 개나 나오나 — 몰려 나오면 다 못 산다 (거래대금 50억↑)
================================================================================================================
  신호 난 날 196일 · 하루 중앙 1개 · 평균 4.8개 · 최대 156개 · 5개 넘는 날 20일(10%)
  하루에 상위 N 개만 산다면 (이격이 큰 순서로 골라):
    상위 1      196건 초과  +1.62% 중앙  +1.02 절삭  -0.07 CI  -0.42
    상위 2      260건 초과  +3.81% 중앙  +1.17 절삭  +0.54 CI  -0.35
    상위 3      297건 초과  +6.57% 중앙  +1.45 절삭  +1.36 CI  -0.21
    상위 5      349건 초과  +6.69% 중앙  +1.58 절삭  +1.73 CI  -0.23
    상위 전부     949건 초과  +3.54% 중앙  +1.17 절삭  +0.75 CI  -0.46

================================================================================================================
⑤ 매도 시점 — 종가에 못 팔면? 다음날 시가 매도로 바꾸면 (거래대금 50억↑)
================================================================================================================
  당일 종가 매도    949건 초과 +3.54% 중앙 +1.17 절삭 +0.75
  다음날 시가 매도   949건 초과 +2.22% 중앙 +2.71 절삭 +1.24

시험 16개 기록 · 누적 13,266개
