
==========================================================================================================================
[KOSPI] 갭하락 조이기 — 보유 1일 · 유니버스 대비 초과(2016~) · 체결 밀림 없음
==========================================================================================================================
  조건                             건수   월      초과      중앙      절삭    승률      학습      검증     월CI     26년    양수해
  갭 -3%↓ (기준)                25,627 128   +0.94   +0.75   +0.14   52%   +0.83   +1.16   +0.36   +1.70  10/11
  갭 -5%↓ (기준)                 7,597 128   +1.52   +1.14   +0.21   56%   +1.21   +2.26   +0.35   +3.47   9/11
  갭-3 + 업종60일 -10%↓           6,106  73   +1.31   +1.15   +0.65   62%   +1.44   +0.82   +0.06   +0.65   9/11
  갭-3 + 25일선 -12%↓            5,203 120   +1.68   +1.50   +0.80   61%   +1.77   +1.39   +1.01   +1.25  11/11
  갭-3 + 공매도 감소               12,069 128   +0.79   +0.71   +0.16   52%   +0.81   +0.76   +0.21   +1.02  10/11
  갭-3 + 기관20일 0%↑            12,209 128   +1.06   +0.82   +0.18   52%   +0.83   +1.47   +0.27   +2.39  10/11
  갭-3 + 외국인5일 0%↑            11,879 128   +1.00   +0.86   +0.27   53%   +1.01   +0.96   +0.37   +1.25  10/11
  갭-3 + 신용 -15%↓              6,058 127   +1.44   +1.00   +0.53   56%   +1.18   +1.92   +0.32   +2.63  11/11
  갭-3 + 하락장(60일선아래)          13,505  85   +1.20   +0.96   +0.36   56%   +1.12   +1.50   +0.52   +3.99  11/11
  갭-3 + 거래대금 50억↑            13,335 128   +0.77   +0.76   +0.09   50%   +0.73   +0.84   +0.26   +1.04  10/11
  갭-3 + 거래량 2배↑               4,944 128   +0.16   -0.17   -0.87   43%   +0.06   +0.37   -0.45   +0.38   6/11
  갭-3 + 업종 + 이격               2,935  47   +1.85   +1.70   +1.13   69%   +1.98   +1.20   +0.19   +1.04  10/11
  갭-3 + 업종 + 기관               2,676  64   +1.37   +1.27   +0.77   63%   +1.59   +0.64   -0.55   +0.64   9/11
  갭-3 + 이격 + 기관               1,899 111   +1.81   +1.78   +0.93   62%   +1.84   +1.69   +1.17   +1.00   9/11
  갭-3 + 하락장 + 이격              4,127  70   +1.75   +1.64   +0.99   65%   +1.86   +0.97   +1.73   +0.68  11/11
  갭-3 + 업종+이격+기관              1,116  39   +2.05   +2.08   +1.38   69%   +2.26   +0.85   -1.06   +0.98   9/11
  갭-5 + 업종60일 -10%↓           2,369  59   +1.84   +1.69   +1.06   67%   +2.01   +0.76   -0.00   +0.81   8/11
  갭-5 + 25일선 -12%↓            2,509 114   +2.19   +1.79   +1.07   64%   +2.16   +2.30   +1.10   +1.92  10/11
  갭-5 + 공매도 감소                3,524 127   +1.07   +1.04   +0.27   55%   +1.11   +0.98   -0.24   +1.42   8/11
  갭-5 + 기관20일 0%↑             3,486 128   +1.97   +1.34   +0.31   56%   +1.28   +3.35   +0.20   +5.61   8/11
  갭-5 + 외국인5일 0%↑             3,510 127   +1.44   +1.26   +0.37   56%   +1.38   +1.57   +0.30   +2.11   9/11
  갭-5 + 신용 -15%↓              2,154 117   +2.50   +1.58   +1.03   61%   +1.72   +4.42   +0.54   +5.69   9/11
  갭-5 + 하락장(60일선아래)           4,077  82   +2.08   +1.40   +0.60   60%   +1.59   +4.60   +0.25  +13.50   9/11
  갭-5 + 거래대금 50억↑             3,933 128   +0.88   +0.99   -0.00   52%   +0.80   +0.99   -0.12   +1.22   8/11
  갭-5 + 거래량 2배↑               1,831 125   +0.24   -0.32   -1.17   44%   +0.15   +0.45   -0.79   +0.54   7/11
  갭-5 + 업종 + 이격               1,644  34   +2.21   +1.99   +1.42   70%   +2.30   +1.22   -1.88   +1.54   8/11
  갭-5 + 업종 + 기관                 992  49   +2.17   +2.17   +1.43   69%   +2.35   +1.26   -0.27   +1.64   9/11
  갭-5 + 이격 + 기관                 967  87   +2.52   +2.34   +1.48   65%   +2.49   +2.73   +2.12   +1.78   9/11
  갭-5 + 하락장 + 이격              2,052  59   +2.16   +1.95   +1.29   67%   +2.21   +1.70   +0.55   +1.65  10/11
  갭-5 + 업종+이격+기관                651  26   +2.64   +2.58   +1.93   70%   +2.84   +0.89   -1.41   +1.68   7/9

==========================================================================================================================
[KOSDAQ] 갭하락 조이기 — 보유 1일 · 유니버스 대비 초과(2016~) · 체결 밀림 없음
==========================================================================================================================
  조건                             건수   월      초과      중앙      절삭    승률      학습      검증     월CI     26년    양수해
  갭 -3%↓ (기준)                55,219 128   +1.47   +0.73   +0.24   51%   +0.76   +2.61   +0.56   +4.98  11/11
  갭 -5%↓ (기준)                15,558 128   +3.25   +1.23   +0.52   56%   +1.10   +6.99   +0.42  +11.90  10/11
  갭-3 + 업종60일 -10%↓          17,209 113   +2.97   +1.12   +0.71   55%   +1.07   +5.60   +0.47   +9.57  11/11
  갭-3 + 25일선 -12%↓           12,350 128   +1.87   +1.46   +0.91   59%   +1.54   +2.45   +1.19   +3.09  11/11
  갭-3 + 공매도 감소               19,872 128   +1.06   +0.75   +0.28   50%   +0.79   +1.48   +0.39   +2.08  11/11
  갭-3 + 기관20일 0%↑            26,188 128   +1.71   +0.80   +0.32   51%   +0.81   +3.06   +0.60   +5.79  11/11
  갭-3 + 외국인5일 0%↑            26,005 128   +1.79   +0.87   +0.43   53%   +0.97   +3.10   +0.65   +5.60  11/11
  갭-3 + 신용 -15%↓              7,264 128   +1.92   +1.06   +0.58   56%   +1.08   +3.72   +0.54   +5.75  10/11
  갭-3 + 하락장(60일선아래)          28,976  85   +1.40   +0.89   +0.36   54%   +0.95   +2.69   +0.57   +8.85  11/11
  갭-3 + 거래대금 50억↑            23,724 128   +1.25   +0.65   +0.09   48%   +0.62   +1.98   +0.55   +3.61  11/11
  갭-3 + 거래량 2배↑              10,047 128   +0.35   -0.10   -0.71   44%   +0.12   +0.70   -0.02   +1.34   7/11
  갭-3 + 업종 + 이격               7,455  82   +2.23   +1.64   +1.21   63%   +1.67   +3.21   +1.05   +3.95  11/11
  갭-3 + 업종 + 기관               7,978 102   +3.57   +1.26   +0.85   57%   +1.14   +6.96   +0.82  +11.67  11/11
  갭-3 + 이격 + 기관               5,073 120   +1.95   +1.64   +1.08   61%   +1.65   +2.55   +1.38   +2.92  11/11
  갭-3 + 하락장 + 이격              8,848  79   +1.96   +1.53   +0.99   64%   +1.60   +3.33   +1.27   +6.67  11/11
  갭-3 + 업종+이격+기관              3,145  67   +2.32   +1.82   +1.42   66%   +1.89   +3.20   +1.82   +3.72  11/11
  갭-5 + 업종60일 -10%↓           5,758  97   +6.89   +1.89   +1.63   62%   +1.56  +16.12   +0.57  +22.69   9/11
  갭-5 + 25일선 -12%↓            5,260 127   +2.83   +1.97   +1.37   62%   +2.10   +4.59   +1.57   +5.27  11/11
  갭-5 + 공매도 감소                6,023 128   +1.63   +1.18   +0.48   54%   +1.15   +2.46   -0.19   +3.46   9/11
  갭-5 + 기관20일 0%↑             7,366 128   +3.89   +1.29   +0.60   56%   +1.12   +8.40   +0.26  +13.83  10/11
  갭-5 + 외국인5일 0%↑             7,526 128   +4.03   +1.47   +0.89   58%   +1.43   +8.50   +0.62  +12.86  10/11
  갭-5 + 신용 -15%↓              2,639 118   +3.70   +1.68   +1.18   61%   +1.69   +9.07   +1.26  +12.75  10/11
  갭-5 + 하락장(60일선아래)           7,967  83   +2.98   +1.51   +0.72   59%   +1.40   +8.25   +0.24  +21.19   9/11
  갭-5 + 거래대금 50억↑             6,933 128   +2.45   +0.99   +0.23   52%   +0.75   +4.57   +0.34   +7.74   9/11
  갭-5 + 거래량 2배↑               3,374 128   +0.44   -0.07   -0.97   46%   +0.17   +0.94   -0.55   +2.69   6/11
  갭-5 + 업종 + 이격               3,485  68   +3.20   +2.13   +1.69   68%   +2.10   +6.58   +1.14   +7.40  10/11
  갭-5 + 업종 + 기관               2,679  83   +8.45   +2.00   +1.89   63%   +1.75  +19.52   +0.75  +27.02  10/11
  갭-5 + 이격 + 기관               2,238 102   +2.78   +2.12   +1.59   64%   +2.17   +4.47   +1.48   +4.65  10/11
  갭-5 + 하락장 + 이격              3,953  69   +3.01   +2.11   +1.54   68%   +2.12   +8.21   +1.12  +12.29  11/11
  갭-5 + 업종+이격+기관              1,503  46   +3.19   +2.25   +1.96   70%   +2.40   +5.86   +1.92   +6.28  11/11

==========================================================================================================================
1차 생존 — 중앙>0 · 절삭>0 · 학습·검증 둘 다>0 · 월CI>0 · 양수해 70%↑
==========================================================================================================================
  [KOSPI] 갭-5 + 이격 + 기관                 967건 초과+2.52 중앙+2.34 절삭+1.48 CI+2.12 양수해 9/11
  [KOSDAQ] 갭-5 + 업종+이격+기관              1,503건 초과+3.19 중앙+2.25 절삭+1.96 CI+1.92 양수해 11/11
  [KOSDAQ] 갭-3 + 업종+이격+기관              3,145건 초과+2.32 중앙+1.82 절삭+1.42 CI+1.82 양수해 11/11
  [KOSPI] 갭-3 + 하락장 + 이격              4,127건 초과+1.75 중앙+1.64 절삭+0.99 CI+1.73 양수해 11/11
  [KOSDAQ] 갭-5 + 25일선 -12%↓            5,260건 초과+2.83 중앙+1.97 절삭+1.37 CI+1.57 양수해 11/11
  [KOSDAQ] 갭-5 + 이격 + 기관               2,238건 초과+2.78 중앙+2.12 절삭+1.59 CI+1.48 양수해 10/11
  [KOSDAQ] 갭-3 + 이격 + 기관               5,073건 초과+1.95 중앙+1.64 절삭+1.08 CI+1.38 양수해 11/11
  [KOSDAQ] 갭-3 + 하락장 + 이격              8,848건 초과+1.96 중앙+1.53 절삭+0.99 CI+1.27 양수해 11/11
  [KOSDAQ] 갭-5 + 신용 -15%↓              2,639건 초과+3.70 중앙+1.68 절삭+1.18 CI+1.26 양수해 10/11
  [KOSDAQ] 갭-3 + 25일선 -12%↓           12,350건 초과+1.87 중앙+1.46 절삭+0.91 CI+1.19 양수해 11/11
  [KOSPI] 갭-3 + 이격 + 기관               1,899건 초과+1.81 중앙+1.78 절삭+0.93 CI+1.17 양수해 9/11
  [KOSDAQ] 갭-5 + 업종 + 이격               3,485건 초과+3.20 중앙+2.13 절삭+1.69 CI+1.14 양수해 10/11
  [KOSDAQ] 갭-5 + 하락장 + 이격              3,953건 초과+3.01 중앙+2.11 절삭+1.54 CI+1.12 양수해 11/11
  [KOSPI] 갭-5 + 25일선 -12%↓            2,509건 초과+2.19 중앙+1.79 절삭+1.07 CI+1.10 양수해 10/11
  [KOSDAQ] 갭-3 + 업종 + 이격               7,455건 초과+2.23 중앙+1.64 절삭+1.21 CI+1.05 양수해 11/11
  [KOSPI] 갭-3 + 25일선 -12%↓            5,203건 초과+1.68 중앙+1.50 절삭+0.80 CI+1.01 양수해 11/11
  [KOSDAQ] 갭-3 + 업종 + 기관               7,978건 초과+3.57 중앙+1.26 절삭+0.85 CI+0.82 양수해 11/11
  [KOSDAQ] 갭-5 + 업종 + 기관               2,679건 초과+8.45 중앙+2.00 절삭+1.89 CI+0.75 양수해 10/11
  [KOSDAQ] 갭-3 + 외국인5일 0%↑            26,005건 초과+1.79 중앙+0.87 절삭+0.43 CI+0.65 양수해 11/11
  [KOSDAQ] 갭-5 + 외국인5일 0%↑             7,526건 초과+4.03 중앙+1.47 절삭+0.89 CI+0.62 양수해 10/11
  [KOSDAQ] 갭-3 + 기관20일 0%↑            26,188건 초과+1.71 중앙+0.80 절삭+0.32 CI+0.60 양수해 11/11
  [KOSDAQ] 갭-3 + 하락장(60일선아래)          28,976건 초과+1.40 중앙+0.89 절삭+0.36 CI+0.57 양수해 11/11
  [KOSDAQ] 갭-5 + 업종60일 -10%↓           5,758건 초과+6.89 중앙+1.89 절삭+1.63 CI+0.57 양수해 9/11
  [KOSDAQ] 갭 -3%↓ (기준)                55,219건 초과+1.47 중앙+0.73 절삭+0.24 CI+0.56 양수해 11/11
  [KOSDAQ] 갭-3 + 거래대금 50억↑            23,724건 초과+1.25 중앙+0.65 절삭+0.09 CI+0.55 양수해 11/11
  [KOSPI] 갭-5 + 하락장 + 이격              2,052건 초과+2.16 중앙+1.95 절삭+1.29 CI+0.55 양수해 10/11
  [KOSPI] 갭-5 + 신용 -15%↓              2,154건 초과+2.50 중앙+1.58 절삭+1.03 CI+0.54 양수해 9/11
  [KOSDAQ] 갭-3 + 신용 -15%↓              7,264건 초과+1.92 중앙+1.06 절삭+0.58 CI+0.54 양수해 10/11
  [KOSPI] 갭-3 + 하락장(60일선아래)          13,505건 초과+1.20 중앙+0.96 절삭+0.36 CI+0.52 양수해 11/11
  [KOSDAQ] 갭-3 + 업종60일 -10%↓          17,209건 초과+2.97 중앙+1.12 절삭+0.71 CI+0.47 양수해 11/11
  [KOSDAQ] 갭 -5%↓ (기준)                15,558건 초과+3.25 중앙+1.23 절삭+0.52 CI+0.42 양수해 10/11
  [KOSDAQ] 갭-3 + 공매도 감소               19,872건 초과+1.06 중앙+0.75 절삭+0.28 CI+0.39 양수해 11/11
  [KOSPI] 갭-3 + 외국인5일 0%↑            11,879건 초과+1.00 중앙+0.86 절삭+0.27 CI+0.37 양수해 10/11
  [KOSPI] 갭 -3%↓ (기준)                25,627건 초과+0.94 중앙+0.75 절삭+0.14 CI+0.36 양수해 10/11
  [KOSPI] 갭 -5%↓ (기준)                 7,597건 초과+1.52 중앙+1.14 절삭+0.21 CI+0.35 양수해 9/11
  [KOSDAQ] 갭-5 + 거래대금 50억↑             6,933건 초과+2.45 중앙+0.99 절삭+0.23 CI+0.34 양수해 9/11
  [KOSPI] 갭-3 + 신용 -15%↓              6,058건 초과+1.44 중앙+1.00 절삭+0.53 CI+0.32 양수해 11/11
  [KOSPI] 갭-5 + 외국인5일 0%↑             3,510건 초과+1.44 중앙+1.26 절삭+0.37 CI+0.30 양수해 9/11
  [KOSPI] 갭-3 + 기관20일 0%↑            12,209건 초과+1.06 중앙+0.82 절삭+0.18 CI+0.27 양수해 10/11
  [KOSDAQ] 갭-5 + 기관20일 0%↑             7,366건 초과+3.89 중앙+1.29 절삭+0.60 CI+0.26 양수해 10/11
  [KOSPI] 갭-3 + 거래대금 50억↑            13,335건 초과+0.77 중앙+0.76 절삭+0.09 CI+0.26 양수해 10/11
  [KOSPI] 갭-5 + 하락장(60일선아래)           4,077건 초과+2.08 중앙+1.40 절삭+0.60 CI+0.25 양수해 9/11
  [KOSDAQ] 갭-5 + 하락장(60일선아래)           7,967건 초과+2.98 중앙+1.51 절삭+0.72 CI+0.24 양수해 9/11
  [KOSPI] 갭-3 + 공매도 감소               12,069건 초과+0.79 중앙+0.71 절삭+0.16 CI+0.21 양수해 10/11
  [KOSPI] 갭-5 + 기관20일 0%↑             3,486건 초과+1.97 중앙+1.34 절삭+0.31 CI+0.20 양수해 8/11
  [KOSPI] 갭-3 + 업종 + 이격               2,935건 초과+1.85 중앙+1.70 절삭+1.13 CI+0.19 양수해 10/11
  [KOSPI] 갭-3 + 업종60일 -10%↓           6,106건 초과+1.31 중앙+1.15 절삭+0.65 CI+0.06 양수해 9/11

==========================================================================================================================
체결 밀림 검사 — 시가를 보고 사면 그 가격에 못 산다. 0.3% / 0.5% 불리하게 밀어본다
==========================================================================================================================
  조건                                      밀림없음       +0.3%       +0.5%
  [KOS] 갭 -3%↓ (기준)                     +0.94%      +0.93%      +0.93%
  [KOS] 갭 -5%↓ (기준)                     +1.52%      +1.52%      +1.52%
  [KOS] 갭-3 + 업종60일 -10%↓               +1.31%      +1.30%      +1.30%
  [KOS] 갭-3 + 25일선 -12%↓                +1.68%      +1.68%      +1.68%
  [KOS] 갭-3 + 공매도 감소                    +0.79%      +0.79%      +0.79%
  [KOS] 갭-3 + 기관20일 0%↑                 +1.06%      +1.06%      +1.06%
  [KOS] 갭-3 + 외국인5일 0%↑                 +1.00%      +0.99%      +0.99%
  [KOS] 갭-3 + 신용 -15%↓                  +1.44%      +1.44%      +1.43%
  [KOS] 갭-3 + 하락장(60일선아래)               +1.20%      +1.19%      +1.19%
  [KOS] 갭-3 + 거래대금 50억↑                 +0.77%      +0.77%      +0.77%
  [KOS] 갭-3 + 업종 + 이격                   +1.85%      +1.85%      +1.85%
  [KOS] 갭-3 + 이격 + 기관                   +1.81%      +1.81%      +1.81%
  [KOS] 갭-3 + 하락장 + 이격                  +1.75%      +1.74%      +1.74%
  [KOS] 갭-5 + 25일선 -12%↓                +2.19%      +2.18%      +2.18%
  [KOS] 갭-5 + 기관20일 0%↑                 +1.97%      +1.96%      +1.96%
  [KOS] 갭-5 + 외국인5일 0%↑                 +1.44%      +1.43%      +1.43%
  [KOS] 갭-5 + 신용 -15%↓                  +2.50%      +2.49%      +2.48%
  [KOS] 갭-5 + 하락장(60일선아래)               +2.08%      +2.07%      +2.07%
  [KOS] 갭-5 + 이격 + 기관                   +2.52%      +2.51%      +2.51%
  [KOS] 갭-5 + 하락장 + 이격                  +2.16%      +2.16%      +2.15%
  [KOS] 갭 -3%↓ (기준)                     +1.47%      +1.47%      +1.46%
  [KOS] 갭 -5%↓ (기준)                     +3.25%      +3.25%      +3.24%
  [KOS] 갭-3 + 업종60일 -10%↓               +2.97%      +2.96%      +2.96%
  [KOS] 갭-3 + 25일선 -12%↓                +1.87%      +1.87%      +1.86%
  [KOS] 갭-3 + 공매도 감소                    +1.06%      +1.06%      +1.06%
  [KOS] 갭-3 + 기관20일 0%↑                 +1.71%      +1.70%      +1.70%
  [KOS] 갭-3 + 외국인5일 0%↑                 +1.79%      +1.79%      +1.79%
  [KOS] 갭-3 + 신용 -15%↓                  +1.92%      +1.91%      +1.91%
  [KOS] 갭-3 + 하락장(60일선아래)               +1.40%      +1.40%      +1.39%
  [KOS] 갭-3 + 거래대금 50억↑                 +1.25%      +1.25%      +1.25%
  [KOS] 갭-3 + 업종 + 이격                   +2.23%      +2.22%      +2.22%
  [KOS] 갭-3 + 업종 + 기관                   +3.57%      +3.56%      +3.56%
  [KOS] 갭-3 + 이격 + 기관                   +1.95%      +1.95%      +1.94%
  [KOS] 갭-3 + 하락장 + 이격                  +1.96%      +1.96%      +1.95%
  [KOS] 갭-3 + 업종+이격+기관                  +2.32%      +2.31%      +2.31%
  [KOS] 갭-5 + 업종60일 -10%↓               +6.89%      +6.87%      +6.86%
  [KOS] 갭-5 + 25일선 -12%↓                +2.83%      +2.82%      +2.82%
  [KOS] 갭-5 + 기관20일 0%↑                 +3.89%      +3.88%      +3.87%
  [KOS] 갭-5 + 외국인5일 0%↑                 +4.03%      +4.02%      +4.01%
  [KOS] 갭-5 + 신용 -15%↓                  +3.70%      +3.69%      +3.68%
  [KOS] 갭-5 + 하락장(60일선아래)               +2.98%      +2.97%      +2.97%
  [KOS] 갭-5 + 거래대금 50억↑                 +2.45%      +2.45%      +2.44%
  [KOS] 갭-5 + 업종 + 이격                   +3.20%      +3.20%      +3.19%
  [KOS] 갭-5 + 업종 + 기관                   +8.45%      +8.42%      +8.41%
  [KOS] 갭-5 + 이격 + 기관                   +2.78%      +2.77%      +2.77%
  [KOS] 갭-5 + 하락장 + 이격                  +3.01%      +3.00%      +2.99%
  [KOS] 갭-5 + 업종+이격+기관                  +3.19%      +3.18%      +3.18%

시험 201개 기록 · 누적 13,208개
