
======================================================================================================================
[코스피] 초단기 축 정찰 — 유니버스 대비 초과(2016~) · 중복신호 제거 · 상위5% 제거 평균 포함
======================================================================================================================
  축                      보유      건수      초과      중앙      절삭    승률      학습      검증     월CI     26년
  A 당일 -20%↓              1     827   +0.36   -0.06   -1.16   47%   +0.63   -0.41   -1.41   -2.83
  A 당일 -20%↓              2     811   -1.71   -1.48   -3.74   40%   -1.26   -3.02   -3.80   -3.85
  A 당일 -20%↓              3     801   -1.70   -1.52   -4.29   43%   -0.69   -4.70   -4.50   -3.42
  A 당일 -20~-15%           1   1,273   +0.63   +0.04   -0.38   51%   +0.61   +0.66   -0.36   -0.56
  A 당일 -20~-15%           2   1,265   +0.55   -0.02   -0.98   47%   +0.38   +0.94   -1.00   +0.34
  A 당일 -20~-15%           3   1,254   +0.64   -0.33   -1.28   47%   +0.77   +0.37   -1.41   +0.14
  A 당일 -15~-10%           1   5,032   +0.29   +0.03   -0.53   48%   +0.26   +0.33   -0.10   -0.10
  A 당일 -15~-10%           2   4,918   +0.28   -0.30   -0.95   46%   +0.34   +0.19   -0.34   -0.29
  A 당일 -15~-10%           3   4,848   +0.22   -0.50   -1.28   46%   +0.31   +0.09   -0.52   -0.03
  A 당일 -10~-7%            1  13,358   +0.25   +0.09   -0.38   45%   +0.29   +0.18   +0.11   +0.22
  A 당일 -10~-7%            2  12,950   +0.22   -0.18   -0.70   44%   +0.17   +0.31   -0.12   +0.46
  A 당일 -10~-7%            3  12,548   +0.11   -0.37   -1.04   45%   +0.05   +0.22   -0.24   +0.21
  A 당일 -7~-4%             1  60,101   +0.27   +0.11   -0.23   41%   +0.24   +0.32   +0.25   +0.31
  A 당일 -7~-4%             2  55,890   +0.29   -0.04   -0.45   42%   +0.24   +0.39   +0.24   +0.55
  A 당일 -7~-4%             3  52,352   +0.16   -0.23   -0.76   43%   +0.12   +0.24   +0.13   +0.34
  A 당일 +4~7%              1  62,297   +0.08   -0.28   -0.47   34%   +0.07   +0.11   +0.06   -0.02
  A 당일 +4~7%              2  59,044   -0.00   -0.53   -0.83   38%   -0.00   -0.01   -0.10   +0.00
  A 당일 +4~7%              3  56,106   +0.02   -0.64   -1.00   40%   +0.04   -0.01   -0.10   -0.07
  A 당일 +7~15%             1  26,366   +0.05   -0.43   -0.74   37%   +0.09   -0.03   -0.01   -0.14
  A 당일 +7~15%             2  25,167   +0.05   -0.79   -1.10   40%   +0.11   -0.04   -0.08   -0.21
  A 당일 +7~15%             3  24,122   +0.04   -0.99   -1.31   41%   +0.14   -0.11   -0.15   -0.27
  A 당일 +15%↑              1   7,022   -1.13   -1.37   -2.22   36%   -1.24   -0.93   -1.34   -1.17
  A 당일 +15%↑              2   6,760   -1.27   -2.22   -3.05   37%   -1.24   -1.33   -1.63   -2.04
  A 당일 +15%↑              3   6,557   -1.62   -3.05   -3.71   37%   -1.56   -1.73   -2.07   -2.22
  B 갭 -5%↓                1   7,391   +1.36   +1.13   +0.22   56%   +1.20   +1.73   +0.31   +2.58
  B 갭 -5%↓                2   6,841   +1.22   +1.04   -0.30   53%   +1.14   +1.39   -0.67   +2.71
  B 갭 -5%↓                3   6,655   +1.10   +0.96   -0.56   54%   +1.03   +1.24   -1.33   +3.21
  B 갭 -5~-3%              1  17,393   +0.66   +0.63   +0.12   50%   +0.64   +0.70   +0.29   +0.88
  B 갭 -5~-3%              2  16,868   +0.53   +0.40   -0.32   47%   +0.52   +0.57   -0.10   +0.84
  B 갭 -5~-3%              3  16,278   +0.44   +0.19   -0.64   47%   +0.37   +0.57   -0.28   +1.04
  B 갭 -3~-1%              1 135,067   +0.55   +0.46   +0.15   42%   +0.52   +0.60   +0.54   +0.60
  B 갭 -3~-1%              2 120,476   +0.48   +0.26   -0.13   42%   +0.44   +0.59   +0.46   +0.52
  B 갭 -3~-1%              3 109,265   +0.44   +0.16   -0.33   43%   +0.37   +0.58   +0.38   +0.60
  B 갭 +1~3%               1 158,186   -0.19   -0.61   -0.69   29%   -0.24   -0.10   -0.23   -0.12
  B 갭 +1~3%               2 139,367   -0.20   -0.71   -0.91   35%   -0.23   -0.13   -0.27   -0.02
  B 갭 +1~3%               3 125,617   -0.22   -0.82   -1.12   37%   -0.26   -0.14   -0.30   -0.06
  B 갭 +3~5%               1  20,382   -0.47   -1.24   -1.32   32%   -0.59   -0.28   -0.63   -0.23
  B 갭 +3~5%               2  19,547   -0.40   -1.34   -1.55   37%   -0.43   -0.35   -0.66   -0.28
  B 갭 +3~5%               3  18,891   -0.48   -1.60   -1.89   39%   -0.48   -0.46   -0.88   -0.37
  B 갭 +5%↑                1  12,248   -1.68   -2.69   -2.77   30%   -2.13   -1.05   -2.05   -0.60
  B 갭 +5%↑                2  11,640   -1.46   -3.00   -3.17   33%   -1.82   -0.95   -1.98   -0.38
  B 갭 +5%↑                3  11,142   -1.68   -3.56   -3.69   34%   -1.94   -1.31   -2.23   -0.66
  C 거래량 3~5배              1  29,573   -0.06   -0.35   -0.71   32%   -0.06   -0.08   -0.10   -0.28
  C 거래량 3~5배              2  28,237   -0.13   -0.60   -1.12   35%   -0.09   -0.22   -0.20   -0.43
  C 거래량 3~5배              3  27,329   -0.21   -0.80   -1.36   37%   -0.15   -0.34   -0.29   -0.60
  C 거래량 5~10배             1  16,369   -0.22   -0.51   -0.97   33%   -0.22   -0.21   -0.30   -0.82
  C 거래량 5~10배             2  15,747   -0.35   -0.90   -1.45   34%   -0.31   -0.41   -0.49   -1.26
  C 거래량 5~10배             3  15,328   -0.39   -1.03   -1.70   36%   -0.36   -0.44   -0.57   -1.32
  C 거래량 10배↑              1  12,838   -0.58   -0.83   -1.49   31%   -0.63   -0.49   -0.73   -1.30
  C 거래량 10배↑              2  12,317   -0.79   -1.37   -2.07   32%   -0.85   -0.67   -1.00   -1.87
  C 거래량 10배↑              3  12,005   -0.73   -1.48   -2.29   34%   -0.81   -0.59   -0.96   -1.61
  D 고점대비 -40%↓            1 150,486   +0.14   -0.08   -0.32   34%   +0.13   +0.16   +0.09   +0.18
  D 고점대비 -40%↓            2 102,918   +0.12   -0.21   -0.58   38%   +0.13   +0.10   +0.02   +0.15
  D 고점대비 -40%↓            3  78,974   +0.15   -0.30   -0.74   41%   +0.18   +0.07   +0.03   +0.08
  D 고점대비 -40~-25%         1 226,657   +0.08   -0.07   -0.26   30%   +0.06   +0.14   +0.07   +0.09
  D 고점대비 -40~-25%         2 157,486   +0.05   -0.19   -0.47   35%   +0.03   +0.08   +0.01   +0.07
  D 고점대비 -40~-25%         3 122,005   +0.00   -0.30   -0.66   37%   -0.01   +0.04   -0.06   +0.04
  D 고점 근처                 1  81,221   +0.22   +0.02   -0.32   33%   +0.16   +0.32   +0.19   +0.50
  D 고점 근처                 2  58,243   +0.19   -0.16   -0.65   36%   +0.11   +0.32   +0.09   +0.45
  D 고점 근처                 3  46,249   +0.20   -0.26   -0.83   38%   +0.12   +0.34   +0.09   +0.62
  D 25일선 -20%↓            1  10,395   +0.47   +0.22   -0.31   48%   +0.50   +0.40   +0.20   +0.40
  D 25일선 -20%↓            2   7,813   +0.55   +0.37   -0.54   50%   +0.63   +0.35   -0.31   +1.10
  D 25일선 -20%↓            3   6,506   +0.65   +0.29   -0.76   51%   +0.86   +0.13   -0.57   +0.67
  D 25일선 -20~-12%         1  34,604   +0.35   +0.22   -0.12   44%   +0.35   +0.34   +0.33   +0.18
  D 25일선 -20~-12%         2  26,776   +0.46   +0.23   -0.24   47%   +0.47   +0.44   +0.36   +0.35
  D 25일선 -20~-12%         3  22,716   +0.47   +0.22   -0.43   49%   +0.49   +0.43   +0.34   +0.20
  D 25일선 -12~-7%          1  86,032   +0.19   +0.07   -0.17   37%   +0.16   +0.24   +0.20   +0.10
  D 25일선 -12~-7%          2  66,992   +0.23   -0.01   -0.38   41%   +0.23   +0.24   +0.22   +0.12
  D 25일선 -12~-7%          3  56,542   +0.13   -0.10   -0.57   43%   +0.09   +0.20   +0.17   -0.05
  E 3일 -20%↓              1   3,029   +0.37   +0.00   -0.72   48%   +0.47   +0.15   -0.15   -0.21
  E 3일 -20%↓              2   2,511   +0.10   +0.06   -1.37   46%   +0.12   +0.07   -0.98   +0.28
  E 3일 -20%↓              3   2,431   +0.10   -0.44   -1.93   45%   +0.54   -0.89   -1.57   -0.09
  E 3일 -20~-12%           1  13,856   +0.52   +0.30   -0.13   48%   +0.54   +0.46   +0.39   +0.33
  E 3일 -20~-12%           2  12,230   +0.51   +0.17   -0.45   48%   +0.59   +0.35   +0.15   +0.14
  E 3일 -20~-12%           3  11,822   +0.47   +0.07   -0.70   49%   +0.54   +0.35   +0.01   +0.17
  E 3일 -12~-7%            1  50,618   +0.33   +0.19   -0.13   43%   +0.31   +0.37   +0.31   +0.25
  E 3일 -12~-7%            2  43,918   +0.34   +0.09   -0.36   44%   +0.31   +0.40   +0.29   +0.29
  E 3일 -12~-7%            3  41,863   +0.30   -0.01   -0.59   46%   +0.31   +0.29   +0.23   +0.24
  E 5일 -25%↓              1   2,919   +0.49   +0.04   -0.69   47%   +0.52   +0.40   -0.11   +0.38
  E 5일 -25%↓              2   2,409   +0.37   -0.14   -1.19   43%   +0.39   +0.34   -0.79   +2.21
  E 5일 -25%↓              3   2,163   +0.51   -0.37   -1.57   46%   +0.73   -0.07   -1.15   +2.04
  E 5일 -25~-15%           1  13,409   +0.60   +0.35   -0.03   49%   +0.59   +0.61   +0.36   +0.50
  E 5일 -25~-15%           2  11,546   +0.96   +0.44   -0.15   50%   +1.03   +0.82   +0.44   +0.83
  E 5일 -25~-15%           3  10,345   +1.01   +0.23   -0.38   49%   +1.17   +0.68   +0.37   +0.73
  F 외국인 5일 3%↑            1 285,155   +0.16   +0.01   -0.18   32%   +0.15   +0.18   +0.15   +0.22
  F 외국인 5일 3%↑            2 207,812   +0.29   -0.11   -0.38   36%   +0.14   +0.57   +0.15   +0.25
  F 외국인 5일 3%↑            3 168,460   +0.14   -0.22   -0.53   38%   +0.13   +0.16   +0.09   +0.24
  F 기관 20일 0%↑            1 375,594   +0.12   -0.05   -0.28   31%   +0.09   +0.19   +0.11   +0.26
  F 기관 20일 0%↑            2 258,331   +0.21   -0.19   -0.52   36%   +0.07   +0.51   +0.11   +0.30
  F 기관 20일 0%↑            3 198,838   +0.04   -0.31   -0.72   38%   -0.01   +0.15   +0.00   +0.36
  G 공매도 비중 감소             1 414,050   +0.14   -0.04   -0.24   31%   +0.12   +0.16   +0.12   +0.13
  G 공매도 비중 감소             2 291,048   +0.12   -0.15   -0.46   35%   +0.10   +0.16   +0.09   +0.17
  G 공매도 비중 감소             3 229,676   +0.14   -0.25   -0.61   38%   +0.13   +0.15   +0.09   +0.16
  G 공매도 비중 0.5%↓          1 301,849   +0.05   -0.16   -0.37   30%   +0.02   +0.10   -0.08   -0.28
  G 공매도 비중 0.5%↓          2 203,473   +0.03   -0.32   -0.61   35%   +0.02   +0.03   -0.13   -0.53
  G 공매도 비중 0.5%↓          3 154,079   +0.01   -0.45   -0.79   37%   +0.02   -0.01   -0.18   -0.46
  H 신용 20일 -15%↓          1 158,191   +0.16   +0.01   -0.22   33%   +0.13   +0.20   +0.14   +0.25
  H 신용 20일 -15%↓          2 114,306   +0.17   -0.10   -0.43   37%   +0.16   +0.20   +0.12   +0.31
  H 신용 20일 -15%↓          3  91,030   +0.18   -0.19   -0.58   39%   +0.16   +0.24   +0.11   +0.41
  H 신용 20일 +15%↑          1 178,432   +0.16   -0.02   -0.28   33%   +0.13   +0.23   +0.15   +0.18
  H 신용 20일 +15%↑          2 127,589   +0.11   -0.19   -0.55   36%   +0.11   +0.12   +0.08   +0.06
  H 신용 20일 +15%↑          3 101,038   +0.09   -0.31   -0.75   38%   +0.07   +0.12   +0.04   +0.17

======================================================================================================================
[코스닥] 초단기 축 정찰 — 유니버스 대비 초과(2016~) · 중복신호 제거 · 상위5% 제거 평균 포함
======================================================================================================================
  축                      보유      건수      초과      중앙      절삭    승률      학습      검증     월CI     26년
  A 당일 -20%↓              1   1,777   +0.50   -0.07   -0.78   49%   +0.60   +0.28   -0.27   -0.36
  A 당일 -20%↓              2   1,752   -0.44   -0.87   -2.28   44%   -0.63   -0.01   -1.66   -0.19
  A 당일 -20%↓              3   1,739   -0.66   -1.56   -2.98   46%   -0.53   -0.95   -2.67   -0.63
  A 당일 -20~-15%           1   3,095   +0.69   +0.30   -0.33   55%   +0.28   +1.19   -0.20   +1.12
  A 당일 -20~-15%           2   3,074   +0.65   +0.19   -0.79   53%   +0.19   +1.21   -0.51   +1.53
  A 당일 -20~-15%           3   3,055   +0.72   -0.19   -1.05   54%   +0.72   +0.72   -0.49   +0.63
  A 당일 -15~-10%           1  12,345   +0.35   -0.04   -0.53   49%   +0.16   +0.58   -0.04   +1.05
  A 당일 -15~-10%           2  12,080   +0.38   -0.33   -0.87   47%   +0.17   +0.64   -0.29   +1.18
  A 당일 -15~-10%           3  11,813   +3.55   -0.61   -1.26   47%   +6.10   +0.45   -0.36   +0.89
  A 당일 -10~-7%            1  34,253   +0.38   +0.04   -0.34   45%   +0.26   +0.54   +0.21   +0.96
  A 당일 -10~-7%            2  32,991   +0.39   -0.16   -0.63   45%   +0.22   +0.63   +0.08   +1.25
  A 당일 -10~-7%            3  31,783   +0.33   -0.44   -1.01   45%   +0.25   +0.44   +0.03   +0.75
  A 당일 -7~-4%             1 136,381   +0.31   +0.02   -0.27   40%   +0.18   +0.52   +0.27   +0.86
  A 당일 -7~-4%             2 125,659   +0.34   -0.16   -0.52   41%   +0.20   +0.56   +0.25   +1.02
  A 당일 -7~-4%             3 116,716   +0.29   -0.37   -0.82   42%   +0.18   +0.47   +0.19   +0.89
  A 당일 +4~7%              1 126,652   +0.07   -0.39   -0.56   34%   +0.07   +0.07   +0.04   +0.19
  A 당일 +4~7%              2 119,358   -0.04   -0.69   -0.97   38%   -0.08   +0.02   -0.14   +0.25
  A 당일 +4~7%              3 112,870   -0.06   -0.89   -1.21   40%   -0.11   +0.03   -0.21   +0.21
  A 당일 +7~15%             1  62,546   +0.15   -0.45   -0.68   37%   +0.14   +0.15   +0.09   +0.28
  A 당일 +7~15%             2  59,464   +0.72   -0.82   -1.11   40%   +1.17   +0.11   +0.08   +0.14
  A 당일 +7~15%             3  56,745   +0.75   -1.05   -1.31   41%   +1.16   +0.20   +0.09   +0.36
  A 당일 +15%↑              1  18,528   -0.89   -1.28   -2.00   37%   -0.89   -0.88   -1.06   -0.56
  A 당일 +15%↑              2  17,843   -1.09   -2.06   -2.73   37%   -1.14   -1.03   -1.28   -0.89
  A 당일 +15%↑              3  17,321   -1.23   -2.82   -3.27   38%   -1.28   -1.17   -1.58   -0.43
  B 갭 -5%↓                1  14,942   +2.23   +1.16   +0.39   55%   +1.07   +4.32   +0.32   +7.32
  B 갭 -5%↓                2  13,986   +1.79   +0.89   -0.15   52%   +0.65   +3.75   -0.69   +6.77
  B 갭 -5%↓                3  13,594   +1.41   +0.67   -0.52   53%   +0.60   +2.84   -1.28   +5.53
  B 갭 -5~-3%              1  38,116   +0.77   +0.60   +0.18   49%   +0.61   +1.02   +0.53   +1.31
  B 갭 -5~-3%              2  36,835   +0.65   +0.36   -0.24   47%   +0.46   +0.95   +0.22   +1.36
  B 갭 -5~-3%              3  35,455   +0.56   +0.16   -0.56   47%   +0.34   +0.93   -0.04   +1.59
  B 갭 -3~-1%              1 245,038   +0.58   +0.38   +0.11   42%   +0.51   +0.69   +0.57   +0.91
  B 갭 -3~-1%              2 216,858   +0.52   +0.16   -0.22   42%   +0.44   +0.67   +0.49   +0.95
  B 갭 -3~-1%              3 195,981   +0.51   -0.01   -0.48   42%   +0.39   +0.70   +0.42   +1.13
  B 갭 +1~3%               1 288,680   -0.26   -0.82   -0.85   29%   -0.32   -0.15   -0.31   +0.16
  B 갭 +1~3%               2 252,259   -0.15   -0.96   -1.14   34%   -0.13   -0.20   -0.32   +0.10
  B 갭 +1~3%               3 225,512   -0.11   -1.15   -1.39   37%   -0.06   -0.19   -0.29   +0.11
  B 갭 +3~5%               1  45,958   -0.56   -1.49   -1.45   31%   -0.77   -0.29   -0.77   +0.08
  B 갭 +3~5%               2  43,963   -0.23   -1.65   -1.72   36%   -0.12   -0.37   -0.68   -0.13
  B 갭 +3~5%               3  42,321   -0.34   -1.97   -2.10   37%   -0.24   -0.48   -0.88   -0.36
  B 갭 +5%↑                1  27,921   -2.04   -3.15   -3.14   29%   -2.48   -1.55   -2.56   -0.68
  B 갭 +5%↑                2  26,601   -1.84   -3.54   -3.49   33%   -2.25   -1.36   -2.42   -0.74
  B 갭 +5%↑                3  25,373   -2.19   -4.20   -4.16   32%   -2.58   -1.73   -2.80   -1.28
  C 거래량 3~5배              1  54,511   -0.07   -0.49   -0.80   33%   -0.07   -0.07   -0.11   -0.13
  C 거래량 3~5배              2  51,967   -0.22   -0.85   -1.28   35%   -0.26   -0.14   -0.29   -0.15
  C 거래량 3~5배              3  50,118   +0.49   -1.08   -1.58   37%   +0.85   -0.22   -0.33   -0.21
  C 거래량 5~10배             1  34,816   -0.17   -0.56   -0.97   33%   -0.14   -0.23   -0.23   -0.67
  C 거래량 5~10배             2  33,537   -0.37   -1.02   -1.51   35%   -0.38   -0.33   -0.48   -0.71
  C 거래량 5~10배             3  32,613   -0.34   -1.29   -1.73   37%   -0.37   -0.28   -0.50   -0.44
  C 거래량 10배↑              1  31,688   -0.50   -0.82   -1.38   32%   -0.43   -0.60   -0.60   -1.37
  C 거래량 10배↑              2  30,277   -0.73   -1.35   -1.94   33%   -0.72   -0.74   -0.87   -1.77
  C 거래량 10배↑              3  29,408   -0.71   -1.52   -2.17   35%   -0.69   -0.75   -0.91   -1.52
  D 고점대비 -40%↓            1 354,096   +0.13   -0.16   -0.38   33%   +0.07   +0.22   +0.06   +0.68
  D 고점대비 -40%↓            2 242,209   +0.26   -0.34   -0.67   38%   +0.32   +0.18   +0.07   +0.57
  D 고점대비 -40%↓            3 185,470   +0.26   -0.50   -0.91   40%   +0.35   +0.12   +0.04   +0.36
  D 고점대비 -40~-25%         1 371,981   +0.04   -0.18   -0.39   31%   +0.01   +0.11   +0.03   +0.32
  D 고점대비 -40~-25%         2 260,337   -0.01   -0.35   -0.66   36%   -0.06   +0.07   -0.05   +0.27
  D 고점대비 -40~-25%         3 202,898   -0.08   -0.51   -0.92   37%   -0.12   +0.00   -0.14   +0.08
  D 고점 근처                 1  92,071   +0.24   -0.21   -0.54   34%   +0.13   +0.45   +0.18   +1.12
  D 고점 근처                 2  67,272   +0.17   -0.49   -0.94   37%   +0.00   +0.52   +0.04   +1.35
  D 고점 근처                 3  54,313   +0.17   -0.74   -1.26   38%   -0.02   +0.53   -0.04   +1.45
  D 25일선 -20%↓            1  27,530   +0.63   +0.32   -0.12   47%   +0.46   +0.88   +0.35   +1.25
  D 25일선 -20%↓            2  20,832   +0.79   +0.38   -0.30   51%   +0.57   +1.09   +0.18   +1.53
  D 25일선 -20%↓            3  17,323   +0.76   +0.24   -0.58   51%   +0.70   +0.86   -0.20   +1.23
  D 25일선 -20~-12%         1  84,337   +0.35   +0.14   -0.16   42%   +0.29   +0.44   +0.32   +0.64
  D 25일선 -20~-12%         2  65,367   +0.43   +0.11   -0.34   46%   +0.41   +0.44   +0.37   +0.55
  D 25일선 -20~-12%         3  55,243   +0.43   -0.00   -0.55   47%   +0.44   +0.40   +0.34   +0.50
  D 25일선 -12~-7%          1 169,700   +0.13   -0.05   -0.29   36%   +0.08   +0.23   +0.13   +0.42
  D 25일선 -12~-7%          2 132,750   +0.17   -0.19   -0.55   40%   +0.15   +0.20   +0.13   +0.34
  D 25일선 -12~-7%          3 112,504   +0.18   -0.31   -0.76   42%   +0.16   +0.21   +0.11   +0.30
  E 3일 -20%↓              1   7,529   +0.50   +0.10   -0.48   49%   +0.23   +0.95   -0.03   +1.27
  E 3일 -20%↓              2   6,305   +0.72   +0.21   -0.74   49%   +0.41   +1.19   -0.18   +1.85
  E 3일 -20%↓              3   6,126   +0.65   -0.42   -1.30   48%   +0.58   +0.77   -0.85   +1.65
  E 3일 -20~-12%           1  35,681   +0.60   +0.27   -0.10   48%   +0.49   +0.76   +0.46   +0.99
  E 3일 -20~-12%           2  31,573   +0.58   +0.07   -0.43   48%   +0.50   +0.70   +0.32   +0.95
  E 3일 -20~-12%           3  30,472   +0.65   +0.00   -0.63   49%   +0.59   +0.73   +0.29   +0.92
  E 3일 -12~-7%            1 117,910   +0.37   +0.12   -0.17   42%   +0.30   +0.47   +0.34   +0.75
  E 3일 -12~-7%            2 101,968   +0.41   +0.01   -0.42   43%   +0.38   +0.46   +0.34   +0.70
  E 3일 -12~-7%            3  96,305   +0.40   -0.15   -0.66   45%   +0.40   +0.39   +0.29   +0.58
  E 5일 -25%↓              1   7,155   +0.67   +0.07   -0.37   48%   +0.45   +1.10   +0.28   +1.76
  E 5일 -25%↓              2   5,901   +0.80   +0.01   -0.67   46%   +0.39   +1.53   +0.01   +2.59
  E 5일 -25%↓              3   5,335   +8.43   -0.26   -0.96   49%  +12.41   +1.55   +0.09   +2.75
  E 5일 -25~-15%           1  34,789   +0.70   +0.36   +0.01   49%   +0.55   +0.90   +0.48   +1.25
  E 5일 -25~-15%           2  30,104   +0.90   +0.39   -0.10   51%   +0.76   +1.10   +0.50   +1.71
  E 5일 -25~-15%           3  27,068   +1.03   +0.23   -0.39   52%   +1.05   +1.00   +0.41   +1.50
  F 외국인 5일 3%↑            1 405,841   +0.15   -0.12   -0.30   32%   +0.10   +0.23   +0.11   +0.77
  F 외국인 5일 3%↑            2 300,868   +0.24   -0.27   -0.55   37%   +0.08   +0.48   +0.12   +0.78
  F 외국인 5일 3%↑            3 246,763   +0.13   -0.40   -0.73   39%   +0.05   +0.26   +0.04   +0.79
  F 기관 20일 0%↑            1 605,884   +0.09   -0.19   -0.41   32%   +0.03   +0.20   +0.06   +0.62
  F 기관 20일 0%↑            2 417,939   +0.11   -0.38   -0.72   36%   -0.02   +0.35   +0.03   +0.55
  F 기관 20일 0%↑            3 322,322   -0.01   -0.55   -0.99   38%   -0.09   +0.14   -0.08   +0.61
  G 공매도 비중 감소             1 465,664   +0.11   -0.14   -0.35   32%   +0.07   +0.19   +0.10   +0.38
  G 공매도 비중 감소             2 326,875   +0.07   -0.29   -0.65   36%   +0.01   +0.18   +0.04   +0.34
  G 공매도 비중 감소             3 258,242   +0.05   -0.45   -0.91   38%   -0.02   +0.17   -0.01   +0.39
  G 공매도 비중 0.5%↓          1 690,191   +0.04   -0.24   -0.46   32%   +0.03   +0.08   +0.01   -0.03
  G 공매도 비중 0.5%↓          2 464,842   +0.15   -0.43   -0.76   36%   +0.12   +0.20   +0.01   -0.07
  G 공매도 비중 0.5%↓          3 351,756   +0.08   -0.60   -0.99   37%   +0.12   +0.01   -0.02   +0.10
  H 신용 20일 -15%↓          1 131,630   +0.13   -0.12   -0.37   34%   +0.07   +0.29   +0.05   +0.92
  H 신용 20일 -15%↓          2  95,195   +0.08   -0.26   -0.66   38%   -0.02   +0.30   -0.04   +1.04
  H 신용 20일 -15%↓          3  76,142   +0.06   -0.40   -0.89   40%   -0.02   +0.25   -0.13   +1.08
  H 신용 20일 +15%↑          1 164,637   +0.14   -0.18   -0.41   34%   +0.11   +0.22   +0.14   +0.39
  H 신용 20일 +15%↑          2 117,509   +0.06   -0.40   -0.77   36%   +0.02   +0.18   +0.04   +0.60
  H 신용 20일 +15%↑          3  92,861   -0.00   -0.62   -1.06   38%   -0.04   +0.13   -0.04   +0.53

======================================================================================================================
생존 후보 — 초과>0 · 중앙>0 · 절삭평균>0 · 학습검증 둘 다>0 · 월CI하한>0
======================================================================================================================
  [코스닥] B 갭 -3~-1%             1일 · 245,038건 · 초과 +0.58%p 중앙 +0.38 절삭 +0.11 · 학+0.51 검+0.69 CI+0.57
  [코스피] B 갭 -3~-1%             1일 · 135,067건 · 초과 +0.55%p 중앙 +0.46 절삭 +0.15 · 학+0.52 검+0.60 CI+0.54
  [코스닥] B 갭 -5~-3%             1일 · 38,116건 · 초과 +0.77%p 중앙 +0.60 절삭 +0.18 · 학+0.61 검+1.02 CI+0.53
  [코스닥] E 5일 -25~-15%          1일 · 34,789건 · 초과 +0.70%p 중앙 +0.36 절삭 +0.01 · 학+0.55 검+0.90 CI+0.48
  [코스닥] B 갭 -5%↓               1일 · 14,942건 · 초과 +2.23%p 중앙 +1.16 절삭 +0.39 · 학+1.07 검+4.32 CI+0.32
  [코스피] B 갭 -5%↓               1일 ·  7,391건 · 초과 +1.36%p 중앙 +1.13 절삭 +0.22 · 학+1.20 검+1.73 CI+0.31
  [코스피] B 갭 -5~-3%             1일 · 17,393건 · 초과 +0.66%p 중앙 +0.63 절삭 +0.12 · 학+0.64 검+0.70 CI+0.29

시험 204개 기록 · 누적 13,007개 · 결과 data/short_scan.pkl
