규칙 단독 · 원금 1억 · 최고 해 제외 누적 손익(만원)  [✕ = 그 규칙의 최고 해, 누적에서 뺌]
연도          외인 매집    조용한 신고가       조정매집       폭락반등    업종붕괴 이탈      깊은 이격     자사주 낙폭       낙폭과대    저PBR 낙폭
---------------------------------------------------------------------------------------------------------
2005            ·          ·          ·          ·          ·          ·       -110          ·          ·
2006         -808       +201     +1,423          ·       +354     +1,007     +3,513          ·          ·
2007       +5,807       +285          ·          ·          ·       +705     +6,763          ·          ·
2008       +1,507       +292     +3,302     +2,069     -2,323       +583     +6,340       +730          ·
2009       +3,143        -99          ·          ·       -781       +301     +7,179          ·          ·
2010       +4,795       -773     +3,389          ·       +362       -249     +7,271          ·          ·
2011       +3,891     -1,324     +4,217     +1,461     +2,098       +977    +10,176          ·     +1,787
2012       +4,772     -1,463          ·     +2,371     +2,250          ·    +11,211       +781     +1,608
2013       +3,769     -1,780     +4,644          ·          ·          ·    +12,388          ·     +3,173
2014       +6,431          ·     +4,031          ·          ·          ·    +16,560          ·          ·
2015      +15,310          ·     +3,782          ✕     +3,093     +1,410    +17,454     +3,790     +8,405
2016      +15,813          ·     +1,796     +3,270     +2,985     +1,593    +19,245     +4,141          ·
2017      +16,001          ·     +1,403     +3,273          ·          ·    +19,283          ·     +7,970
2018      +15,641          ·     +2,450     +2,913     +5,470          ✕    +20,542     +8,041    +13,026
2019      +18,960          ·     +3,942     +4,140          ·     +1,913    +18,111    +12,765    +12,404
2020      +26,857     -1,589     +4,245     +3,126          ✕     +4,056    +21,558    +18,877          ✕
2021      +51,932     +1,699     +6,459     +3,225     +5,951     +5,428    +22,393          ·          ·
2022      +52,435          ·    +15,243     +5,272     +4,884     +7,337    +27,485    +22,520    +14,289
2023      +77,881          ·    +16,956     +6,355          ·          ·    +28,726          ·    +16,308
2024      +94,631          ✕          ✕     +6,033          ·          ·          ✕    +26,755    +21,748
2025     +119,730     +1,334    +18,135     +8,476          ·          ·          ·          ·    +20,579
2026            ✕          ·    +16,187    +10,991     +4,939     +7,107    +39,333          ✕          ·
---------------------------------------------------------------------------------------------------------
누적       +119,730     +1,334    +16,187    +10,991     +4,939     +7,107    +39,333    +26,755    +20,579
뺀 해          2026       2024       2024       2015       2020       2018       2024       2026       2020
그해액       +67,862     +4,025     +8,852     +2,704     +3,360     +4,249    +14,696    +10,145     +5,699
포함시      +187,592     +5,359    +25,039    +13,695     +8,298    +11,356    +54,029    +36,900    +26,278

연도별 손익(만원, 누적 아님)
연도          외인 매집    조용한 신고가       조정매집       폭락반등    업종붕괴 이탈      깊은 이격     자사주 낙폭       낙폭과대    저PBR 낙폭
2005            ·          ·          ·          ·          ·          ·       -110          ·          ·
2006         -808       +201     +1,423          ·       +354     +1,007     +3,624          ·          ·
2007       +6,615        +85          ·          ·          ·       -303     +3,250          ·          ·
2008       -4,300         +6     +1,879     +2,069     -2,677       -122       -424       +730          ·
2009       +1,636       -391          ·          ·     +1,543       -281       +839          ·          ·
2010       +1,651       -674        +87          ·     +1,143       -550        +93          ·          ·
2011         -903       -551       +828       -608     +1,736     +1,226     +2,904          ·     +1,787
2012         +881       -139          ·       +910       +151          ·     +1,035        +51       -179
2013       -1,004       -318       +427          ·          ·          ·     +1,177          ·     +1,565
2014       +2,662          ·       -613          ·          ·          ·     +4,172          ·          ·
2015       +8,879          ·       -249     +2,704       +843       +433       +894     +3,010     +5,232
2016         +503          ·     -1,986       +899       -108       +184     +1,791       +351          ·
2017         +188          ·       -393         +3          ·          ·        +38          ·       -435
2018         -360          ·     +1,047       -360     +2,485     +4,249     +1,259     +3,900     +5,056
2019       +3,320          ·     +1,492     +1,227          ·       +319     -2,431     +4,724       -622
2020       +7,896       +192       +303     -1,014     +3,360     +2,143     +3,447     +6,112     +5,699
2021      +25,075     +3,287     +2,214        +99       +481     +1,373       +835          ·          ·
2022         +503          ·     +8,784     +2,047     -1,067     +1,909     +5,092     +3,642     +1,885
2023      +25,446          ·     +1,712     +1,084          ·          ·     +1,241          ·     +2,019
2024      +16,750     +4,025     +8,852       -322          ·          ·    +14,696     +4,235     +5,440
2025      +25,099       -365     +1,179     +2,443          ·          ·          ·          ·     -1,169
2026      +67,862          ·     -1,948     +2,515        +54       -230    +10,607    +10,145          ·
