========================================================================================================
폐지 종목이 패널에서 차지하는 비중
========================================================================================================
  코스피  전체 1,496종목 중 폐지 512종목 (34.2%) · 행 비중 15.7%
  코스닥  전체 2,381종목 중 폐지 512종목 (21.5%) · 행 비중 11.5%

========================================================================================================
① 규칙별 — 폐지 종목을 빼면 성적이 얼마나 좋아 보이나 (2016~, 건별 수익)
========================================================================================================
  규칙                  진짜 건수     진짜 평균     진짜 중앙     빼면 건수     빼면 평균     빼면 중앙      부풀림
  조용한 신고가               278    +7.02%    +4.28%       278    +7.02%    +4.28%   +0.00%p
  조정매집                  168   +11.81%    +7.39%       164   +11.99%    +7.39%   +0.18%p
  폭락반등                  438   +33.02%   +27.84%       414   +33.09%   +28.05%   +0.08%p
  업종붕괴 이탈             2,742   +10.68%    +9.28%     2,626   +10.57%    +9.17%   -0.11%p
  자사주 낙폭                205   +10.20%    +5.95%       199   +10.36%    +5.91%   +0.16%p
  깊은 이격               2,029   +10.76%    +9.46%     1,668   +10.98%   +10.39%   +0.22%p
  외인 매집               1,669   +15.36%   +11.11%     1,669   +15.36%   +11.11%   +0.00%p
  낙폭과대                  288   +42.54%   +36.60%       283   +42.55%   +36.35%   +0.01%p
  저PBR 낙폭               262   +40.87%   +32.52%       239   +40.98%   +32.08%   +0.11%p
  전체                  8,079   +14.88%   +11.28%     7,540   +15.02%   +11.48%   +0.14%p

========================================================================================================
③ 폐지 종목이 실제로 얼마나 나쁜가 — 우리 규칙에 걸린 폐지 종목의 성적
========================================================================================================
  폐지 종목 신호 539건 (6.7%) · 평균 +12.94% · 중앙 +7.53% · 승률 64% · 최악 -19.8%
  생존 종목 신호 7,540건 · 평균 +15.02% · 중앙 +11.48% · 승률 71% · 최악 -63.6%

========================================================================================================
② 계좌 — 폐지 종목이 없다고 치면 얼마나 좋아 보이나 (시드 12)
========================================================================================================
  구간                          진짜         폐지 빼면         부풀림           낙폭(진짜→빼면)
  학습 2016~22               4.87배         4.31배      -11.5%          -15% →  -15%
  검증 2023~26               2.85배         2.86배       +0.3%           -6% →   -6%
  기준 2016~                13.95배        12.73배       -8.7%          -15% →  -15%
  전구간 2005~26             36.77배        31.95배      -13.1%          -14% →  -16%
