================================================================================================================================================================
[코스피] 숫자 = 전체평균(초과)중앙 · 검증평균/CI하한
================================================================================================================================================================
                                        신호                          n3                          n5                         n10                         n20
  ── ① 지지선 바운스 (저점 +3% 이내에서 양봉) ──
  창 10일                             143176 -0.87%(+0.08)  -1.0 검 -0.7 -0.8  -0.82%(+0.09)  -1.1 검 -0.6 -0.9  -0.64%(+0.07)  -1.2 검 -0.4 -0.9  +0.24%(+0.60)  -1.6 검 +2.5 -0.5 
  창 20일                              98332 -0.92%(+0.09)  -1.0 검 -0.7 -0.9  -0.86%(+0.13)  -1.0 검 -0.5 -0.9  -0.67%(+0.09)  -1.1 검 -0.2 -0.8  +0.18%(+0.67)  -1.5 검 +2.3 -0.6 
  창 60일                              49026 -1.02%(+0.07)  -1.0 검 -0.7 -1.0  -1.07%(+0.01)  -1.0 검 -0.5 -0.9  -0.93%(-0.11)  -1.0 검 -0.2 -0.9  -0.82%(-0.32)  -1.2 검 +0.2 -1.0 
  ── ② 저항선 돌파 (고점 종가 돌파) ──
  창 10일                              96982 -0.91%(-0.14)  -1.3 검 -1.0 -1.2  -0.89%(-0.22)  -1.5 검 -0.8 -1.2  -0.73%(-0.32)  -1.7 검 -0.8 -1.4  -0.40%(-0.58)  -2.2 검 -0.5 -1.5 
  창 20일                              65437 -0.94%(-0.17)  -1.3 검 -1.0 -1.2  -0.91%(-0.25)  -1.6 검 -0.8 -1.1  -0.78%(-0.35)  -1.8 검 -0.6 -1.3  -0.61%(-0.66)  -2.5 검 -0.5 -1.6 
  창 60일                              34509 -0.99%(-0.21)  -1.3 검 -1.0 -1.3  -1.01%(-0.31)  -1.7 검 -0.7 -1.2  -0.99%(-0.47)  -2.0 검 -0.6 -1.4  -0.92%(-0.81)  -3.1 검 -0.5 -1.9 
  ── ③ 손절 효과 (창 20일 바운스에 적용) ──
  손절 없음                              98332 -0.92%(+0.09)  -1.0 검 -0.7 -0.9  -0.86%(+0.13)  -1.0 검 -0.5 -0.9  -0.67%(+0.09)  -1.1 검 -0.2 -0.8  +0.18%(+0.67)  -1.5 검 +2.3 -0.6 
  손절 -5%                             98332 -0.87%(+0.14)  -1.1 검 -0.7 -0.9  -0.77%(+0.21)  -1.3 검 -0.7 -0.9  -0.72%(+0.04)  -2.7 검 -0.5 -0.9  +0.14%(+0.62)  -5.3 검 +2.0 -0.7 
  손절 -8%                             98332 -0.90%(+0.11)  -1.0 검 -0.7 -0.9  -0.82%(+0.16)  -1.1 검 -0.6 -0.9  -0.79%(-0.03)  -1.6 검 -0.4 -0.9  -0.01%(+0.47)  -3.4 검 +2.0 -0.8 
  손절 -10%                            98332 -0.90%(+0.11)  -1.0 검 -0.7 -0.9  -0.82%(+0.16)  -1.1 검 -0.6 -0.9  -0.77%(-0.01)  -1.4 검 -0.4 -0.9  -0.06%(+0.42)  -2.5 검 +2.0 -0.9 
  손절 -15%                            98332 -0.91%(+0.10)  -1.0 검 -0.7 -0.9  -0.83%(+0.15)  -1.0 검 -0.5 -0.9  -0.76%(-0.00)  -1.2 검 -0.3 -0.9  -0.08%(+0.40)  -1.8 검 +2.1 -0.9 
  ── ④ 트레일링 스톱 (같은 신호) ──
  트레일링 -3%                           98332 -0.43%(+0.59)  -1.0 검 -0.3 -0.5  -0.06%(+0.92)  -1.2 검 -0.0 -0.2  +0.38%(+1.14)  -1.6 검 +0.5 +0.2  +0.71%(+1.19)  -1.8 검 +0.8 +0.4 
  트레일링 -5%                           98332 -0.66%(+0.35)  -1.0 검 -0.5 -0.7  -0.38%(+0.60)  -1.1 검 -0.3 -0.5  +0.02%(+0.78)  -1.6 검 +0.3 -0.1  +0.48%(+0.97)  -2.4 검 +0.8 +0.2 
  트레일링 -8%                           98332 -0.80%(+0.21)  -1.0 검 -0.6 -0.8  -0.61%(+0.37)  -1.0 검 -0.4 -0.7  -0.31%(+0.45)  -1.4 검 +0.0 -0.5  +0.14%(+0.63)  -2.3 검 +0.6 -0.2 
  ── ⑤ 손익비 2:1 이상 (저항선까지 여유 ÷ 손절폭) ──
  손절 -5% · R:R≥2                     58447 -0.86%(+0.18)  -1.1 검 -0.6 -0.9  -0.73%(+0.29)  -1.6 검 -0.6 -0.9  -0.68%(+0.09)  -4.4 검 -0.4 -0.9  +0.49%(+0.89)  -5.3 검 +3.0 -0.6 
  손절 -5% · R:R≥3                     35267 -0.82%(+0.26)  -1.2 검 -0.6 -0.9  -0.63%(+0.45)  -1.9 검 -0.6 -0.9  -0.56%(+0.25)  -5.3 검 -0.4 -1.0  -0.45%(-0.09)  -5.5 검 -0.3 -1.1 
  손절 -8% · R:R≥2                     31896 -0.87%(+0.22)  -1.0 검 -0.5 -0.8  -0.67%(+0.42)  -1.2 검 -0.5 -0.9  -0.67%(+0.17)  -2.1 검 -0.4 -1.0  -0.65%(-0.28)  -8.3 검 -0.5 -1.5 
  손절 -8% · R:R≥3                     14545 -0.86%(+0.37)  -1.1 검 -0.6 -1.0  -0.82%(+0.44)  -1.4 검 -0.5 -1.0  -1.07%(-0.11)  -3.1 검 -0.6 -1.4  -1.02%(-1.02)  -8.3 검 -0.9 -2.2 

================================================================================================================================================================
[코스닥] 숫자 = 전체평균(초과)중앙 · 검증평균/CI하한
================================================================================================================================================================
                                        신호                          n3                          n5                         n10                         n20
  ── ① 지지선 바운스 (저점 +3% 이내에서 양봉) ──
  창 10일                             163406 -1.03%(-0.07)  -1.2 검 -0.9 -1.2  -0.91%(-0.07)  -1.4 검 -0.9 -1.3  -0.40%(+0.17)  -1.7 검 -0.7 -1.6  +0.56%(+0.54)  -2.2 검 +1.0 -1.5 
  창 20일                             109738 -1.08%(-0.08)  -1.1 검 -0.9 -1.2  -0.94%(-0.08)  -1.3 검 -0.8 -1.3  -0.25%(+0.32)  -1.6 검 -0.6 -1.5  +0.57%(+0.44)  -2.2 검 +0.9 -1.7 
  창 60일                              51704 -1.18%(-0.14)  -1.1 검 -0.9 -1.3  -0.88%(+0.06)  -1.3 검 -0.8 -1.4  -0.49%(+0.06)  -1.4 검 -0.5 -1.7  +0.32%(-0.01)  -1.5 검 -0.5 -2.5 
  ── ② 저항선 돌파 (고점 종가 돌파) ──
  창 10일                             133381 -1.14%(-0.38)  -1.8 검 -1.2 -1.5  -1.24%(-0.58)  -2.2 검 -1.3 -1.8  -0.97%(-0.71)  -2.4 검 -1.2 -1.9  -0.35%(-0.74)  -3.4 검 -1.1 -2.3 
  창 20일                              87873 -1.19%(-0.39)  -1.9 검 -1.3 -1.6  -1.31%(-0.62)  -2.4 검 -1.4 -2.0  -1.01%(-0.67)  -2.8 검 -1.4 -2.2  -0.86%(-1.01)  -4.2 검 -1.5 -2.7 
  창 60일                              45691 -1.14%(-0.31)  -1.9 검 -1.1 -1.4  -1.36%(-0.61)  -2.6 검 -1.3 -1.8  -1.08%(-0.65)  -3.3 검 -1.2 -2.1  -0.67%(-0.72)  -4.9 검 -0.9 -2.3 
  ── ③ 손절 효과 (창 20일 바운스에 적용) ──
  손절 없음                             109738 -1.08%(-0.08)  -1.1 검 -0.9 -1.2  -0.94%(-0.08)  -1.3 검 -0.8 -1.3  -0.25%(+0.32)  -1.6 검 -0.6 -1.5  +0.57%(+0.44)  -2.2 검 +0.9 -1.7 
  손절 -5%                            109738 -0.99%(+0.00)  -1.5 검 -1.0 -1.2  -0.86%(+0.00)  -2.2 검 -1.0 -1.3  -0.73%(-0.15)  -5.3 검 -0.9 -1.4  -0.23%(-0.36)  -5.7 검 +0.7 -1.3 
  손절 -8%                            109738 -1.05%(-0.05)  -1.2 검 -0.9 -1.3  -0.93%(-0.06)  -1.5 검 -1.0 -1.4  -0.88%(-0.30)  -2.8 검 -0.9 -1.6  -0.41%(-0.54)  -8.3 검 +0.6 -1.5 
  손절 -10%                           109738 -1.05%(-0.05)  -1.2 검 -0.9 -1.2  -0.93%(-0.07)  -1.4 검 -1.0 -1.4  -0.89%(-0.32)  -2.2 검 -0.8 -1.6  -0.46%(-0.59)  -4.9 검 +0.6 -1.6 
  손절 -15%                           109738 -1.06%(-0.06)  -1.1 검 -0.9 -1.2  -0.93%(-0.07)  -1.3 검 -0.9 -1.3  -0.87%(-0.29)  -1.8 검 -0.8 -1.7  -0.47%(-0.60)  -2.9 검 +0.6 -1.9 
  ── ④ 트레일링 스톱 (같은 신호) ──
  트레일링 -3%                          109738 -0.30%(+0.69)  -1.3 검 -0.3 -0.5  +0.16%(+1.03)  -1.6 검 +0.0 -0.3  +0.73%(+1.31)  -1.9 검 +0.5 +0.1  +0.88%(+0.75)  -2.1 검 +0.7 +0.3 
  트레일링 -5%                          109738 -0.64%(+0.36)  -1.2 검 -0.6 -0.8  -0.25%(+0.62)  -1.5 검 -0.3 -0.7  +0.32%(+0.89)  -2.3 검 +0.2 -0.3  +0.64%(+0.51)  -2.9 검 +0.6 -0.1 
  트레일링 -8%                          109738 -0.87%(+0.13)  -1.2 검 -0.8 -1.0  -0.57%(+0.29)  -1.4 검 -0.7 -1.0  -0.14%(+0.44)  -2.1 검 -0.2 -0.8  +0.26%(+0.13)  -3.5 검 +0.2 -0.7 
  ── ⑤ 손익비 2:1 이상 (저항선까지 여유 ÷ 손절폭) ──
  손절 -5% · R:R≥2                     88935 -0.96%(+0.05)  -1.5 검 -0.9 -1.2  -0.78%(+0.08)  -2.4 검 -0.9 -1.3  -0.74%(-0.19)  -5.3 검 -0.8 -1.4  -0.11%(-0.30)  -5.7 검 +1.0 -1.2 
  손절 -5% · R:R≥3                     65276 -0.89%(+0.12)  -1.5 검 -0.9 -1.3  -0.69%(+0.17)  -2.7 검 -1.0 -1.4  -0.64%(-0.11)  -5.5 검 -0.8 -1.5  -0.70%(-0.91)  -5.7 검 -0.9 -1.7 
  손절 -8% · R:R≥2                     60613 -0.95%(+0.06)  -1.2 검 -0.9 -1.3  -0.74%(+0.13)  -1.6 검 -1.0 -1.5  -0.77%(-0.24)  -3.3 검 -0.8 -1.8  -0.88%(-1.11)  -8.3 검 -1.1 -2.3 
  손절 -8% · R:R≥3                     32274 -0.88%(+0.14)  -1.2 검 -0.8 -1.4  -0.52%(+0.35)  -1.7 검 -0.9 -1.5  -0.50%(-0.02)  -4.1 검 -0.7 -1.9  -0.37%(-0.92)  -8.3 검 -1.0 -2.5 

