============================================================================================================================================
[코스피]  숫자 = 전체평균(유니버스 대비 초과) · 검증2023~26 평균·CI하한
============================================================================================================================================
  조건 단계                               신호                  n1(1~2주)                  n3(1~2주)                  n5(1~2주)                 n10(1~2주)
  ① 50EMA 위                       711817 -0.81%(+0.11) 검증 -0.8% -0.9  -0.79%(+0.03) 검증 -0.8% -0.9  -0.51%(+0.20) 검증 -0.1% -0.9  -0.38%(+0.10) 검증 +0.2% -0.9 
  ② + 3연속 음봉                       59510 -0.82%(+0.11) 검증 -0.8% -0.9  -0.76%(+0.07) 검증 -0.8% -1.1  -0.58%(+0.16) 검증 -0.8% -1.3  -0.34%(+0.13) 검증 -0.5% -1.3 
  ③ + 피보 50%↓ (창 20일)              29528 -0.79%(+0.15) 검증 -0.8% -1.0  -0.66%(+0.16) 검증 -0.7% -1.0  -0.34%(+0.39) 검증 -0.7% -1.2  -0.47%(-0.02) 검증 -0.3% -1.1 
  ④ + 확인 양봉 (창 20일)                14295 -0.91%(+0.02) 검증 -0.9% -1.1  -0.85%(-0.05) 검증 -0.9% -1.3  -0.42%(+0.27) 검증 -0.8% -1.3  -0.61%(-0.14) 검증 -0.6% -1.4 
  ③ + 피보 50%↓ (창 40일)              18207 -0.83%(+0.11) 검증 -0.8% -1.0  -0.67%(+0.15) 검증 -0.8% -1.1  -0.23%(+0.48) 검증 -0.8% -1.3  -0.04%(+0.35) 검증 -0.5% -1.4 
  ④ + 확인 양봉 (창 40일)                 9272 -0.95%(-0.02) 검증 -1.0% -1.2  -0.89%(-0.10) 검증 -1.1% -1.5  -0.30%(+0.35) 검증 -1.1% -1.6  -0.07%(+0.30) 검증 -0.8% -1.8 
  ③ + 피보 50%↓ (창 60일)              14529 -0.84%(+0.10) 검증 -0.9% -1.0  -0.69%(+0.13) 검증 -0.8% -1.1  -0.11%(+0.60) 검증 -0.7% -1.2  +0.07%(+0.51) 검증 -0.6% -1.6 
  ④ + 확인 양봉 (창 60일)                 7820 -0.92%(-0.01) 검증 -1.0% -1.2  -0.80%(-0.02) 검증 -1.0% -1.4  -0.15%(+0.52) 검증 -0.9% -1.4  +0.10%(+0.52) 검증 -0.8% -1.8 
  ── 참고: 각 조건 단독 ──
  50EMA 위만                        711817 -0.81%(+0.11) 검증 -0.8% -0.9  -0.79%(+0.03) 검증 -0.8% -0.9  -0.51%(+0.20) 검증 -0.1% -0.9  -0.38%(+0.10) 검증 +0.2% -0.9 
  3연속 음봉만                         194832 -0.77%(+0.15) 검증 -0.8% -0.9  -0.74%(+0.10) 검증 -0.7% -1.0  -0.66%(+0.13) 검증 -0.6% -1.1  -0.41%(+0.06) 검증 -0.2% -0.9 
  피보 50%↓만 (창 40)                 899381 -0.79%(+0.13) 검증 -0.8% -0.9  -0.72%(+0.10) 검증 -0.7% -0.9  -0.51%(+0.22) 검증 -0.1% -0.9  -0.27%(+0.21) 검증 +0.1% -0.9 
  양봉만                             676227 -0.85%(+0.08) 검증 -0.8% -0.9  -0.79%(+0.02) 검증 -0.7% -0.9  -0.72%(+0.01) 검증 -0.7% -0.9  -0.36%(+0.11) 검증 +0.2% -0.8 

============================================================================================================================================
[코스닥]  숫자 = 전체평균(유니버스 대비 초과) · 검증2023~26 평균·CI하한
============================================================================================================================================
  조건 단계                               신호                  n1(1~2주)                  n3(1~2주)                  n5(1~2주)                 n10(1~2주)
  ① 50EMA 위                      1094626 -0.92%(+0.06) 검증 -1.0% -1.0  -0.89%(-0.04) 검증 -1.0% -1.2  -0.73%(-0.00) 검증 -0.6% -1.2  -0.58%(-0.15) 검증 -0.5% -1.4 
  ② + 3연속 음봉                       97399 -0.90%(+0.10) 검증 -0.9% -1.1  -0.86%(+0.04) 검증 -1.0% -1.3  -0.73%(+0.03) 검증 -1.0% -1.5  -0.60%(-0.16) 검증 -1.0% -1.8 
  ③ + 피보 50%↓ (창 20일)              51152 -0.84%(+0.17) 검증 -0.9% -1.0  -0.78%(+0.14) 검증 -0.9% -1.3  -0.53%(+0.23) 검증 -0.9% -1.5  -0.31%(+0.15) 검증 -0.9% -1.8 
  ④ + 확인 양봉 (창 20일)                25130 -1.02%(-0.01) 검증 -1.1% -1.2  -0.90%(-0.07) 검증 -1.0% -1.4  -0.60%(+0.06) 검증 -1.0% -1.6  -0.42%(+0.03) 검증 -1.1% -2.1 
  ③ + 피보 50%↓ (창 40일)              33331 -0.86%(+0.14) 검증 -0.9% -1.1  -0.80%(+0.08) 검증 -1.0% -1.4  -0.61%(+0.09) 검증 -1.1% -1.7  -0.49%(-0.10) 검증 -1.3% -2.3 
  ④ + 확인 양봉 (창 40일)                17074 -1.06%(-0.06) 검증 -1.1% -1.3  -0.91%(-0.13) 검증 -1.2% -1.5  -0.71%(-0.09) 검증 -1.2% -1.8  -0.62%(-0.23) 검증 -1.4% -2.4 
  ③ + 피보 50%↓ (창 60일)              27526 -0.89%(+0.11) 검증 -1.0% -1.1  -0.87%(+0.01) 검증 -1.1% -1.5  -0.81%(-0.06) 검증 -1.1% -1.7  -0.91%(-0.38) 검증 -1.6% -2.6 
  ④ + 확인 양봉 (창 60일)                14847 -1.07%(-0.08) 검증 -1.2% -1.3  -0.99%(-0.18) 검증 -1.3% -1.6  -0.99%(-0.28) 검증 -1.3% -1.8  -1.12%(-0.56) 검증 -1.7% -2.7 
  ── 참고: 각 조건 단독 ──
  50EMA 위만                       1094626 -0.92%(+0.06) 검증 -1.0% -1.0  -0.89%(-0.04) 검증 -1.0% -1.2  -0.73%(-0.00) 검증 -0.6% -1.2  -0.58%(-0.15) 검증 -0.5% -1.4 
  3연속 음봉만                         321736 -0.81%(+0.13) 검증 -0.9% -1.0  -0.76%(+0.08) 검증 -0.8% -1.1  -0.64%(+0.06) 검증 -0.8% -1.5  -0.12%(+0.14) 검증 -0.5% -1.5 
  피보 50%↓만 (창 40)                1466939 -0.87%(+0.08) 검증 -0.9% -1.0  -0.63%(+0.17) 검증 -0.9% -1.2  -0.55%(+0.10) 검증 -0.6% -1.2  -0.15%(+0.15) 검증 -0.6% -1.6 
  양봉만                            1047764 -0.96%(+0.01) 검증 -1.0% -1.1  -0.85%(-0.04) 검증 -1.0% -1.2  -0.81%(-0.15) 검증 -1.0% -1.5  -0.49%(-0.18) 검증 -0.6% -1.6 

