패널 최종일 20260901

========================================================================================================
[폭락반등]  옛(-20%) 325건 → 새 문턱 249건 · 걸러냄 89건
========================================================================================================
  남긴 신호     기준2016~    203건 평균  +25.4% 중앙  +20.1% 승률  90% 최악  -53.8%
  남긴 신호     검증2023~     25건 평균  +21.7% 중앙  +19.6% 승률  80% 최악  -23.6%
  남긴 신호     2026년       20건 평균  +23.3% 중앙  +24.4% 승률  80% 최악  -23.6%

  걸러낸 신호    기준2016~     74건 평균   +8.5% 중앙   +8.3% 승률  81% 최악  -54.4%
  걸러낸 신호    검증2023~     12건 평균   +9.8% 중앙   +4.7% 승률  92% 최악   -0.1%
  걸러낸 신호    2026년        3건 평균  +18.7% 중앙  +16.0% 승률 100% 최악   +2.3%

  최근 1년 월별 (옛→새 건수, 걸러진 것 평균)
    2026-07  옛  23건 → 새  20건 · 걸러냄   3건 (평균 +18.7%, 최악 +2.3%)

  이번 국면(2026-07~)에 걸러진 종목 3건
    20260709  영풍           000670  20일낙폭  -23.1%  결과   +2.3%
    20260730  포스코퓨처엠       003670  20일낙폭  -23.5%  결과  +38.0%
    20260731  비에이치         090460  20일낙폭  -21.3%  결과  +16.0%

========================================================================================================
[낙폭과대]  옛(-20%) 285건 → 새 문턱 168건 · 걸러냄 134건
========================================================================================================
  남긴 신호     기준2016~    158건 평균  +36.4% 중앙  +31.9% 승률  96% 최악  -23.5%
  남긴 신호     검증2023~     23건 평균  +36.7% 중앙  +33.7% 승률  96% 최악  -23.5%
  남긴 신호     2026년       16건 평균  +49.3% 중앙  +44.6% 승률 100% 최악  +12.4%

  걸러낸 신호    기준2016~    118건 평균  +16.5% 중앙  +13.3% 승률  81% 최악  -13.5%
  걸러낸 신호    검증2023~     27건 평균  +19.5% 중앙  +18.7% 승률  85% 최악  -10.0%
  걸러낸 신호    2026년       19건 평균  +26.2% 중앙  +26.0% 승률 100% 최악   +2.3%

  최근 1년 월별 (옛→새 건수, 걸러진 것 평균)
    2026-07  옛  31건 → 새  16건 · 걸러냄  16건 (평균 +26.8%, 최악 +2.3%)
    2026-08  옛   3건 → 새   0건 · 걸러냄   3건 (평균 +22.7%, 최악 +5.3%)

  이번 국면(2026-07~)에 걸러진 종목 19건
    20260713  HLB파나진       046210  20일낙폭  -27.9%  결과   +7.9%
    20260714  모트렉스         118990  20일낙폭  -27.7%  결과   +2.3%
    20260715  하이텍팜         106190  20일낙폭  -22.4%  결과   +2.9%
    20260722  하이젠알앤엠       160190  20일낙폭  -25.4%  결과  +19.2%
    20260729  파이버프로        368770  20일낙폭  -25.5%  결과  +36.8%
    20260729  석경에이티        357550  20일낙폭  -21.7%  결과  +17.3%
    20260729  큐리옥스바이오시스템즈  445680  20일낙폭  -29.1%  결과  +58.5%
    20260729  이녹스첨단소재      272290  20일낙폭  -29.7%  결과  +25.6%
    20260729  에스피시스템스      317830  20일낙폭  -28.3%  결과  +33.2%
    20260729  슈어소프트테크      298830  20일낙폭  -24.8%  결과  +40.4%
    20260729  에스티큐브        052020  20일낙폭  -24.9%  결과  +26.0%
    20260729  큐에스아이        066310  20일낙폭  -26.5%  결과  +40.5%
    20260729  큐리언트         115180  20일낙폭  -29.9%  결과  +45.3%
    20260729  케어젠          214370  20일낙폭  -27.3%  결과   +7.0%
    20260729  모베이스전자       012860  20일낙폭  -23.0%  결과  +22.8%

