========================================================================================================
[코스피] 5분위별 유니버스 대비 초과 (2016~) — 단조로우면 정보가 있다
========================================================================================================
  재료                              Q1 낮음        Q2        Q3        Q4      Q5 높음    Q5-Q1  판정
  PER(주가수익비율)                표본 부족
  BPS(주당순자산)                     +0.28%     -0.06%     -0.35%     -0.12%     +0.13%   -0.16  차이 없음
  종가 위치(고저 중)                    -0.04%     -0.06%     -0.04%     +0.19%     -0.24%   -0.20  차이 없음
  당일 고저폭%                        -0.04%     -0.07%     +0.09%     +0.19%     -0.36%   -0.31  차이 없음
  시초가 갭%                         +0.44%     -0.05%     +0.23%     -0.10%     -0.49%   -0.93  낮을수록 좋다
  시가총액(조)                        +0.42%     -0.48%     -0.38%     -0.15%     +0.32%   -0.10  차이 없음
  당일 공매도 비중%                     -0.33%     +1.02%     -0.44%     -0.72%     -0.66%   -0.33  차이 없음
  외국인 20일 순매수액(억)                -0.11%     -0.35%     +0.36%     -0.18%     +0.07%   +0.17  차이 없음
  기관 20일 순매수액(억)                 +0.13%     -0.16%     +0.23%     -0.46%     -0.04%   -0.17  차이 없음

========================================================================================================
[코스닥] 5분위별 유니버스 대비 초과 (2016~) — 단조로우면 정보가 있다
========================================================================================================
  재료                              Q1 낮음        Q2        Q3        Q4      Q5 높음    Q5-Q1  판정
  PER(주가수익비율)                표본 부족
  BPS(주당순자산)                     +0.98%     +0.08%     -0.69%     -0.49%     -0.17%   -1.15  낮을수록 좋다
  종가 위치(고저 중)                    +0.15%     -0.15%     -0.25%     +0.11%     -0.35%   -0.50  낮을수록 좋다
  당일 고저폭%                        -0.36%     -0.16%     -0.05%     +0.24%     -0.16%   +0.19  차이 없음
  시초가 갭%                         +0.49%     -0.09%     -0.10%     -0.16%     -0.64%   -1.13  낮을수록 좋다
  시가총액(조)                        +0.09%     +0.06%     +1.46%     -0.68%     -1.37%   -1.46  낮을수록 좋다
  당일 공매도 비중%                 표본 부족
  외국인 20일 순매수액(억)                -0.58%     +0.04%     +0.19%     +0.48%     -0.61%   -0.04  차이 없음
  기관 20일 순매수액(억)                 -0.41%     +0.02%     +0.25%     -0.12%     -0.68%   -0.27  차이 없음

