05:15:54 조각 51개 읽는 중
05:16:06   5,987종목 · 17,046,484행 · 20050103~20260908
05:16:08   수정주가 계열(px·p_open·p_high·p_low) 생성
05:16:08 가격 파생 계산
05:16:46   비용 모델: 거래대금 구간별 0.10~0.60% (한국 대비 거래세 없음)
05:16:51   선도수익 n1~n60 계산
05:17:25   업종 139개 · 업종 60일 수익률(u) 병합
05:17:35   재무 병합 · PBR 유효 49% · 부채비율 52%
05:18:08   공매도 병합 1,957,271행 · sr20 유효 4%
05:18:38 저장 panel_us.pkl · 17,046,475행 · 97컬럼 · 5,986종목

  ── 한국 규칙을 옮길 때 쓸 수 있는 재료 ──
    PBR       유효  49.5%
    PER       유효  54.2%
    부채비율      유효  52.4%
    marcap    유효  53.3%
    u         유효  99.4%
    sr20      유효   4.1%
    srd       유효 100.0%
    amt20     유효  99.3%
    dma20     유효  99.3%
    dev25     유효  99.2%
    fromhi    유효  98.0%
    mdd60     유효  98.7%
    su1       유효  98.4%
    r16       유효  90.5%
    rw1       유효  97.8%
    vol20     유효  99.3%
  ── 미국에 없어 NaN 인 재료 ──
    frgn·organ·fw*·ow*(수급) · dil(증자공시) · bb(자사주) · ins60(내부자) · cr_chg20(신용)
